Total Number of users: 1000

|*r1#|*ff000 |*r1: |*faFG|*r1
|*r1#|*ff001 |*r1: |*ffS|*r1C|*f8! |*f9:|*r1|*r1
|*r1#|*ff003 |*r1: |*f8Xmas |*r1Tree|*r1
|*r1#|*ff005 |*r1: |*f4|*h1M|*r0|*f4errell|*h1M|*r0|*f4an|*r1
|*r1#|*ff006 |*r1: |*h1|*f5JarV|*f2fi|*f4Sh|*r1
|*r1#|*ff009 |*r1: DemonAccess|*r1
|*r1#|*ff012 |*r1: |*f5Count |*f1Zero|*r1
|*r1#|*ff013 |*r1: |*f4Jerry|*r1
|*r1#|*ff014 |*r1: Ptex|*r1
|*r1#|*ff015 |*r1: |*ffS|*r1C|*f8! |*f9:|*r1|*r1
|*r1#|*ff016 |*r1: |*h1|*f5*W|*f2i|*f5NN|*f2i|*f5E*|*r1
|*r1#|*ff017 |*r1: /\/ighHwK  |*r1
|*r1#|*ff018 |*r1: |*f1Lad|*f8y Darke|*f6:|*r1
|*r1#|*ff020 |*r1: |*faNG Temp User Account|*r1
|*r1#|*ff021 |*r1: Matan|*r1
|*r1#|*ff023 |*r1: Lurch|*r1
|*r1#|*ff024 |*r1: P|*h1o|*h0m|*h1'|*h0l|*r1
|*r1#|*ff025 |*r1: Test User|*r1
|*r1#|*ff028 |*r1: |*f5Pearl Jam|*r1
|*r1#|*ff029 |*r1: Demonic Pimp|*r1
|*r1#|*ff030 |*r1: |*h7|+c3|+b4|*f0|+e4|+9e|*f7|+99|*r1
|*r1#|*ff032 |*r1: stash|*r1
|*r1#|*ff033 |*r1: |*faG|*th|*f2i|*f8la Monster|*r1
|*r1#|*ff034 |*r1: |*h7|*f3S|*f8laye|*f3r|*r1
|*r1#|*ff035 |*r1: Turin|*r1
|*r1#|*ff036 |*r1: Foxy (Canada)|*r1
|*r1#|*ff037 |*r1: Socks!|*r1
|*r1#|*ff039 |*r1: |*f8s|*r1|*f2o|*h7|*f2u|*f7th side brot|*f2h|*r1|*f2e|*f8r|*r1
|*r1#|*ff042 |*r1: DoCtoR42|*r1
|*r1#|*ff043 |*r1: |*f8mar|*h0|*f5y_j|*fdane|*r1
|*r1#|*ff044 |*r1: |*fdKi|*fcki|*r1
|*r1#|*ff045 |*r1: |*f0?|*r1
|*r1#|*ff046 |*r1: |*fcCA|*faSE|*r1
|*r1#|*ff047 |*r1: Heathen|*r1
|*r1#|*ff049 |*r1: |*f2|+da|+d9 The Kernal |+da|+d9|*r1
|*r1#|*ff050 |*r1: |*h1|*f5Emily|*r1
|*r1#|*ff052 |*r1: Death's Head III|*r1
|*r1#|*ff053 |*r1: brian|*r1
|*r1#|*ff054 |*r1: |*fd|+03|*ffKarate Chik!|*fd|+03|*r1
|*r1#|*ff055 |*r1: |*h1|*f0Suicidal |*f4Maniac|*r1
|*r1#|*ff056 |*r1: |*f2M|*ffr|*r1. Furl|*ffe|*r1|*F2Y|*r1
|*r1#|*ff062 |*r1: |*f1$|+e0|*f8|+d8|*lo|*f1|+e0|+a5|*r1
|*r1#|*ff063 |*r1: |*r1
|*r1#|*ff065 |*r1: |*f6T|*f1ha|*f6na|*f1to|*f6S|*r1
|*r1#|*ff066 |*r1: |*F2Celtic |*FFFro|*F6s|*F4t|*r1
|*r1#|*ff069 |*r1: |*H1Asc|*H0ii Rider|*r1
|*r1#|*ff070 |*r1: Fathom|*r1
|*r1#|*ff071 |*r1: |*f0|*hiLady |*f7Cat|*h0|*f1Ninja|*r1
|*r1#|*ff072 |*r1: goAtkiNg|*r1
|*r1#|*ff073 |*r1: |*h1|*f1> |*f3K|*f5|+F9|*f39 |*f1<|*r1
|*r1#|*ff074 |*r1: Sacarius|*r1
|*r1#|*ff075 |*r1: |*ffCNA|*FB+ |*f8Tr|*h0|*f4ai|*fcn W|*h0|*f4re|*f8cK |*h0|*f1/m75|*r1
|*r1#|*ff076 |*r1: |*h1|*f7Black|*f4Jack|*r1
|*r1#|*ff077 |*r1: PeT|*r1
|*r1#|*ff078 |*r1: Edgester|*r1
|*r1#|*ff079 |*r1: -Schmee-|*r1
|*r1#|*ff080 |*r1: |*h1|*f7p|*h1|*f4sliq|*r1
|*r1#|*ff081 |*r1: |*faThe |*ffWhite |*faZombie|*r1
|*r1#|*ff082 |*r1: Loki|*r1
|*r1#|*ff083 |*r1: Optical Illusion|*r1
|*r1#|*ff085 |*r1: |*h1|*f3R|*f7ole|*f3x|*f4 |*f1CCCP|*r1
|*r1#|*ff090 |*r1: |*fc(p)|*r1
|*r1#|*ff092 |*r1: Toby|*r1
|*r1#|*ff093 |*r1: Blue Jays|*r1
|*r1#|*ff094 |*r1: |*f8S|*h0|*f5hade|*f8S|*r1
|*r1#|*ff095 |*r1: |*h0|*f2L|*f4I|*f5N|*f8U|*h0|*f1S|*r1
|*r1#|*ff096 |*r1: |*hi      |*f4/|*f6m|*f396      |*r1
|*r1#|*ff098 |*r1: |*h1|*f3SMiLeS:)|*r1
|*r1#|*ff100 |*r1: rob|*r1
|*r1#|*ff101 |*r1: |*ffC|*r1|*f1aMaR|*ffo|*r1
|*r1#|*ff103 |*r1: VIPER IS THE BEST!!!!|*r1
|*r1#|*ff104 |*r1: |*h1|*f4M|*f0acPhist|*f4o|*r1
|*r1#|*ff105 |*r1: |*r1
|*r1#|*ff106 |*r1: |*h1|*f4//\/\\R.|*f0SINISTER|*r1
|*r1#|*ff107 |*r1: |*f8Platinum |*fcEgo|*r1
|*r1#|*ff108 |*r1: |*f4JohnnY |*h1|*f7MnemoniC|*r1
|*r1#|*ff110 |*r1: [New User]|*r1
|*r1#|*ff112 |*r1: |*f2Lone|*f6Star|*r1
|*r1#|*ff113 |*r1: |*h1|*f3S|*f4ToRM_HaW|*f3K|*f6:|*r1
|*r1#|*ff115 |*r1: PeaceFrog|*r1
|*r1#|*ff118 |*r1: |*h1|*f4Ch|*f0ak|*r1
|*r1#|*ff119 |*r1: sofia|*r1
|*r1#|*ff120 |*r1: |*fdDad|*ffz|*feilla|*r1
|*r1#|*ff122 |*r1: |*f4T|*h1u|*f6|*h0r|*h1i|*h0|*f7n|*r1
|*r1#|*ff123 |*r1: |*feWint|*fcerm|*h0|*f4ute|*r1
|*r1#|*ff124 |*r1: |*f1Wic|*h1ket|*f3~m124|*r1
|*r1#|*ff125 |*r1: |*f4Melan|*hi|*f0choly|*r1
|*r1#|*ff128 |*r1: doomsey|*r1
|*r1#|*ff129 |*r1: ( |*f7Jim |*r1
|*r1#|*ff130 |*r1: |*ffTinY |*f8Ti|*fbGe|*f8R |+02|*r1
|*r1#|*ff135 |*r1: |*f1allaina|*r1
|*r1#|*ff138 |*r1: this~fate|*r1
|*r1#|*ff140 |*r1: |*FDIm|*H0|*F5aji|*F8ca|*F6:|*r1
|*r1#|*ff141 |*r1: |*f2Serpent |*f9Mage|*r1
|*r1#|*ff142 |*r1: jjt|*r1
|*r1#|*ff149 |*r1: |*f8T|*h0C|*ffLaW|*h0!|*r1
|*r1#|*ff150 |*r1: |*h0|*f6genie|*r1
|*r1#|*ff151 |*r1: |*r1
|*r1#|*ff153 |*r1: |*f5Common A|*f2s Muck.|*r1
|*r1#|*ff158 |*r1: |*F1The |*H1|*F0Dark |*F4Jedi|*r1
|*r1#|*ff165 |*r1: ARCHANGEL|*r1
|*r1#|*ff166 |*r1: |*f4Si|*f7r|*f8en|*r1
|*r1#|*ff169 |*r1: |*f1|*h G|*f7-|*f1String |*f6Man|*r1
|*r1#|*ff171 |*r1: (|*h1|*f1J|*f2a|*f4D|*f3e|*f6:|*r1
|*r1#|*ff177 |*r1: |*h0|*f3Cow|*hiduck|*r1
|*r1#|*ff178 |*r1: dr|*f8.|*lona|*f8s|*lot|*r1
|*r1#|*ff187 |*r1: |*fcClavo|*r1
|*r1#|*ff188 |*r1: |*r1
|*r1#|*ff190 |*r1: |*f1|+e1loody|*f8Kiss|+e4s|*r1
|*r1#|*ff193 |*r1: |*F8wh|*h0|*f4o|*h1|*f6o|*f8ps|*r1
|*r1#|*ff196 |*r1: Stry|*r1
|*r1#|*ff197 |*r1: |*h1|*f0Lo|*h0|*f6T|*h1|*f0uS|*r1
|*r1#|*ff200 |*r1: |*f7> |*h1|*f7W|*f6i|*h0|*f6dg|*h1|*f6e|*f7t |*h0|*f7<|*r1
|*r1#|*ff202 |*r1: Rasputin|*r1
|*r1#|*ff203 |*r1: |*h0|*f7|+D7|*h1|*f7itman|*r1
|*r1#|*ff204 |*r1: |*h1mars|*r1
|*r1#|*ff205 |*r1: white|*r1
|*r1#|*ff206 |*r1: |*h1|*f4flann|*r1
|*r1#|*ff211 |*r1: |*h1Psycho|*r1
|*r1#|*ff212 |*r1: |*r1
|*r1#|*ff213 |*r1: |*h0|*f1Vampress|*r1
|*r1#|*ff215 |*r1: |*f1HunteR|*r1
|*r1#|*ff219 |*r1: |*f5G|*f8ua|*f4rd|*f8ia|*lo|*f5N|*r1
|*r1#|*ff220 |*r1: |*f8|+AE |*h0|*f4-=|*ffag|*h0|+e4|*f8nt|*fe!|*h0|*f4=-|*f8 |+AF|*h0) [|*ff/m220|*r1
|*r1#|*ff221 |*r1: |*h4|*f4|*f4Air |*f3Y|*f4ooner|*r1
|*r1#|*ff222 |*r1: |*f8SH|*h0a|*f2GG|*hiY|*r1
|*r1#|*ff223 |*r1: |*h1|*f4Jello|*fdHed|*r1
|*r1#|*ff224 |*r1: Mr.Pink|*r1
|*r1#|*ff225 |*r1: |*h1|*f6C|*h0|*f6yber|*h1|*f6S|*h0|*f6hark|*r1
|*r1#|*ff226 |*r1: Jodi|*r1
|*r1#|*ff227 |*r1: |*hi|*f1iNTe|*f2ReS|*f3TeD|*f4 DeV|*f5eLo|*f6PMe|*f7NT/m227|*r1
|*r1#|*ff228 |*r1: |*f2T|*h1|*f7asshole|*f4hoff|*f6:|*r1
|*r1#|*ff231 |*r1: Cthulhu|*r1
|*r1#|*ff235 |*r1: |*fbNaKeD |*f9RaYGuN |*ff{/m235}|*r1
|*r1#|*ff242 |*r1: |*h0|*f1RaN|*h1|*f1CiD|*r1
|*r1#|*ff245 |*r1: |*f8S|*F2o|*f4Y|*F1L|*r1
|*r1#|*ff246 |*r1: zor|*r1
|*r1#|*ff251 |*r1: |*h0|*f1Dal|*f8amar|*f6:|*h0|*r1
|*r1#|*ff255 |*r1: |*f1Ja|*fbke|*h0|*f2y!|*r1
|*r1#|*ff256 |*r1: Agent|*r1
|*r1#|*ff257 |*r1: Moved to #013|*r1
|*r1#|*ff258 |*r1: |*h1|*f3Hyena|*r1
|*r1#|*ff261 |*r1: |*f1The |*f2Sniper|*r1
|*r1#|*ff262 |*r1: Hairy Armpits|*r1
|*r1#|*ff263 |*r1: |*fbS|*f8corpion|*r1
|*r1#|*ff281 |*r1: |*f2Veggie|*r1
|*r1#|*ff291 |*r1: |*h3|*f6Modem Master|*r1
|*r1#|*ff292 |*r1: |*f1Life After Death|*r1
|*r1#|*ff299 |*r1: |*f3--|*f4==|*f5Squid|*f4==|*f3--|*r1
|*r1#|*ff300 |*r1: |*fd$t|*f4a|*f3t|*f2m|*f1an|*r1
|*r1#|*ff301 |*r1: |*feLiq|*fcuid |*h0|*f6Chic|*f4ken|*r1
|*r1#|*ff310 |*r1: |*f8Bridget|*r1
|*r1#|*ff311 |*r1: |*f8N|*h0o|*f8ra|*r1
|*r1#|*ff321 |*r1: |*ffMr 1970'|*f8s Porno M|*ffusic|*r1
|*r1#|*ff330 |*r1: |*h1|*f7LuV|*f0Child|*r1
|*r1#|*ff332 |*r1: |*h1|*f5Shuttle|*f7cock|*r1
|*r1#|*ff333 |*r1: |*f4Parents-R-Paranoid|*r1
|*r1#|*ff335 |*r1: |*f8|+ec |*f9-|*r1|*f1\/\/|*f9-|*f8 |+ec|*r1] (|*f8|+f8m335|*r1
|*r1#|*ff336 |*r1: |*h0|*f1Randall Flagg|*r1
|*r1#|*ff351 |*r1: |*h0|*f4L|*h0|*f3O|*h0|*f1V|*h0|*f2E |*fdGUM|*r1
|*r1#|*ff352 |*r1: |*f8!|*fa|+a1|+ef|*f8Sa|*fa|+ef|+90|*f8!|*r1
|*r1#|*ff353 |*r1: |*h0|*f4K|*f8o|*h0|*f4Rn|*ff!!|*f8m353|*r1
|*r1#|*ff355 |*r1: |*f4Tugboat|*r1
|*r1#|*ff356 |*r1: |*ffDebonair|*r1
|*r1#|*ff369 |*r1: Canis puppy|*r1
|*r1#|*ff377 |*r1: |*f4marie|*r1
|*r1#|*ff378 |*r1: Apathy|*r1
|*r1#|*ff389 |*r1: |*li|*f4Di|*f8zz|*li|*f4y|*r1
|*r1#|*ff392 |*r1: O\/\/En|*r1
|*r1#|*ff400 |*r1: BaBy SMuRf!|*r1
|*r1#|*ff401 |*r1: |*f8|+92|*ffshd|+e0|*f8H|*r1
|*r1#|*ff404 |*r1: Zulu|*r1
|*r1#|*ff405 |*r1: |*hi|*f5P|*f2y|*f3r|*f4i|*f6t|*f1e|*r1
|*r1#|*ff408 |*r1: |*f4C|*f5a|*fdr|*ffeB|*fde|*h0|*f5a|*f4r|*r1
|*r1#|*ff409 |*r1: |*f8|+9d|*fd SPo|*faoKY|*fd KiD|*f8 |+9d|*h0> (m409/10|*r1
|*r1#|*ff411 |*r1: Jin|*r1
|*r1#|*ff415 |*r1: Speedo|*r1
|*r1#|*ff418 |*r1: |*r1
|*r1#|*ff420 |*r1: |*h1|*f3King .\\idas|*h1|*f2 /M420|*r1
|*r1#|*ff424 |*r1: |*f8Va|*f7D|*f8eR|*r1
|*r1#|*ff425 |*r1: |*f4Ron |*f2Ram|*f4ron|*r1
|*r1#|*ff426 |*r1: |*f8Sh|*h0|*f4i|*f8va|*r1
|*r1#|*ff427 |*r1: |*f8|+c4|+c4|*r1|+c4|+c4|*ff|+c4j|*r1ayaitc|*ffh|+c4|*r1|+c4|+c4|*f8|+c4|+c4|*r1
|*r1#|*ff430 |*r1: |*f4P|*FCHa|*f6NT|*ffaSMa|*f6Go|*fcRi|*lo|*f4a|*r1
|*r1#|*ff432 |*r1: |*f4sur|*h1|*f7fer ro|*h0|*f4sa|*r1
|*r1#|*ff443 |*r1: |*hi|*f4bo|*f5nn|*f6ie|*r1
|*r1#|*ff444 |*r1: |*h1|*f2SaL|*h1|*f5aMaNdeR|*r1
|*r1#|*ff448 |*r1: |*h1|*f5P|*f3u|*f2c|*f1k|*f6!|*r1
|*r1#|*ff450 |*r1: white trash|*r1
|*r1#|*ff454 |*r1: |*f4the |*f5cure|*r1
|*r1#|*ff456 |*r1: |*fbNeilathotep|*r1
|*r1#|*ff464 |*r1: |*H1|*F0Sonic Death|*r1
|*r1#|*ff466 |*r1: |*hi|*f4E|*f5uterpe|*r1
|*r1#|*ff468 |*r1: |*r1
|*r1#|*ff469 |*r1: } |*hi|*f1Com|*r1 |*hi(/m469)|*r1 {|*r1
|*r1#|*ff481 |*r1: gbot|*r1
|*r1#|*ff486 |*r1: |*r1
|*r1#|*ff495 |*r1: |*f1wolv|*r1
|*r1#|*ff500 |*r1: |*f5Demos|*r1
|*r1#|*ff501 |*r1: |*feP|*f8hobo|*feS |*ff-|*f9~|*r1
|*r1#|*ff504 |*r1: Scott|*r1
|*r1#|*ff505 |*r1: |*h1|*f1Yo|*r1|*f1han |*h1Bawk|*r1
|*r1#|*ff522 |*r1: DarkBlade/m522|*r1
|*r1#|*ff524 |*r1: |*faE|*f0vil |*faE|*f0ye|*r1
|*r1#|*ff525 |*r1: HeLLS oMeN|*r1
|*r1#|*ff528 |*r1: |*f8Ven|*faumy|*ff :|*h0|*f2>|*r1
|*r1#|*ff540 |*r1: \/anguard|*r1
|*r1#|*ff543 |*r1: |*H3Magic|*r1
|*r1#|*ff545 |*r1: |*b4|*h8King Trent|*f8|*r1
|*r1#|*ff550 |*r1: |*H1|*F4Youth |*f6Leader|*r1
|*r1#|*ff555 |*r1: Zut Alors!|*r1
|*r1#|*ff556 |*r1: |*f8M|*ffa|*fcD SeaS|*ffo|*f8N|*r1
|*r1#|*ff557 |*r1: |*f5SC|*ffaN|*fdDaL|*r1
|*r1#|*ff564 |*r1: Crazy Man|*r1
|*r1#|*ff569 |*r1: |*f1DRizzt do:urden|*r1
|*r1#|*ff575 |*r1: 3-D Jesus|*r1
|*r1#|*ff600 |*r1: |*h1|*f1Sui|*f4cide |*f7-|*f8~|*r1
|*r1#|*ff604 |*r1: |*h4|*f4Hard Target |*f2VaNcouVer|*r1
|*r1#|*ff611 |*r1: |*f8|+f9|*fdF|*fcile |*fdS|*fcponge|*f8|+f9|*f2 [|*f8/m|*f9611|*f2]|*r1
|*r1#|*ff643 |*r1: |*fCKarl|*r1
|*r1#|*ff654 |*r1: |*fe|+8c|+9b|+e4|*f4M|+e0|+a4|*r1
|*r1#|*ff663 |*r1: Cross-Link|*r1
|*r1#|*ff665 |*r1: |*h0|*f3Joseph|*h1|*f0i|*h0|*f3ne|*r1
|*r1#|*ff666 |*r1: |*f8S|*faa|*f8PPY|*r1
|*r1#|*ff669 |*r1: |*ffCaUGHt YA SnOOzIN|*r1
|*r1#|*ff673 |*r1: |*ff|*h2:) }{appy |*ff|*f4Farmer :)|*r1
|*r1#|*ff676 |*r1: Dr.David|*r1
|*r1#|*ff690 |*r1: |*h0|*f1C|*F8|+99|*h0|*f1BRA|*r1
|*r1#|*ff696 |*r1: |*f8<>===|*ffBoNeS|*f8===<>|*r1
|*r1#|*ff699 |*r1: |*h1|*f4|<|*f1ool|*f4|<|*f1at|*r1
|*r1#|*ff700 |*r1: |*f1sonic |*f7the |*f4hedgehog|*r1
|*r1#|*ff708 |*r1: Raymond Marble|*r1
|*r1#|*ff711 |*r1: marky|*r1
|*r1#|*ff719 |*r1: |*f8cygnus|*r1
|*r1#|*ff720 |*r1: |*f8Shade|*r1
|*r1#|*ff723 |*r1: |*f1B|*f8Long|*r1
|*r1#|*ff727 |*r1: |*fdP|*fbu|*fac|*f9k|*fe!|*r1
|*r1#|*ff735 |*r1: |*f5Maureen|*r1
|*r1#|*ff745 |*r1: |*h1|*f5chr|*f7i|*f5ss|*f7i|*f5e|*r1
|*r1#|*ff747 |*r1: LeFtY|*r1
|*r1#|*ff757 |*r1: New User|*r1
|*r1#|*ff765 |*r1: |*f6]|*fe<|*f8ing |*h0|*f6]|*fe<|*f8razy|*r1
|*r1#|*ff767 |*r1: |*hi|*f5AthenA|*r1
|*r1#|*ff769 |*r1: |*f2|*hiSpam |*f60|*f4'|*f3Treet|*r1
|*r1#|*ff772 |*r1: |*h1|*f7I|*h0ce|*h1MECH|*h0 /m772|*r1
|*r1#|*ff774 |*r1: Mr. Knowitall|*r1
|*r1#|*ff777 |*r1: |*||*f1Jab0l |*ffPunK|*r1
|*r1#|*ff789 |*r1: |*h6|+f8|*f6|+f9|*h4S|*f6|+E0|*h4|+C3<|*f4i|*h6|+f9|*f6|+f8|*r1
|*r1#|*ff800 |*r1: |*ffF|*Fer|*fci|*lo|*f4zzle|*F8Fry|*r1
|*r1#|*ff814 |*r1: |*f4W|*h1h|*f6o |*r1(|*b1 |*f1|*b7*|*b1 |*r1|*r1
|*r1#|*ff837 |*r1: Sdragon|*r1
|*r1#|*ff869 |*r1: |*hi|*f6Brad|*r1
|*r1#|*ff885 |*r1: |*h0|*f4 Raisin|*r1
|*r1#|*ff888 |*r1: |*f1n|*h1|*f0ull|*r1
|*r1#|*ff900 |*r1: |*f3|*h2BOLT|*r1
|*r1#|*ff902 |*r1: MagVis GTalk #02|*r1
|*r1#|*ff905 |*r1: |*f1B|*h1|*f7u|*h1|*f0g|*r1
|*r1#|*ff908 |*r1: |*hi|*f5JaX|*r1
|*r1#|*ff909 |*r1: |*f2Mr.Bungle |*f6(READ /m909) |*r1
|*r1#|*ff911 |*r1: Lunar&sofia|*r1
|*r1#|*ff916 |*r1: |*f5|*h1Pearl Jam|*r1
|*r1#|*ff921 |*r1: Jedi Knight|*r1
|*r1#|*ff922 |*r1: Apathy|*r1
|*r1#|*ff927 |*r1: |*f1R|*f3ust|*f1y |*f4from Urbana|*r1
|*r1#|*ff928 |*r1: |*h1|*f1R|*h1|*f2o|*h1|*f3C|*h1|*f4k|*h1|*f5I|*h1|*f6e|*r1
|*r1#|*ff937 |*r1:  Paradox  from philly|*r1
|*r1#|*ff941 |*r1: |*fdMr. PiNK|*r1
|*r1#|*ff942 |*r1: |*f9C|*far|*fba|*fcY|*fdo|*fel|*f9A|*r1
|*r1#|*ff943 |*r1: |*h0|*f6W|*h1|*f0i|*h0|*f6n|*h1|*f0t|*h0|*f6e|*h1|*f0r|*r1
|*r1#|*ff944 |*r1: |*hi|*f7*|*f5Disco Diamond Gerl|*f7*|*r1
|*r1#|*ff949 |*r1: |*h1|*f5Zandra|*r1
|*r1#|*ff955 |*r1: |*h1|*f0Fiction|*r1
|*r1#|*ff956 |*r1: |*b4 |*h1|*F6|*b2 Daytona |*b4 |*r1
|*r1#|*ff957 |*r1: |*h1|*f3Amber|*f1Star|*r1
|*r1#|*ff964 |*r1: |*fcJ|*f6o|*f7e B|*f6o|*f4o|*r1
|*r1#|*ff967 |*r1: |*ffTha|*r0na|*f8tos|*r1
|*r1#|*ff969 |*r1: |*f1|+84v|*f8en|*h0|*f2g|+8A|*far|*r1
|*r1#|*ff990 |*r1: Pirate|*r1
|*r1#|*ff991 |*r1: Pioneer|*r1
|*r1#|*ff996 |*r1: |*fcTrep|*f7OS|*r1
|*r1#|*ff997 |*r1: Palmer|*r1
|*r1#|*ff999 |*r1: |*f8s|*h0|*f7u|*h1bhum|*h0a|*f8n|*r1
