Warning: Segment CODE is in two groups: CODE and CGROUP
Warning: Segment CODE is in two groups: CODE and CGROUP

 Start  Stop   Length Name               Class

 00000H 00172H 00173H _TEXT              CODE
 00173H 0337CH 0320AH CODE               CODE
 03380H 03380H 00000H _FARDATA           CODE
 03380H 03380H 00000H _FARBSS            CODE
 03380H 03380H 00000H _DATA              CODE
 03380H 03380H 00000H _CVTSEG            CODE
 03380H 03380H 00000H _SCNSEG            CODE
 03380H 03380H 00000H _CONST             CODE
 03380H 03380H 00000H _INIT_             CODE
 03380H 03380H 00000H _INITEND_          CODE
 03380H 03380H 00000H _EXIT_             CODE
 03380H 03380H 00000H _EXITEND_          CODE
 03380H 03380H 00000H _BSS               CODE
 03380H 03380H 00000H _BSSEND            CODE
 03380H 03380H 00000H _DATA              DATA
 03380H 03380H 00000H _BSS               BSS

  Address         Publics by Name

 0000:0037       F_LXMUL@
 0000:0037       LXMUL@
 0000:08A1       _aget_abuffer
 0000:1538       _aput_append_into_buffer
 0000:0906       _aput_into_buffer
 0000:0033       _arg_addr
 0000:195B       _asctonum
 0000:0EDD       _background
 0000:0F84       _blink_video
 0000:0FB9       _bold_video
 0000:14FF       _broadcast_message
 0000:1BC0       _change_directory
 0000:134C       _change_dtr_state
 0000:179B       _change_my_channel
 0000:14BF       _change_my_info_line
 0000:1027       _chars_in_buffer
 0000:11E1       _char_in_buf
 0000:1393       _check_for_privates
 0000:17D8       _cmd_list
 0000:19FE       _compose_pathname_with_path
 0000:2638       _copy_files
 0000:2501       _copy_file_function
 0000:1072       _dcd_detect
 0000:0951       _dealloc_abuf
 0000:2305       _edit_file
 0000:119E       _empty_buffer
 0000:1309       _empty_outbuffer
 0000:1FBF       _erase_files
 0000:0EA4       _foreground
 0000:1105       _get_char
 0000:122C       _get_first_char
 0000:1277       _get_nchar
 0000:1725       _get_registered_bot_name_for_myse
 0000:01C8       _get_server
 0000:0282       _get_string_cntrl
 0000:2DAA       _ginsu_main
 0000:0A49       _g_delay
 0000:046F       _g_fclose
 0000:0AEE       _g_findfirst
 0000:0B63       _g_findnext
 0000:04D9       _g_flush
 0000:03F2       _g_fopen
 0000:069B       _g_fread
 0000:0543       _g_free
 0000:0789       _g_fseek
 0000:07FD       _g_ftell
 0000:0712       _g_fwrite
 0000:16B6       _g_getcurdir
 0000:13C4       _g_getcwd
 0000:158F       _g_getdisk
 0000:15F2       _g_getfree
 0000:0624       _g_malloc
 0000:05AD       _g_malloc_main_only
 0000:0CF5       _g_mkdir
 0000:0C07       _g_remove
 0000:0A7D       _g_rename
 0000:0D60       _g_rmdir
 0000:0173       _g_sprintf
 0000:0346       _g_time
 0000:19A1       _help_cmds
 0000:086D       _initabuffer
 0000:03B6       _islocked
 0000:002B       _jmptl
 0000:1B91       _letter_to_drive
 0000:0A05       _line_editor
 0000:1D67       _list_files
 0000:02E2       _lock_dos
 0000:0BCE       _log_error
 0000:23F7       _make_dir
 0000:002F       _old_DS
 0000:0031       _old_ES
 0000:1940       _ourblock
 0000:225F       _pathcat_n
 0000:0E6B       _position
 0000:0DCB       _print_chr
 0000:0E3A       _print_cr
 0000:0985       _print_file_to_cntrl
 0000:0E01       _print_string
 0000:024A       _print_str_cr
 0000:10BD       _put_char_in_buffer
 0000:1762       _read_my_channel
 0000:2D32       _receive_xmodem
 0000:2CB5       _receive_ymodem
 0000:0CB2       _recv_files
 0000:147F       _register_bot
 0000:247C       _remove_dir
 0000:28B9       _rename_move_files
 0000:0F4F       _reset_attributes
 0000:1156       _send_char
 0000:0C72       _send_files
 0000:2B30       _send_xmodem
 0000:2BA7       _send_ymodem
 0000:21B4       _show_file
 0000:0F16       _special_code
 0000:004E       _strcat
 0000:008D       _strcmp
 0000:00BD       _strcpy
 0000:00E6       _strlen
 0000:0105       _strstr
 0000:0200       _st_copy
 0000:0316       _unlock_dos
 0000:1447       _unregister_bot_myself
 0000:09CD       _wait_ch
 0000:12C2       _wait_for_xmit
 0000:0FEE       _wrap_line

  Address         Publics by Value

 0000:002B       _jmptl
 0000:002F       _old_DS
 0000:0031       _old_ES
 0000:0033       _arg_addr
 0000:0037       F_LXMUL@
 0000:0037       LXMUL@
 0000:004E       _strcat
 0000:008D       _strcmp
 0000:00BD       _strcpy
 0000:00E6       _strlen
 0000:0105       _strstr
 0000:0173       _g_sprintf
 0000:01C8       _get_server
 0000:0200       _st_copy
 0000:024A       _print_str_cr
 0000:0282       _get_string_cntrl
 0000:02E2       _lock_dos
 0000:0316       _unlock_dos
 0000:0346       _g_time
 0000:03B6       _islocked
 0000:03F2       _g_fopen
 0000:046F       _g_fclose
 0000:04D9       _g_flush
 0000:0543       _g_free
 0000:05AD       _g_malloc_main_only
 0000:0624       _g_malloc
 0000:069B       _g_fread
 0000:0712       _g_fwrite
 0000:0789       _g_fseek
 0000:07FD       _g_ftell
 0000:086D       _initabuffer
 0000:08A1       _aget_abuffer
 0000:0906       _aput_into_buffer
 0000:0951       _dealloc_abuf
 0000:0985       _print_file_to_cntrl
 0000:09CD       _wait_ch
 0000:0A05       _line_editor
 0000:0A49       _g_delay
 0000:0A7D       _g_rename
 0000:0AEE       _g_findfirst
 0000:0B63       _g_findnext
 0000:0BCE       _log_error
 0000:0C07       _g_remove
 0000:0C72       _send_files
 0000:0CB2       _recv_files
 0000:0CF5       _g_mkdir
 0000:0D60       _g_rmdir
 0000:0DCB       _print_chr
 0000:0E01       _print_string
 0000:0E3A       _print_cr
 0000:0E6B       _position
 0000:0EA4       _foreground
 0000:0EDD       _background
 0000:0F16       _special_code
 0000:0F4F       _reset_attributes
 0000:0F84       _blink_video
 0000:0FB9       _bold_video
 0000:0FEE       _wrap_line
 0000:1027       _chars_in_buffer
 0000:1072       _dcd_detect
 0000:10BD       _put_char_in_buffer
 0000:1105       _get_char
 0000:1156       _send_char
 0000:119E       _empty_buffer
 0000:11E1       _char_in_buf
 0000:122C       _get_first_char
 0000:1277       _get_nchar
 0000:12C2       _wait_for_xmit
 0000:1309       _empty_outbuffer
 0000:134C       _change_dtr_state
 0000:1393       _check_for_privates
 0000:13C4       _g_getcwd
 0000:1447       _unregister_bot_myself
 0000:147F       _register_bot
 0000:14BF       _change_my_info_line
 0000:14FF       _broadcast_message
 0000:1538       _aput_append_into_buffer
 0000:158F       _g_getdisk
 0000:15F2       _g_getfree
 0000:16B6       _g_getcurdir
 0000:1725       _get_registered_bot_name_for_myse
 0000:1762       _read_my_channel
 0000:179B       _change_my_channel
 0000:17D8       _cmd_list
 0000:1940       _ourblock
 0000:195B       _asctonum
 0000:19A1       _help_cmds
 0000:19FE       _compose_pathname_with_path
 0000:1B91       _letter_to_drive
 0000:1BC0       _change_directory
 0000:1D67       _list_files
 0000:1FBF       _erase_files
 0000:21B4       _show_file
 0000:225F       _pathcat_n
 0000:2305       _edit_file
 0000:23F7       _make_dir
 0000:247C       _remove_dir
 0000:2501       _copy_file_function
 0000:2638       _copy_files
 0000:28B9       _rename_move_files
 0000:2B30       _send_xmodem
 0000:2BA7       _send_ymodem
 0000:2CB5       _receive_ymodem
 0000:2D32       _receive_xmodem
 0000:2DAA       _ginsu_main

Program entry point at 0000:0000
Warning: No stack

