#000 : (Dave|*r1)
#001 : (Flash Gordon|*r1)
#002 : (|*h1|*f3Randall|*r1)
#003 : (|*f4DC|*r1)
#004 : [Ishmael|*r1]
#005 : [|*f4Merrell |*f1/M|*h1101|*r1]
#006 : (|*h1|*f5JarV|*f0|+0f|*f2fi|*f4Sh|*r1)
#007 : [New User|*r1]
#008 : [boopah|*r1]
#010 : [](_Genesis_|*r1]
#011 : [|*f1Bryan|*h1|*f7(Miami of Ohio|*r1]
#012 : [|*F5Count |*f1Zero|*r1]
#013 : [|*h4|*f4CA|*h2|*f2SE|*r1]
#014 : (D.J. Crankin' Chris|*r1)
#015 : [|*fcS|*h0ick|*fco|*f8|+13|*fa/m15|*r1]
#017 : [|*f6R|*h4|*f4ifle|*h0|*f4man|*r1]
#018 : [|*f1|*h1Lad|*f8y Darke|*r1]
#020 : (Winter Solstice|*r1)
#021 : (Tigger Perve.|*r1)
#022 : (|*r1)
#023 : (Lurch|*r1)
#024 : (David|*r1)
#025 : (POMMEL|*r1)
#026 : [|*r1]
#027 : (Flash Gordon|*r1)
#028 : [Lucifer|*r1]
#029 : (.\'ympho's Son|*r1)
#030 : [|*h7|*f0Sick |*f7|*h7H|*f0er|*f7o|*r1]
#031 : [|*F2Kaotic |*F5(Canada!|*r1]
#032 : [|*f0|*h1S|*r6|*f6t|*h1a|*f7sh~m32|*r1]
#033 : (Gen. Pablo Escobar|*r1)
#034 : (David Jeske|*r1)
#035 : (QEMical OVERload|*r1)
#036 : [MagVis Canada|*r1]
#037 : [Socks!|*r1]
#038 : (Flash Gordon|*r1)
#039 : (|*f9Sam |*f4Becket|*r1)
#040 : [|*f3BOLT|*r1]
#041 : [|*h0|*f4Sinjin|*r1]
#042 : [|*h5|*f1Tw|+95|+8Fd|+8F|+98.|*r1]
#043 : (Flash Gordon|*r1)
#044 : [|*h1|*f5Tumper|*r1]
#045 : [New User|*r1]
#046 : (jester|*r1)
#047 : (Flash Gordon|*r1)
#048 : [|*h1|*f6>>|*h1|*f4George|*h1|*f6<<|*r1]
#049 : [|*f2The Kernal|*r1]
#050 : (Emily|*r1)
#051 : [|*f1|+9d|*f0|*h1Raistlin|*r0|*f1:|*r1]
