#000 : (Dave|*r1)                      SYSOP        - None -
#001 : (Flash Gordon|*r1)              SYSOP        - None -
#002 : (|*h1|*f3Randall|*r1)                   SYSOP        - None -
#003 : (|*f4DC|*r1)                        SYSOP        - None -
#004 : [Ishmael|*r1]                   USER         Sat Jan 01, 1994 at 12:00 AM
#005 : [|*f4Merrell |*f1/M|*h1101|*r1]             USER         - None -
#006 : (|*h1|*f5JarV|*f0|+0f|*f2fi|*f4Sh|*r1)                 SYSOP        - None -
#007 : [New User|*r1]                  USER         - None -
#008 : [boopah|*r1]                    USER         - None -
#010 : [](_Genesis_|*r1]               USER         - None -
#011 : [|*f1Bryan|*h1|*f7(Miami of Ohio|*r1]       USER         - None -
#012 : [|*F5Count |*f1Zero|*r1]                USER         - None -
#013 : [|*h4|*f4CA|*h2|*f2SE|*r1]                      USER         - None -
#014 : (D.J. Crankin' Chris|*r1)       REG_GUEST    - None -
#015 : [|*fcS|*h0ick|*fco|*f8|+13|*fa/m15|*r1]                USER         - None -
#017 : [|*f6R|*h4|*f4ifle|*h0|*f4man|*r1]                  USER         Fri May 20, 1994 at 12:00 AM
#018 : [|*f1|*h1Lad|*f8y Darke|*r1]                USER         Tue Aug 30, 1994 at 12:00 AM
#020 : (Winter Solstice|*r1)           REG_GUEST    - None -
#021 : (Tigger Perve.|*r1)             REG_GUEST    - None -
#022 : (|*r1)                          NEW          - None -
#023 : (Lurch|*r1)                     REG_GUEST    - None -
#024 : (David|*r1)                     NEW          - None -
#025 : (POMMEL|*r1)                    REG_GUEST    Tue Jun 28, 1994 at 12:00 AM
#026 : (-=-JJ-=-|*r1)                  REG_GUEST    Fri Jan 01, 1993 at 12:00 AM
#027 : (Flash Gordon|*r1)              NEW          - None -
#028 : [Lucifer|*r1]                   USER         - None -
#029 : (.\'ympho's Son|*r1)            REG_GUEST    Thu Jun 30, 1994 at 12:00 AM
#030 : [|*h7|*f0Sick |*f7|*h7H|*f0er|*f7o|*r1]                 USER         Sun Apr 10, 1994 at 12:00 AM
#031 : [|*F2Kaotic |*F5(Canada!|*r1]           USER         - None -
#032 : [|*f0|*h1S|*r6|*f6t|*h1a|*f7sh~m32|*r1]                 USER         Sat Jun 18, 1994 at 12:00 AM
#033 : (Gen. Pablo Escobar|*r1)        REG_GUEST    - None -
#034 : (David Jeske|*r1)               NEW          - None -
#035 : (QEMical OVERload|*r1)          REG_GUEST    - None -
#036 : [MagVis Canada|*r1]             USER         Sat Jan 01, 1994 at 12:00 AM
#037 : [Socks!|*r1]                    USER         - None -
#038 : (Flash Gordon|*r1)              NEW          - None -
#039 : (|*f9Sam |*f4Becket|*r1)                REG_GUEST    Sun Jun 12, 1994 at 12:00 AM
#040 : [|*f3BOLT|*r1]                      USER         - None -
#041 : [|*h0|*f4Sinjin|*r1]                    USER         Tue Mar 15, 1994 at 12:00 AM
#042 : [|*h5|*f1Tw|+95|+8Fd|+8F|+98.|*r1]                  USER         - None -
#043 : (Flash Gordon|*r1)              NEW          - None -
#044 : [|*h1|*f5Tumper|*r1]                    USER         - None -
#045 : [New User|*r1]                  USER         Tue Apr 04, 1995 at 12:00 AM
#046 : (jester|*r1)                    REG_GUEST    - None -
#047 : (Flash Gordon|*r1)              NEW          - None -
#048 : [|*h1|*f6>>|*h1|*f4George|*h1|*f6<<|*r1]                USER         Thu Jun 09, 1994 at 12:00 AM
#049 : [|*f2The Kernal|*r1]                USER         - None -
#050 : (Emily|*r1)                     REG_GUEST    - None -
#051 : [|*f1|+9d|*f0|*h1Raistlin|*r0|*f1:|*r1]                USER         Fri May 06, 1994 at 12:00 AM
#052 : (Flash Gordon|*r1)              NEW          - None -
#053 : (Flash Gordon|*r1)              NEW          - None -
#054 : (Sluger|*r1)                    REG_GUEST    - None -
#055 : (Flash Gordon|*r1)              NEW          - None -
#056 : [|*f1TunnEL RaT|*r1]                USER         Wed Jun 08, 1994 at 12:00 AM
#057 : (asd|*r1)                       NEW          - None -
#058 : (funky hamster|*r1)             REG_GUEST    - None -
#059 : [|*f3West|*f9 Allis |*f4/m59|*r1]           USER         Wed May 11, 1994 at 12:00 AM
#060 : (asd|*r1)                       NEW          - None -
#061 : (Flash Gordon|*r1)              NEW          - None -
#065 : [|*h0|*f6T|*f1ha|*f6na|*f1to|*f6S|*r1]                  USER         Sun Jun 26, 1994 at 12:00 AM
#066 : [|*h1Deathangel's |*f0Shadow|*r1]       USER         Sat Apr 16, 1994 at 12:00 AM
#069 : [|*H1Asc|*H0ii Rider|*r1]               USER         - None -
#073 : [|*h1|*f1> |*f3K|*f5|+F9|*f39 |*f1<|*r1]                   USER         - None -
#076 : [|*h1|*f7Black|*f4Jack|*r1]                 USER         Fri Jul 08, 1994 at 12:00 AM
#077 : [|*h1|*f6Am I Really Ditzy?|*r1]        USER         Wed Jun 01, 1994 at 12:00 AM
#078 : [Edgester|*r1]                  USER         - None -
#082 : [T.G.I.Fnord|*r1]               USER         Wed Jun 15, 1994 at 12:00 AM
#083 : [|*h1|*f6T|*f0he |*F6C|*f0row|*r1]                  USER         Sun Aug 21, 1994 at 12:00 AM
#085 : [|*h1|*f3R|*f7ole|*f3x |*h1|*f1CCCP|*r1]                USER         - None -
#088 : (|*f1Xav|*f4ier|*r1)                    REG_GUEST    - None -
#093 : [|*h2|*f6Cog|*f7line|*r1]                   USER         Sun Jul 17, 1994 at 12:00 AM
#096 : [|*hi|*f4.\'|*f6ymph|*f3o|*r4|*r1]                  USER         Tue Aug 09, 1994 at 12:00 AM
#098 : [|*h1|*f3SMiLeS:|*r1]                   USER         - None -
#099 : (Lestat|*r1)                    REG_GUEST    - None -
#100 : (|*h1|*f6r|*f4o|*r1|*f4b|*r1)                       SYSOP        - None -
#101 : (|*h4Sam|*f4antha|*r1)                  REG_GUEST    Fri May 20, 1994 at 12:00 AM
#103 : [|*f4Viper|*r1]                     USER         Sun Jul 24, 1994 at 12:00 AM
#104 : [|*h1|*f4M|*f0acPhist|*f4o|*r1]                 USER         Fri Jul 01, 1994 at 12:00 AM
#105 : [|*F6|+9D|*F5KINESS|+8F|*F6|+9D|*r1]                 USER         Fri May 06, 1994 at 12:00 AM
#106 : [|*h1|*f4//\/\\R.|*f0SINISTER|*r1]          USER         - None -
#108 : (JohnnY MneumoniK|*r1)          REG_GUEST    - None -
#111 : (Pirate|*r1)                    REG_GUEST    - None -
#112 : [|*f2Lone|*f6Star|*r1]                  USER         Sun Jun 05, 1994 at 12:00 AM
#113 : [|*h1|*f3S|*f4ToRM_HaWK|*f3!|*r1]               USER         Mon Aug 01, 1994 at 12:00 AM
#114 : [diamond in the rough|*r1]      USER         Mon May 23, 1994 at 12:00 AM
#115 : [|*h1|*f6E|*f4uphori|*f6a|*r1]                  USER         Thu May 26, 1994 at 12:00 AM
#117 : [|*h1|*f2//\/\\|*f4()|*f1/\/|*f4()|*r1]             USER         Fri Jun 17, 1994 at 12:00 AM
#118 : [|*h1|*f4C|*f6a|*r1|*f6p|*r1]                       USER         Thu May 26, 1994 at 12:00 AM
#121 : (|*f5HEAVEN|*r1)                    REG_GUEST    Fri Apr 01, 1994 at 12:00 AM
#122 : [|*f1T|*h1|*f0urin|*r1]                     USER         - None -
#123 : (Kernel Klink|*r1)              REG_GUEST    - None -
#124 : [|*h2Tainted|*f2 Reality|*F3~m124|*r1]      USER         Tue Aug 09, 1994 at 12:00 AM
#125 : [|*f4Melan|*hi|*f0choly|*r1]                USER         Sat May 28, 1994 at 12:00 AM
#128 : [|*f4|*b1doomsey|*r1]                   USER         - None -
#129 : [( |*f7Jim |*r1]                    USER         Tue Jun 15, 1993 at 12:00 AM
#130 : [|*h1|*f5Darkwing Duck!|*r1]            USER         Sun Jun 05, 1994 at 12:00 AM
#135 : [|*f1gravedancer|*f4--,--'-<|*f1@|*r1]      USER         Mon Jun 27, 1994 at 12:00 AM
#138 : [CampusCrusadeFrCthulu|*r1]     USER         - None -
#150 : (Nympho's Lover|*r1)            REG_GUEST    - None -
#166 : [|*h1|*f1Si|*f7r|*f4en|*r1]                     USER         Sun May 22, 1994 at 12:00 AM
#169 : [|*f3|*h Arma|*f7 (|*f4Vancouver|*r1]           USER         - None -
#175 : [>  Matty  </m175|*r1]          USER         - None -
#177 : [|*hi|*f6DoC|*f2|+13|*f7/m177|*r1]                 USER         Tue May 17, 1994 at 12:00 AM
#183 : [|*h1|*f2major|*r1]                     USER         - None -
#187 : (( |*f4screech |*r1)                REG_GUEST    Mon May 09, 1994 at 12:00 AM
#188 : (Flash Gordon (Send mail to #000|*r1)SYSOP        - None -
#193 : [|*H1|*F3Nyar|*f8/|*h0|*f4Whoops|*r1]               USER         Fri Jul 01, 1994 at 12:00 AM
#196 : [Stry|*r1]                      USER         Sun Jan 01, 1995 at 12:00 AM
#200 : (LT|*r1)                        REG_GUEST    - None -
#204 : [|*h1[|*lo|*f5DoNaLd DuK|*h1|*f7]|*r1]              USER         Wed Jul 27, 1994 at 12:00 AM
#205 : [|*h1|*f4flann|*r1]                     USER         Thu Jun 09, 1994 at 12:00 AM
#213 : [|*h0|*f1Vampress|*r1]                  USER         Fri Jul 15, 1994 at 12:00 AM
#215 : [|*f1HunteR|*r1]                    USER         Wed Jul 20, 1994 at 12:00 AM
#219 : (Guardian|*r1)                  REG_GUEST    - None -
#221 : [|*h4|*f4|*f4Air |*f3Y|*f4ooner|*r1]                USER         Thu Jun 02, 1994 at 12:00 AM
#223 : (Cygnus|*r1)                    REG_GUEST    - None -
#226 : [|*h1|*f5Jodi|*r1]                      USER         - None -
#227 : []( |*lo|*f1 Master|*f8 Nate |*r1]          USER         - None -
#228 : [|*h1|*f7|+c5assle|*f4ho|+9f|+9f|*r1]                USER         Tue May 17, 1994 at 12:00 AM
#242 : (Taco Boy|*r1)                  REG_GUEST    - None -
#245 : [|*h1|*f0Shadow|*f2@|*f514.4|*r1]               USER         Sun Jul 17, 1994 at 12:00 AM
#251 : <|*f1Dal|*f8amar|*f6:|*r1>                  MINOR_COSYSOPFri Jun 10, 1994 at 12:00 AM
#256 : [|*f4Amariah|*r1]                   USER         - None -
#269 : [|*h1|*f4M|*f0i|*f4k|*f0e|*f4r|*r1]                     USER         - None -
#272 : [|*h1|*f1W|*f0ild|*f1 T|*f0hing|*r1]                USER         Mon May 09, 1994 at 12:00 AM
#291 : [|*h1|*f2Modem |*f5Master |*f3/m291|*r1]        USER         Thu Jun 09, 1994 at 12:00 AM
#295 : (Lawless--+|*r1)                REG_GUEST    - None -
#299 : [|*f3--|*f4==|*f5Squid|*f4==|*f3--|*r1]             USER         Fri May 06, 1994 at 12:00 AM
#300 : [|*h1|*f5$t|*f4a|*f3t|*f2m|*f1an|*r1]                   USER         Tue Jul 05, 1994 at 12:00 AM
#312 : (SaM bEEn|*r1)                  REG_GUEST    - None -
#314 : [|*f0|*h1Ra|*f3|*h3V|*f0|*h1en|*r1]                     USER         Wed Jun 01, 1994 at 12:00 AM
#320 : (|*H1U|*H0N|*F8DERDOG|*r1)                  REG_GUEST    Mon May 23, 1994 at 12:00 AM
#322 : [|*H1|*F1Crash |*FcDummy |*F3v|+AB|*r1]            USER         Sat Jun 11, 1994 at 12:00 AM
#330 : [|*h1|*f7LuV|*f0Child|*r1]                  USER         Tue Jun 07, 1994 at 12:00 AM
#332 : [|*h1|*f5Shuttle|*f7cock|*r1]               USER         Sat Jun 11, 1994 at 12:00 AM
#335 : [(-> |*h1|*f1LoRD |*f2GiNSu!|*r1 <-|*r1]        USER         Sun May 29, 1994 at 12:00 AM
#345 : ({BaCkSpAcE|*r1)                REG_GUEST    - None -
#348 : (Centaur|*r1)                   REG_GUEST    - None -
#367 : [|*f1Manservant |*f8Heccubus|*r1]       USER         Mon May 09, 1994 at 12:00 AM
#369 : [|*F5Picard's |*F6Puppy|*r1]            USER         Wed Jun 01, 1994 at 12:00 AM
#377 : [|*f4marie|*r1]                     USER         Tue Apr 19, 1994 at 12:00 AM
#389 : [|*li|*f4Di|*f8zz|*li|*f4y|*r1]                     USER         Wed May 11, 1994 at 12:00 AM
#390 : [|*B1|*F3Crash|*r1]                     USER         Sat Apr 23, 1994 at 12:00 AM
#392 : [|*h7O|*h6\/\/en|*f4/m392!!!!|*r1]          USER         Sat Mar 05, 1994 at 12:00 AM
#396 : [New User|*r1]                  USER         Mon Apr 11, 1994 at 12:00 AM
#403 : [|*h6|*f6/-/|*h4|*f4ighlander|*r1]              USER         - None -
#404 : [|*h1|*f6Z|*f8ulu|*r1]                      USER         Wed Apr 19, 1995 at 12:00 AM
#405 : (Pyrite|*r1)                    REG_GUEST    - None -
#411 : [|*h7|*f0!}lack |*f4[\/]oon|*r1]            USER         Tue May 31, 1994 at 12:00 AM
#415 : [|*f4Spe|*h1edo|*f6Missin'|*f1LUST|*r1]         USER         Mon May 23, 1994 at 12:00 AM
#427 : <( jh |*r1>                     MINOR_COSYSOPMon Jun 06, 1994 at 12:00 AM
#430 : [|*f0|*h7Flynn|*r1]                     USER         Wed Mar 23, 1994 at 12:00 AM
#444 : [|*hi|*f3 Desk Lamp|*r1]                USER         Tue Apr 26, 1994 at 12:00 AM
#450 : (Snow White|*r1)                REG_GUEST    - None -
#454 : (|*f4the |*f5cure|*r1)                  REG_GUEST    Wed May 04, 1994 at 12:00 AM
#455 : [|*h1|*f2>CReAtuRe<|*r1]                USER         - None -
#456 : [|*h1|*f3Nyar|*f8/|*f4Whoops|*r1]               USER         Wed Jun 29, 1994 at 12:00 AM
#459 : [hitman|*r1]                    USER         Sat Apr 30, 1994 at 12:00 AM
#466 : [|*h1|*f4E|*h1|*f5uterpe|*r1]                   USER         Thu Jun 09, 1994 at 12:00 AM
#469 : <> |*h1|*f1Com|*r1 <|*h1/m469|*r1>              MAJOR_COSYSOPFri Jul 29, 1994 at 12:00 AM
#475 : [|*b4Mr. Peabody|*b0|*r1]               USER         Tue Jul 12, 1994 at 12:00 AM
#480 : (Sandman|*r1)                   REG_GUEST    Sun Jun 05, 1994 at 12:00 AM
#500 : [|*h1|*f8//\|*f1..|*f8/\\|*r1]                  USER         - None -
#501 : [|*h1|*f4P|*f0hobo|*f4s|*r1]                    USER         - None -
#504 : [|*h0|*f1Randall Flagg|*r1]             USER         - None -
#505 : [|*h1|*f1Yo|*r1|*f1han |*h1Bawk|*r1]                USER         Sat Jun 11, 1994 at 12:00 AM
#514 : (Chaos|*r1)                     REG_GUEST    - None -
#526 : [|*f2Jea|*h1|*f0n-Cl|*h0|*f2aude|*r1]               USER         Mon May 30, 1994 at 12:00 AM
#529 : [Equalizer Yon v.98B|*r1]       USER         Sun Jul 10, 1994 at 12:00 AM
#540 : [\/anguard|*r1]                 USER         Tue Apr 05, 1994 at 12:00 AM
#555 : [cherry garcia|*r1]             USER         Fri Jul 01, 1994 at 12:00 AM
#564 : [|*f1|+a9|*F2Crazy Man|*f1|+aa|*r1]               USER         Tue Jul 26, 1994 at 12:00 AM
#569 : (DRizztDo'Urden|*r1)            REG_GUEST    - None -
#586 : (Renegade|*r1)                  REG_GUEST    Wed May 04, 1994 at 12:00 AM
#600 : <|*h1|*f2Demos|*r1>                     MAJOR_COSYSOP- None -
#604 : [|*h4|*f4VanCouVer |*f2CaNucK|*r1]          USER         - None -
