#000 : {|*f2|*h1Flash Gordon|*r1}
#001 : {|*f1Agent_X|*r1}
#002 : {|*h1|*f3Randall|*r1}
#003 : {|*f1DC|*r1}
#004 : [Ishmael|*r1]
#005 : [|*f1Merrell|*h1Man|*r1]
#006 : <|*h1|*f5JarV|*f2fi|*f4Sh|*r1>
#008 : [boopah|*r1]
#011 : [|*h0|*f3Br|*h1|*f0ya|*h0|*f3n(/m11|*r1]
#012 : [|*F5Count |*f1Zero|*r1]
#013 : [|*h4|*f4CA|*h2|*f2SE|*r1]
#014 : [Fuzzy Navel|*r1]
#015 : [|*lo|*f1Sneak|*hi|*f0erz|*lo|*f7|*r1]
#016 : [|*f1AceOfAces|*r1(Bud Dry(|*f4NY|*r1]
#017 : [|*f6R|*h4|*f4ifle|*h0|*f4man|*r1]
#019 : [|*f3/\/ |*f5 /-/|*r1]
#022 : [The Swigmonster/m22|*r1]
#025 : [|*h1Roso|*r1]
#026 : [DaveDaveDaveDan|*r1]
#027 : [] (Lord Dhakkar|*r1]
#028 : [Lucifer|*r1]
#030 : [|*h1Pa|*h0lad|*h7|*f0in|*r1]
#031 : [|*F2Kaotic |*F5(Canada!|*r1]
#032 : [|*h1|*f3Yel|*f0low |*f3Jac|*f0ket|*r1]
#033 : [|*h1|*f5$t|*f4a|*f3t|*f2m|*f1an|*r1]
#035 : [|*f4|*h1Eagle|*r1]
#036 : [|*f3|*h3Foxy (Canada)|*r1]
#037 : [Socks!|*r1]
#042 : [Twoaday|*r1]
#045 : [|*f3?|*f1]  |*f4hi|*f1  (|*f5/m45|*r1]
#050 : [|*h1|*f5Emily|*r1]
#056 : [|*f1Tunnel |*f2Rat <m56>|*r1]
#057 : [|*f2Oregano|*r1]
#060 : [|*f1The |*f4Sniper|*r1]
#065 : [Heaven|*r1]
#069 : [Jim|*r1]
#070 : [> ( |*h1|*f1Tom |*f4Cat |*f7/m70 |*r1]
#071 : [|*f4Lady |*hi|*f3Cat|*h0|*f1Ninja|*r1]
#072 : [|*f4Lord|*n3Wolv|*f1erine|*r1]
#073 : [|*h1|*f1> |*f3K-9 |*f1<|*r1]
#076 : [|*h1|*f7Black|*f4Jack|*r1]
#082 : [|*f7Phungus|*r1]
#083 : [|*f2|*h4Opera|*h1|*F0tech (/m83|*r1]
#086 : [|*h3|*f3Cheshire|*f6:|*r1]
#090 : [|*h1|*f4Vercingeto|*f5rix|*r1]
#093 : [Cogline|*r1]
#098 : [|*f2SM|*h1|*f3i|*f2L|*h1|*f3e|*f2S|*r1]
#099 : [|*h1|*f1Azrael|*r1]
#100 : <|*h1In |*f4|*p1Wisconsin|*r1>
#101 : [|*h1|*f1Metal|*f4Butterfly|*r1]
#103 : [|*h1|*f4V|*f2i|*f3p|*f6e|*f5r|*r1|*r1]
#104 : [|*h1|*f4M|*f0acPhist|*f4o|*r1]
#106 : [|*r1]
#113 : [|*f3|*h1S|*f4|*h1torm Haw|*f3|*h1k|*r1]
#118 : [|*h1|*f6Cap|*r1]
#122 : [|*f4T|*f5urin |*r1]
#124 : [|*f2Tainted|*h2 Reality|*r1]
#126 : [|*f2Unknown|*r1]
#128 : [|*f4|*b1doomsey|*r1]
#129 : [( |*f7Jim |*r1]
#130 : [|*F5DARKWING DUCK|*r1]
#138 : <sheslostcontrolagain|*r1>
#140 : [|*b4|*f2JON|*B0|*F1 :|*r1]
#142 : [|*h1|*f2D|*f4eath|*f2S|*f4tar|*r1]
#147 : [|*f1|*h1Lars |*f4|*h4Ulrich|*r1]
#166 : [|*f1Si|*f7r|*f4en|*r1]
#167 : [|*f5Indra|*r1]
#169 : [|*f3|*h Arma|*f7 (|*f4Vancouver|*r1]
#173 : <|*f3Pott|*f2ed Pl|*h1|*f2ant|*r1>
#175 : [BeLIEve|*r1]
#183 : [|*h1|*f2major|*r1]
#186 : [ Xen |*r1]
#188 : {Flash Gordon (Send mail to #000|*r1}
#196 : [Stry|*r1]
#213 : [New User|*r1]
#215 : [|*f1HunteR|*r1]
#225 : [  Holden Caulfield  |*r1]
#226 : [Jodi /m226|*r1]
#227 : [ |*hi|*f3-=|*f7GOD|*f3=- |*r1]
#241 : [|*f2NeX|*r1]
#242 : [|*h4|*f4Juxtapo|*r1]
#243 : [|*h1|*f4Flat|*f6liner|*r1|*r1]
#251 : [|*h4Guido Sanchez /m251|*r1]
#271 : [|*h1|*f7Th|*f6e Na|*f7rciss|*f4ist|*r1]
#291 : [|*f4Modem |*h4Master |*f6(/m291)|*r1]
#322 : [|*H1|*F1Crash|*F0Dummy|*F4/m322|*r1]
#330 : [|*h1Moon|*f0Child|*r1/m330|*r1]
#333 : [|*f4|<2 {/m333}|*r1]
#335 : [|*h7|*f7\/\/|*f0il|*f7ey|*r1]
#336 : [|*f1Randall Flagg|*r1]
#344 : [|*h1|*f1Pe|*f2nn|*f3y|*f4Wi|*f5se|*r1]
#345 : [|*h1|*f1Mr.|*f4Bones|*f2(/m345)|*r1]
#384 : <|*f4 Windrider *)|*r1>
#400 : [|*f1Constantine|*r1]
#403 : [|*h6|*f6/-/|*h4|*f4ighlander|*r1]
#404 : [|*H7Z|*f6ulu|*r1]
#405 : [|*f3Pyrite |*f2& |*f1Dr. MB|*r1]
#411 : [|*h1|*f0!}lack |*f4[\/]oon|*r1]
#415 : [|*h4|*f4Swim |*h6|*f6'94|*r1]
#424 : [|*f3Gopher|*r1]
#427 : [|*f1-=|*h1James Het|*h0|*f1=-|*r1]
#430 : [|*f0|*h1Flynn|*r1]
#450 : [|*f4Cat|*h4aclysm|*r1]
#455 : [|*h1|*f2>CReAtuRe<|*r1]
#456 : [|*h1|*f3Nyarlathotep|*r1]
#460 : [WOLF|*r1]
#468 : [|*hi|*F1D|*F3i|*F2v|*F4a|*F5/m468|*r1]
#469 : <> |*f1|*h1Com|*r1 </m469|*r1>
#500 : [|*f5Demos|*r1]
#501 : [|*h1|*f4P|*f0hobo|*f4s|*r1]
#505 : [|*h1|*f1Yo|*r1|*f1han |*h1Bawk|*r1]
#524 : [|*h1|*f4E|*f0vil |*f4E|*f0ye|*r1]
#555 : [|*h1|*f1Cherry Ga|*f3r|*f2c|*f4i|*f5a|*r1]
#556 : [|*h1|*f3DoMiNaToR|*r1]
#600 : [|*h1|*f1Sui|*f4cide|*r1]
#615 : [|*f4The |*f6High |*f1Lord|*r1]
#650 : [|*h1|*f4Zeta |*f7Alpha |*f4Gamma|*r1]
#666 : [Sauron|*r1]
#668 : [|*h1|*f1PE|*f3AC|*f2EF|*f4RO|*f5G|*r1]
#700 : [|*h2|*f2Robinhood|*r1]
#708 : [|*h4|*f4Vip|*f6er|*r1]
#723 : [|*f1|*h1B|*h0|*f1Long|*r1]
#724 : [|*f4Ray-o-Vac|*r1]
#755 : [|*h1|*f1G|*f2u|*f3t|*f4s|*r1]
#808 : [|*hi|*f6manta|*f0+|*f6ray|*r1]
#817 : [|*f7Cool |*f1 Spot \m817|*r1]
#820 : [|*f2<|*hi|*f7PB|*r2|*f2>|*r1]
#852 : [|*f5Nace|*r1]
#888 : [|*f1Phoenix|*r1]
#900 : [Spud Man|*r1]
#902 : [MagVis GTalk #02|*r1]
#904 : [LF Gtalk #04 Link|*r1]
#927 : [|*f4Billy |*f5Boy|*f1m927|*r1]
#935 : [|*f6Who|*r1]
#937 : [ Paradox  from philly|*r1]
#951 : [|*f4Falc|*H1on|*r1]
#956 : [|*b5 |*b4|*f7|*h1 Daytona |*b5 |*r1]
#960 : [Marc STS12|*r1]
#961 : [East Cost Test User|*r1]
#964 : [|*f5Joe Boo|*r1(|*f6Gtalk#5|*r1]
#967 : [|*h1|*f6O|*f2M|*f3M|*f5I|*r1]
#968 : [|*f0|*h1Briareos|*r1]
#998 : {|*f1Agent_X|*r1 (Spare|*r1}
#999 : [|*hi|*f1S|*lo|*f1quelc|*hi|*f1h|*r1]
