#000 : {|*f2|*h1Flash Gordon|*r1}              - None -
#001 : {|*f1Agent_X|*r1}                   - None -
#002 : {|*h1|*f3Randall|*r1}                   - None -
#003 : {|*f1DC|*r1}                        - None -
#004 : [Ishmael|*r1]                   Sat Jan 01, 1994 
#005 : [|*f1Merrell|*h1Man|*r1]                - None -
#006 : <|*h1|*f5JarV|*f2fi|*f4Sh|*r1>                  - None -
#008 : [boopah|*r1]                    - None -
#011 : [|*h0|*f3Br|*h1|*f0ya|*h0|*f3n(/m11|*r1]                Mon Aug 30, 1993 
#012 : [|*F5Count |*f1Zero|*r1]                Sun Aug 01, 1993 
#013 : [|*h4|*f4CA|*h2|*f2SE|*r1]                      - None -
#014 : [Fuzzy Navel|*r1]               - None -
#015 : [|*lo|*f1Sneak|*hi|*f0erz|*lo|*f7|*r1]                  - None -
#016 : [|*f1AceOfAces|*r1(Bud Dry(|*f4NY|*r1]      Sat Jan 01, 1994 
#017 : [|*f6R|*h4|*f4ifle|*h0|*f4man|*r1]                  Thu Jul 22, 1993 
#019 : [|*f3/\/ |*f5 /-/|*r1]                  Sat Jan 01, 1994 
#022 : [The Swigmonster/m22|*r1]       Wed Sep 01, 1993 
#025 : [|*h1Roso|*r1]                      Sun Aug 01, 1993 
#026 : [DaveDaveDaveDan|*r1]           - None -
#027 : [] (Lord Dhakkar|*r1]           Sat Jan 01, 1994 
#028 : [Lucifer|*r1]                   - None -
#030 : [|*h1Pa|*h0lad|*h7|*f0in|*r1]                   Wed Aug 25, 1993 
#031 : [|*F2Kaotic |*F5(Canada!|*r1]           - None -
#032 : [|*h1|*f3Yel|*f0low |*f3Jac|*f0ket|*r1]             Sun Aug 01, 1993 
#033 : [|*h1|*f5$t|*f4a|*f3t|*f2m|*f1an|*r1]                   Wed Sep 01, 1993 
#035 : [|*f4|*h1Eagle|*r1]                     Tue Jun 15, 1993 
#036 : [|*f3|*h3Foxy (Canada)|*r1]             Sat Jan 01, 1994 
#037 : [Socks!|*r1]                    - None -
#042 : [Twoaday|*r1]                   - None -
#045 : [|*f3?|*f1]  |*f4hi|*f1  (|*f5/m45|*r1]             Fri Oct 01, 1993 
#050 : [|*h1|*f5Emily|*r1]                     Wed Jul 21, 1993 
#056 : [|*f1Tunnel |*f2Rat <m56>|*r1]          Mon Jul 26, 1993 
#057 : [|*f2Oregano|*r1]                   Sun Aug 01, 1993 
#060 : [|*f1The |*f4Sniper|*r1]                Fri Aug 27, 1993 
#065 : [Heaven|*r1]                    Fri Jul 30, 1993 
#069 : [Jim|*r1]                       - None -
#070 : [> ( |*h1|*f1Tom |*f4Cat |*f7/m70 |*r1]         - None -
#071 : [|*f4Lady |*hi|*f3Cat|*h0|*f1Ninja|*r1]             Wed Sep 01, 1993 
#072 : [|*f4Lord|*n3Wolv|*f1erine|*r1]             Sun Aug 29, 1993 
#073 : [|*h1|*f1> |*f3K-9 |*f1<|*r1]                   - None -
#076 : [|*h1|*f7Black|*f4Jack|*r1]                 Thu Jul 22, 1993 
#082 : [|*f7Phungus|*r1]                   Sat Jan 01, 1994 
#083 : [|*f2|*h4Opera|*h1|*F0tech (/m83|*r1]           Sat Oct 23, 1993 
#086 : [|*h3|*f3Cheshire|*f6:|*r1]                 Sat Jan 01, 1994 
#090 : [|*h1|*f4Vercingeto|*f5rix|*r1]             Wed Sep 01, 1993 
#093 : [Cogline|*r1]                   Wed Nov 03, 1993 
#098 : [|*f2SM|*h1|*f3i|*f2L|*h1|*f3e|*f2S|*r1]                    - None -
#099 : [|*h1|*f1Azrael|*r1]                    Sun Aug 29, 1993 
#100 : <|*h1In |*f4|*p1Wisconsin|*r1>              Thu Aug 05, 1993 
#101 : [|*h1|*f1Metal|*f4Butterfly|*r1]            Tue Jun 01, 1993 
#103 : [|*h1|*f4V|*f2i|*f3p|*f6e|*f5r|*r1|*r1]                     Wed Jun 23, 1993 
#104 : [|*h1|*f4M|*f0acPhist|*f4o|*r1]                 Tue Aug 03, 1993 
#106 : [|*r1]                          Wed Sep 01, 1993 
#113 : [|*f3|*h1S|*f4|*h1torm Haw|*f3|*h1k|*r1]                Wed Aug 18, 1993 
#118 : [|*h1|*f6Cap|*r1]                       Mon Sep 06, 1993 
#122 : [|*f4T|*f5urin |*r1]                    - None -
#124 : [|*f2Tainted|*h2 Reality|*r1]           - None -
#126 : [|*f2Unknown|*r1]                   Mon Aug 09, 1993 
#128 : [|*f4|*b1doomsey|*r1]                   - None -
#129 : [( |*f7Jim |*r1]                    Tue Jun 15, 1993 
#130 : [|*F5DARKWING DUCK|*r1]             Sat Jul 24, 1993 
#138 : <sheslostcontrolagain|*r1>      Mon Jul 26, 1993 
#140 : [|*b4|*f2JON|*B0|*F1 :|*r1]                     Thu Feb 17, 1994 
#142 : [|*h1|*f2D|*f4eath|*f2S|*f4tar|*r1]                 Mon Aug 23, 1993 
#147 : [|*f1|*h1Lars |*f4|*h4Ulrich|*r1]               Fri Jul 23, 1993 
#166 : [|*f1Si|*f7r|*f4en|*r1]                     Mon Aug 23, 1993 
#167 : [|*f5Indra|*r1]                     Sat Sep 18, 1993 
#169 : [|*f3|*h Arma|*f7 (|*f4Vancouver|*r1]           - None -
#173 : <|*f3Pott|*f2ed Pl|*h1|*f2ant|*r1>              Sat Aug 28, 1993 
#175 : [BeLIEve|*r1]                   Thu Aug 12, 1993 
#183 : [|*h1|*f2major|*r1]                     - None -
#186 : [ Xen |*r1]                     Sat Jan 01, 1994 
#188 : {Flash Gordon (Send mail to #000|*r1}- None -
#196 : [Stry|*r1]                      Sun Jan 01, 1995 
#213 : [New User|*r1]                  Thu Jun 24, 1993 
#215 : [|*f1HunteR|*r1]                    Wed Jul 20, 1994 
#225 : [  Holden Caulfield  |*r1]      Sat Jul 24, 1993 
#226 : [Jodi /m226|*r1]                Tue Aug 31, 1993 
#227 : [ |*hi|*f3-=|*f7GOD|*f3=- |*r1]                 Wed Jul 06, 1994 
#241 : [|*f2NeX|*r1]                       Sat Jan 01, 1994 
#242 : [|*h4|*f4Juxtapo|*r1]                   - None -
#243 : [|*h1|*f4Flat|*f6liner|*r1|*r1]                 Tue Aug 10, 1993 
#251 : [|*h4Guido Sanchez /m251|*r1]       Fri Jun 25, 1993 
#271 : [|*h1|*f7Th|*f6e Na|*f7rciss|*f4ist|*r1]            Thu Jul 15, 1993 
#291 : [|*f4Modem |*h4Master |*f6(/m291)|*r1]      Fri Aug 27, 1993 
#322 : [|*H1|*F1Crash|*F0Dummy|*F4/m322|*r1]           Wed Jul 21, 1993 
#330 : [|*h1Moon|*f0Child|*r1/m330|*r1]            Thu Oct 14, 1993 
#333 : [|*f4|<2 {/m333}|*r1]               Mon Jul 26, 1993 
#335 : [|*h7|*f7\/\/|*f0il|*f7ey|*r1]                  Sat Sep 04, 1993 
#336 : [|*f1Randall Flagg|*r1]             Fri Jul 30, 1993 
#344 : [|*h1|*f1Pe|*f2nn|*f3y|*f4Wi|*f5se|*r1]                 Mon Jun 28, 1993 
#345 : [|*h1|*f1Mr.|*f4Bones|*f2(/m345)|*r1]           Tue Aug 03, 1993 
#384 : <|*f4 Windrider *)|*r1>             Wed Sep 01, 1993 
#400 : [|*f1Constantine|*r1]               Sun Aug 29, 1993 
#403 : [|*h6|*f6/-/|*h4|*f4ighlander|*r1]              - None -
#404 : [|*H7Z|*f6ulu|*r1]                      Thu Jul 22, 1993 
#405 : [|*f3Pyrite |*f2& |*f1Dr. MB|*r1]           Sun May 02, 1993 
#411 : [|*h1|*f0!}lack |*f4[\/]oon|*r1]            Thu Aug 19, 1993 
#415 : [|*h4|*f4Swim |*h6|*f6'94|*r1]                  Sun Aug 22, 1993 
#424 : [|*f3Gopher|*r1]                    Sun Aug 15, 1993 
#427 : [|*f1-=|*h1James Het|*h0|*f1=-|*r1]             Fri Aug 27, 1993 
#430 : [|*f0|*h1Flynn|*r1]                     Fri Oct 01, 1993 
#450 : [|*f4Cat|*h4aclysm|*r1]                 Sat Jan 01, 1994 
#455 : [|*h1|*f2>CReAtuRe<|*r1]                - None -
#456 : [|*h1|*f3Nyarlathotep|*r1]              Fri Aug 20, 1993 
#460 : [WOLF|*r1]                      Sat Aug 28, 1993 
#468 : [|*hi|*F1D|*F3i|*F2v|*F4a|*F5/m468|*r1]                 Sun Aug 01, 1993 
#469 : <> |*f1|*h1Com|*r1 </m469|*r1>              Fri Aug 20, 1993 
#500 : [|*f5Demos|*r1]                     - None -
#501 : [|*h1|*f4P|*f0hobo|*f4s|*r1]                    - None -
#505 : [|*h1|*f1Yo|*r1|*f1han |*h1Bawk|*r1]                Thu Oct 28, 1993 
#524 : [|*h1|*f4E|*f0vil |*f4E|*f0ye|*r1]                  Tue Nov 23, 1993 
#555 : [|*h1|*f1Cherry Ga|*f3r|*f2c|*f4i|*f5a|*r1]             Wed Aug 18, 1993 
#556 : [|*h1|*f3DoMiNaToR|*r1]                 Mon May 31, 1993 
#600 : [|*h1|*f1Sui|*f4cide|*r1]                   - None -
#615 : [|*f4The |*f6High |*f1Lord|*r1]             Wed Jul 28, 1993 
#650 : [|*h1|*f4Zeta |*f7Alpha |*f4Gamma|*r1]          Tue Jul 20, 1993 
#666 : [Sauron|*r1]                    - None -
#668 : [|*h1|*f1PE|*f3AC|*f2EF|*f4RO|*f5G|*r1]                 Wed Jul 14, 1993 
#700 : [|*h2|*f2Robinhood|*r1]                 Fri Jul 16, 1993 
#708 : [|*h4|*f4Vip|*f6er|*r1]                     Sat Jul 31, 1993 
#723 : [|*f1|*h1B|*h0|*f1Long|*r1]                     - None -
#724 : [|*f4Ray-o-Vac|*r1]                 Fri Jul 23, 1993 
#755 : [|*h1|*f1G|*f2u|*f3t|*f4s|*r1]                      Mon Aug 23, 1993 
#808 : [|*hi|*f6manta|*f0+|*f6ray|*r1]                 Fri Jul 30, 1993 
#817 : [|*f7Cool |*f1 Spot \m817|*r1]          Mon Jul 26, 1993 
#820 : [|*f2<|*hi|*f7PB|*r2|*f2>|*r1]                      Tue Aug 24, 1993 
#852 : [|*f5Nace|*r1]                      Wed Jul 28, 1993 
#888 : [|*f1Phoenix|*r1]                   Sat Jul 17, 1993 
#900 : [Spud Man|*r1]                  Thu Aug 26, 1993 
#902 : [MagVis GTalk #02|*r1]          - None -
#904 : [LF Gtalk #04 Link|*r1]         - None -
#927 : [|*f4Billy |*f5Boy|*f1m927|*r1]             Sun Aug 15, 1993 
#935 : [|*f6Who|*r1]                       - None -
#937 : [ Paradox  from philly|*r1]     - None -
#951 : [|*f4Falc|*H1on|*r1]                    - None -
#956 : [|*b5 |*b4|*f7|*h1 Daytona |*b5 |*r1]               Sat Jan 01, 1994 
#960 : [Marc STS12|*r1]                - None -
#961 : [East Cost Test User|*r1]       Sun May 30, 1993 
#964 : [|*f5Joe Boo|*r1(|*f6Gtalk#5|*r1]           - None -
#967 : [|*h1|*f6O|*f2M|*f3M|*f5I|*r1]                      Tue Aug 17, 1993 
#968 : [|*f0|*h1Briareos|*r1]                  - None -
#998 : {|*f1Agent_X|*r1 (Spare|*r1}            - None -
#999 : [|*hi|*f1S|*lo|*f1quelc|*hi|*f1h|*r1]                   Tue Sep 21, 1993 
