
 Start         Length     Name                   Class
 0001:00000000 00003D8ACH _TEXT                  CODE
 0002:00000000 0000000E0H _TEXT16                CODE
 0003:00000000 00000FB60H _DATA                  DATA
 0003:0000FB60 00000003CH _INIT_                 INITDATA
 0003:0000FB9C 000000000H _INITEND_              INITDATA
 0003:0000FB9C 000000006H _EXIT_                 EXITDATA
 0003:0000FBA2 000000000H _EXITEND_              EXITDATA
 0003:0000FBA4 000000000H CONST                  CONST
 0003:0000FBA4 000021840H _BSS                   BSS
 0004:00000000 000001000H STACKBASE              
 0004:00001000 00000B000H _STACK                 STACK


Detailed map of segments

 0001:00000000 0000001A C=CODE    S=_TEXT    G=(none)   M=clib\c02.ASM ACBP=A9
 0001:0000001C 00000928 C=CODE    S=_TEXT    G=(none)   M=diags.c    ACBP=A9
 0001:00000944 00002065 C=CODE    S=_TEXT    G=(none)   M=console.c  ACBP=A9
 0001:000029AC 0000382E C=CODE    S=_TEXT    G=(none)   M=useredit.c ACBP=A9
 0001:000061DC 00001541 C=CODE    S=_TEXT    G=(none)   M=user.c     ACBP=A9
 0001:00007720 00000BCC C=CODE    S=_TEXT    G=(none)   M=terminal.c ACBP=A9
 0001:000082EC 00000A8E C=CODE    S=_TEXT    G=(none)   M=task.c     ACBP=A9
 0001:00008D7C 00000AE2 C=CODE    S=_TEXT    G=(none)   M=sysop.c    ACBP=A9
 0001:00009860 0000056D C=CODE    S=_TEXT    G=(none)   M=os2ser.c   ACBP=A9
 0001:00009DD0 0000011E C=CODE    S=_TEXT    G=(none)   M=string.c   ACBP=A9
 0001:00009EF0 00000687 C=CODE    S=_TEXT    G=(none)   M=schedule.c ACBP=A9
 0001:0000A578 000015FF C=CODE    S=_TEXT    G=(none)   M=rotator.c  ACBP=A9
 0001:0000BB78 000017D7 C=CODE    S=_TEXT    G=(none)   M=protocol.c ACBP=A9
 0001:0000D350 00002F03 C=CODE    S=_TEXT    G=(none)   M=mail.c     ACBP=A9
 0001:00010254 0000103B C=CODE    S=_TEXT    G=(none)   M=link.c     ACBP=A9
 0001:00011290 00000771 C=CODE    S=_TEXT    G=(none)   M=abuf.c     ACBP=A9
 0001:00011A04 00000794 C=CODE    S=_TEXT    G=(none)   M=syslog.c   ACBP=A9
 0001:00012198 00001472 C=CODE    S=_TEXT    G=(none)   M=output.c   ACBP=A9
 0001:0001360C 00000B43 C=CODE    S=_TEXT    G=(none)   M=input.c    ACBP=A9
 0001:00014150 000014B1 C=CODE    S=_TEXT    G=(none)   M=init.c     ACBP=A9
 0001:00015604 000064FA C=CODE    S=_TEXT    G=(none)   M=gt.c       ACBP=A9
 0001:0001BB00 000020AD C=CODE    S=_TEXT    G=(none)   M=glink.c    ACBP=A9
 0001:0001DBB0 000006DD C=CODE    S=_TEXT    G=(none)   M=gfiles.c   ACBP=A9
 0001:0001E290 00000BFB C=CODE    S=_TEXT    G=(none)   M=function.c ACBP=A9
 0001:0001EE8C 00000376 C=CODE    S=_TEXT    G=(none)   M=event.c    ACBP=A9
 0001:0001F204 00000F27 C=CODE    S=_TEXT    G=(none)   M=editor.c   ACBP=A9
 0001:0002012C 0000A0A9 C=CODE    S=_TEXT    G=(none)   M=command.c  ACBP=A9
 0001:0002A1D8 0000097B C=CODE    S=_TEXT    G=(none)   M=com.c      ACBP=A9
 0001:0002AB54 00000E34 C=CODE    S=_TEXT    G=(none)   M=channel.c  ACBP=A9
 0001:0002B988 00002178 C=CODE    S=_TEXT    G=(none)   M=bbs.c      ACBP=A9
 0001:0002DB00 00000E29 C=CODE    S=_TEXT    G=(none)   M=alloc.c    ACBP=A9
 0001:0002E92C 0000160B C=CODE    S=_TEXT    G=(none)   M=dos.c      ACBP=A9
 0001:0002FF38 000013CD C=CODE    S=_TEXT    G=(none)   M=newuser.c  ACBP=A9
 0001:00031308 0000109D C=CODE    S=_TEXT    G=(none)   M=automenu.c ACBP=A9
 0001:000323A8 00000000 C=CODE    S=_TEXT    G=(none)   M=tcpip.c    ACBP=A9
 0001:000323AC 000004CE C=CODE    S=_TEXT    G=(none)   M=feedback.c ACBP=A9
 0001:0003287C 00000D84 C=CODE    S=_TEXT    G=(none)   M=except.c   ACBP=A9
 0001:00033600 000024CD C=CODE    S=_TEXT    G=(none)   M=filesec.c  ACBP=A9
 0001:00035AD0 0000001F C=CODE    S=_TEXT    G=(none)   M=..\common\abort.c ACBP=69
 0001:00035AF0 00000086 C=CODE    S=_TEXT    G=(none)   M=..\common\allocbuf.c ACBP=69
 0001:00035B80 000000A0 C=CODE    S=_TEXT    G=(none)   M=..\common\atol.c ACBP=69
 0001:00035C20 00000063 C=CODE    S=_TEXT    G=(none)   M=..\common\color.c ACBP=69
 0001:00035C90 00000018 C=CODE    S=_TEXT    G=(none)   M=..\common\cprintf.c ACBP=69
 0001:00035CB0 0000022B C=CODE    S=_TEXT    G=(none)   M=..\common\cputn.c ACBP=69
 0001:00035EE0 00000098 C=CODE    S=_TEXT    G=(none)   M=..\common\ctime.c ACBP=69
 0001:00035F80 00000000 C=CODE    S=_TEXT    G=(none)   M=..\common\ctype.c ACBP=69
 0001:00035F88 00000018 C=CODE    S=_TEXT    G=(none)   M=..\common\cvtentry.ASM ACBP=A9
 0001:00035FA0 00000016 C=CODE    S=_TEXT    G=(none)   M=..\common\cvtfak.c ACBP=69
 0001:00035FC0 00000000 C=CODE    S=_TEXT    G=(none)   M=..\common\deflt87.c ACBP=69
 0001:00035FD0 00000006 C=CODE    S=_TEXT    G=(none)   M=..\common\errno.c ACBP=69
 0001:00035FE0 000000ED C=CODE    S=_TEXT    G=(none)   M=..\common\except.c ACBP=69
 0001:000360D0 000000BC C=CODE    S=_TEXT    G=(none)   M=..\common\exit.c ACBP=69
 0001:00036190 000000A5 C=CODE    S=_TEXT    G=(none)   M=..\common\fclose.c ACBP=69
 0001:00036238 00000008 C=CODE    S=_TEXT    G=(none)   M=..\common\fdopen.ASM ACBP=A9
 0001:00036240 000000AD C=CODE    S=_TEXT    G=(none)   M=..\common\fflush.c ACBP=69
 0001:000362F0 0000011F C=CODE    S=_TEXT    G=(none)   M=..\common\fgets.c ACBP=69
 0001:00036410 00000000 C=CODE    S=_TEXT    G=(none)   M=..\common\files.c ACBP=69
 0001:00036410 00000000 C=CODE    S=_TEXT    G=(none)   M=..\common\files2.c ACBP=69
 0001:00036420 00000054 C=CODE    S=_TEXT    G=(none)   M=..\common\findfrst.c ACBP=69
 0001:00036474 00000008 C=CODE    S=_TEXT    G=(none)   M=..\common\flushall.ASM ACBP=A9
 0001:00036480 0000000F C=CODE    S=_TEXT    G=(none)   M=..\common\fmodeptr.c ACBP=69
 0001:00036490 00000208 C=CODE    S=_TEXT    G=(none)   M=..\common\fopen.c ACBP=69
 0001:000366A0 0000002F C=CODE    S=_TEXT    G=(none)   M=..\common\fprintf.c ACBP=69
 0001:000366D0 000000EE C=CODE    S=_TEXT    G=(none)   M=..\common\fputn.c ACBP=69
 0001:000367C0 00000050 C=CODE    S=_TEXT    G=(none)   M=..\common\fputs.c ACBP=69
 0001:00036810 00000193 C=CODE    S=_TEXT    G=(none)   M=..\common\fread.c ACBP=69
 0001:000369B0 00000034 C=CODE    S=_TEXT    G=(none)   M=..\common\fscanf.c ACBP=69
 0001:000369F0 0000019B C=CODE    S=_TEXT    G=(none)   M=..\common\fseek.c ACBP=69
 0001:00036B90 00000044 C=CODE    S=_TEXT    G=(none)   M=..\common\fwrite.c ACBP=69
 0001:00036BE0 00000014 C=CODE    S=_TEXT    G=(none)   M=..\common\getcwd.c ACBP=69
 0001:00036C00 00000063 C=CODE    S=_TEXT    G=(none)   M=..\common\getenv.c ACBP=69
 0001:00036C70 000000C0 C=CODE    S=_TEXT    G=(none)   M=..\common\getmem.c ACBP=69
 0001:00036D30 00000244 C=CODE    S=_TEXT    G=(none)   M=..\common\gmtime.c ACBP=69
 0001:00036F80 00000058 C=CODE    S=_TEXT    G=(none)   M=..\common\gotoxy.c ACBP=69
 0001:00036FE0 000000C2 C=CODE    S=_TEXT    G=(none)   M=..\common\gptext.c ACBP=69
 0001:000370B0 00000411 C=CODE    S=_TEXT    G=(none)   M=..\common\heap.c ACBP=69
 0001:000374D0 00000231 C=CODE    S=_TEXT    G=(none)   M=..\common\is.c ACBP=69
 0001:00037710 000001AD C=CODE    S=_TEXT    G=(none)   M=..\common\lgetc.c ACBP=69
 0001:000378C0 000000CC C=CODE    S=_TEXT    G=(none)   M=..\common\longtoa.c ACBP=69
 0001:00037990 0000012F C=CODE    S=_TEXT    G=(none)   M=..\common\lputc.c ACBP=69
 0001:00037AC0 00000020 C=CODE    S=_TEXT    G=(none)   M=..\common\memchr.ASM ACBP=A9
 0001:00037AE0 00000041 C=CODE    S=_TEXT    G=(none)   M=..\common\memcmp.c ACBP=69
 0001:00037B24 00000026 C=CODE    S=_TEXT    G=(none)   M=..\common\memcpy.ASM ACBP=A9
 0001:00037B4C 0000004C C=CODE    S=_TEXT    G=(none)   M=..\common\memmove.ASM ACBP=A9
 0001:00037B98 00000030 C=CODE    S=_TEXT    G=(none)   M=..\common\memset.ASM ACBP=A9
 0001:00037BD0 00000088 C=CODE    S=_TEXT    G=(none)   M=..\common\mkname.c ACBP=69
 0001:00037C60 00000056 C=CODE    S=_TEXT    G=(none)   M=..\common\mktime.c ACBP=69
 0001:00037CC0 0000006F C=CODE    S=_TEXT    G=(none)   M=..\common\perror.c ACBP=69
 0001:00037D30 00000035 C=CODE    S=_TEXT    G=(none)   M=..\common\printf.c ACBP=69
 0001:00037D70 00000302 C=CODE    S=_TEXT    G=(none)   M=..\common\realloc.c ACBP=69
 0001:00038074 00000008 C=CODE    S=_TEXT    G=(none)   M=..\common\remove.ASM ACBP=A9
 0001:00038080 000007B6 C=CODE    S=_TEXT    G=(none)   M=..\common\scanner.c ACBP=69
 0001:00038840 00000239 C=CODE    S=_TEXT    G=(none)   M=..\common\scantol.c ACBP=69
 0001:00038A80 00000322 C=CODE    S=_TEXT    G=(none)   M=..\common\setargv.c ACBP=69
 0001:00038DB0 00000074 C=CODE    S=_TEXT    G=(none)   M=..\common\setvbuf.c ACBP=69
 0001:00038E30 00000069 C=CODE    S=_TEXT    G=(none)   M=..\common\sprintf.c ACBP=69
 0001:00038EA0 00000385 C=CODE    S=_TEXT    G=(none)   M=..\common\startup.c ACBP=69
 0001:00039228 0000003E C=CODE    S=_TEXT    G=(none)   M=..\common\strcat.ASM ACBP=A9
 0001:00039268 0000002A C=CODE    S=_TEXT    G=(none)   M=..\common\strchr.ASM ACBP=A9
 0001:00039294 0000002D C=CODE    S=_TEXT    G=(none)   M=..\common\strcmp.ASM ACBP=A9
 0001:000392C4 00000031 C=CODE    S=_TEXT    G=(none)   M=..\common\strcpy.ASM ACBP=A9
 0001:00039300 000001E6 C=CODE    S=_TEXT    G=(none)   M=..\common\streams.c ACBP=69
 0001:000394F0 00000094 C=CODE    S=_TEXT    G=(none)   M=..\common\strerror.c ACBP=69
 0001:00039590 00000647 C=CODE    S=_TEXT    G=(none)   M=..\common\strftime.c ACBP=69
 0001:00039BD8 0000001B C=CODE    S=_TEXT    G=(none)   M=..\common\strlen.ASM ACBP=A9
 0001:00039BF4 0000004D C=CODE    S=_TEXT    G=(none)   M=..\common\strncat.ASM ACBP=A9
 0001:00039C44 00000035 C=CODE    S=_TEXT    G=(none)   M=..\common\strncmp.ASM ACBP=A9
 0001:00039C80 00000055 C=CODE    S=_TEXT    G=(none)   M=..\common\strncpy.c ACBP=69
 0001:00039CE0 00000037 C=CODE    S=_TEXT    G=(none)   M=..\common\strrchr.c ACBP=69
 0001:00039D20 000000E1 C=CODE    S=_TEXT    G=(none)   M=..\common\strstr.c ACBP=69
 0001:00039E10 00000000 C=CODE    S=_TEXT    G=(none)   M=..\common\timedata.c ACBP=69
 0001:00039E20 00000029 C=CODE    S=_TEXT    G=(none)   M=..\common\toupper.c ACBP=69
 0001:00039E50 000004C1 C=CODE    S=_TEXT    G=(none)   M=..\common\tzset.c ACBP=69
 0001:0003A320 00000055 C=CODE    S=_TEXT    G=(none)   M=..\common\ungetc.c ACBP=69
 0001:0003A380 000000E8 C=CODE    S=_TEXT    G=(none)   M=..\common\validxy.c ACBP=69
 0001:0003A470 00000038 C=CODE    S=_TEXT    G=(none)   M=..\common\vidinfo.c ACBP=69
 0001:0003A4B0 00000948 C=CODE    S=_TEXT    G=(none)   M=..\common\vprinter.c ACBP=69
 0001:0003AE00 00000020 C=CODE    S=_TEXT    G=(none)   M=..\common\wherexy.c ACBP=69
 0001:0003AE20 0000006F C=CODE    S=_TEXT    G=(none)   M=..\common\window.c ACBP=69
 0001:0003AE90 00000000 C=CODE    S=_TEXT    G=(none)   M=..\common\wscroll.c ACBP=69
 0001:0003AEA0 0000003B C=CODE    S=_TEXT    G=(none)   M=..\common\xfclose.c ACBP=69
 0001:0003AEE0 0000002D C=CODE    S=_TEXT    G=(none)   M=..\common\xfflush.c ACBP=69
 0001:0003AF10 00000013 C=CODE    S=_TEXT    G=(none)   M=..\common\_cfinfo.c ACBP=69
 0001:0003AF30 00000041 C=CODE    S=_TEXT    G=(none)   M=..\common\_fdopen.c ACBP=69
 0001:0003AF80 00000041 C=CODE    S=_TEXT    G=(none)   M=..\common\_flshall.c ACBP=69
 0001:0003AFD0 00000018 C=CODE    S=_TEXT    G=(none)   M=..\common\_fputc.c ACBP=69
 0001:0003AFF0 00000025 C=CODE    S=_TEXT    G=(none)   M=..\common\_stpcpy.c ACBP=69
 0001:0003B020 00000019 C=CODE    S=_TEXT    G=(none)   M=..\common\_umask.c ACBP=69
 0001:0003B040 000000BE C=CODE    S=_TEXT    G=(none)   M=..\common\__eof.c ACBP=69
 0001:0003B100 000001C9 C=CODE    S=_TEXT    G=(none)   M=..\common\__read.c ACBP=69
 0001:0003B2D0 000001CE C=CODE    S=_TEXT    G=(none)   M=..\common\__write.c ACBP=69
 0001:0003B4A0 00000015 C=CODE    S=_TEXT    G=(none)   M=..\common\clear87.ASM ACBP=A9
 0001:0003B4B8 0000002A C=CODE    S=_TEXT    G=(none)   M=..\common\ctrl87.ASM ACBP=A9
 0001:0003B4E4 00000014 C=CODE    S=_TEXT    G=(none)   M=..\common\fpreset.ASM ACBP=A9
 0001:0003B500 00000018 C=CODE    S=_TEXT    G=(none)   M=..\common\mathptr.c ACBP=69
 0001:0003B520 00000025 C=CODE    S=_TEXT    G=(none)   M=..\common\fgetc.c ACBP=69
 0001:0003B550 00000028 C=CODE    S=_TEXT    G=(none)   M=..\common\fputc.c ACBP=69
 0001:0003B580 00000047 C=CODE    S=_TEXT    G=(none)   M=..\common\thrdbuf.c ACBP=69
 0001:0003B5D0 00000000 C=CODE    S=_TEXT    G=(none)   M=..\common\fmode.c ACBP=69
 0001:0003B5E0 00000039 C=CODE    S=_TEXT    G=(none)   M=..\common\matherr.c ACBP=69
 0001:0003B620 00000043 C=CODE    S=_TEXT    G=(none)   M=..\common\matherrl.c ACBP=69
 0001:0003B670 00000001 C=CODE    S=_TEXT    G=(none)   M=..\common\nowild.c ACBP=69
 0001:0003B680 00000053 C=CODE    S=_TEXT    G=(none)   M=clib\chdrive.c ACBP=69
 0001:0003B6E0 0000015E C=CODE    S=_TEXT    G=(none)   M=clib\clrscr.c ACBP=69
 0001:0003B840 000006A0 C=CODE    S=_TEXT    G=(none)   M=clib\crtinit.c ACBP=69
 0001:0003BEE0 000001E3 C=CODE    S=_TEXT    G=(none)   M=clib\dosfind.c ACBP=69
 0001:0003C0D0 0000006F C=CODE    S=_TEXT    G=(none)   M=clib\errormsg.c ACBP=69
 0001:0003C140 00000039 C=CODE    S=_TEXT    G=(none)   M=clib\getcurdi.c ACBP=69
 0001:0003C180 000000C7 C=CODE    S=_TEXT    G=(none)   M=clib\getdcwd.c ACBP=69
 0001:0003C250 0000004C C=CODE    S=_TEXT    G=(none)   M=clib\getdfree.c ACBP=69
 0001:0003C2A0 00000079 C=CODE    S=_TEXT    G=(none)   M=clib\getdisk.c ACBP=69
 0001:0003C320 000002CE C=CODE    S=_TEXT    G=(none)   M=clib\handles.c ACBP=69
 0001:0003C5F0 00000068 C=CODE    S=_TEXT    G=(none)   M=clib\ioerror.c ACBP=69
 0001:0003C660 00000029 C=CODE    S=_TEXT    G=(none)   M=clib\mkdir.c ACBP=69
 0001:0003C690 00000087 C=CODE    S=_TEXT    G=(none)   M=clib\movecurs.c ACBP=69
 0001:0003C720 00000035 C=CODE    S=_TEXT    G=(none)   M=clib\rename.c ACBP=69
 0001:0003C760 00000027 C=CODE    S=_TEXT    G=(none)   M=clib\rmdir.c ACBP=69
 0001:0003C790 00000176 C=CODE    S=_TEXT    G=(none)   M=clib\scroll.c ACBP=69
 0001:0003C908 0000000F C=CODE    S=_TEXT    G=(none)   M=clib\setexc.ASM ACBP=A9
 0001:0003C920 00000130 C=CODE    S=_TEXT    G=(none)   M=clib\setenvp.c ACBP=69
 0001:0003CA50 000003CE C=CODE    S=_TEXT    G=(none)   M=clib\signal.c ACBP=69
 0001:0003CE20 0000005C C=CODE    S=_TEXT    G=(none)   M=clib\time.c ACBP=69
 0001:0003CE80 000000C5 C=CODE    S=_TEXT    G=(none)   M=clib\virtmem.c ACBP=69
 0001:0003CF50 0000012B C=CODE    S=_TEXT    G=(none)   M=clib\vram.c ACBP=69
 0001:0003D080 0000002E C=CODE    S=_TEXT    G=(none)   M=clib\_getpid.c ACBP=69
 0001:0003D0B0 00000035 C=CODE    S=_TEXT    G=(none)   M=clib\_read.c ACBP=69
 0001:0003D0F0 000000D6 C=CODE    S=_TEXT    G=(none)   M=clib\_wherexy.c ACBP=69
 0001:0003D1D0 00000035 C=CODE    S=_TEXT    G=(none)   M=clib\_write.c ACBP=69
 0001:0003D210 00000057 C=CODE    S=_TEXT    G=(none)   M=clib\__access.c ACBP=69
 0001:0003D270 0000005F C=CODE    S=_TEXT    G=(none)   M=clib\__close.c ACBP=69
 0001:0003D2D0 00000042 C=CODE    S=_TEXT    G=(none)   M=clib\__isatty.c ACBP=69
 0001:0003D320 00000093 C=CODE    S=_TEXT    G=(none)   M=clib\__lseek.c ACBP=69
 0001:0003D3C0 000001BC C=CODE    S=_TEXT    G=(none)   M=clib\__open.c ACBP=69
 0001:0003D580 00000032 C=CODE    S=_TEXT    G=(none)   M=clib\__unlink.c ACBP=69
 0001:0003D5C0 0000008B C=CODE    S=_TEXT    G=(none)   M=clib\_lock.c ACBP=69
 0001:0003D650 00000173 C=CODE    S=_TEXT    G=(none)   M=clib\thrddata.c ACBP=69
 0001:0003D7D0 000000D1 C=CODE    S=_TEXT    G=(none)   M=clib\thread.c ACBP=69
 0001:0003D8A4 00000008 C=CODE    S=_TEXT    G=(none)   M=clib\threadid.ASM ACBP=A9
 0002:00000000 00000038 C=CODE    S=_TEXT16  G=(none)   M=console.c  ACBP=48
 0002:00000038 0000000E C=CODE    S=_TEXT16  G=(none)   M=..\common\cputn.c ACBP=48
 0002:00000046 0000000E C=CODE    S=_TEXT16  G=(none)   M=clib\clrscr.c ACBP=48
 0002:00000054 00000046 C=CODE    S=_TEXT16  G=(none)   M=clib\crtinit.c ACBP=48
 0002:0000009A 0000000E C=CODE    S=_TEXT16  G=(none)   M=clib\movecurs.c ACBP=48
 0002:000000A8 0000001C C=CODE    S=_TEXT16  G=(none)   M=clib\scroll.c ACBP=48
 0002:000000C4 0000000E C=CODE    S=_TEXT16  G=(none)   M=clib\vram.c ACBP=48
 0002:000000D2 0000000E C=CODE    S=_TEXT16  G=(none)   M=clib\_wherexy.c ACBP=48
 0003:00000000 00000060 C=DATA    S=_DATA    G=DGROUP   M=clib\c02.ASM ACBP=A9
 0003:00000060 000002C1 C=DATA    S=_DATA    G=DGROUP   M=diags.c    ACBP=A9
 0003:00000324 000000F1 C=DATA    S=_DATA    G=DGROUP   M=console.c  ACBP=A9
 0003:00000418 00001F89 C=DATA    S=_DATA    G=DGROUP   M=useredit.c ACBP=A9
 0003:000023A4 00000634 C=DATA    S=_DATA    G=DGROUP   M=user.c     ACBP=A9
 0003:000029D8 000002B7 C=DATA    S=_DATA    G=DGROUP   M=terminal.c ACBP=A9
 0003:00002C90 0000010F C=DATA    S=_DATA    G=DGROUP   M=task.c     ACBP=A9
 0003:00002DA0 000008F3 C=DATA    S=_DATA    G=DGROUP   M=sysop.c    ACBP=A9
 0003:00003694 00000073 C=DATA    S=_DATA    G=DGROUP   M=os2ser.c   ACBP=A9
 0003:00003708 00000170 C=DATA    S=_DATA    G=DGROUP   M=string.c   ACBP=A9
 0003:00003878 00000010 C=DATA    S=_DATA    G=DGROUP   M=schedule.c ACBP=A9
 0003:00003888 00000732 C=DATA    S=_DATA    G=DGROUP   M=rotator.c  ACBP=A9
 0003:00003FBC 00000257 C=DATA    S=_DATA    G=DGROUP   M=protocol.c ACBP=A9
 0003:00004214 00000A08 C=DATA    S=_DATA    G=DGROUP   M=mail.c     ACBP=A9
 0003:00004C1C 000001D3 C=DATA    S=_DATA    G=DGROUP   M=link.c     ACBP=A9
 0003:00004DF0 00000008 C=DATA    S=_DATA    G=DGROUP   M=abuf.c     ACBP=A9
 0003:00004DF8 00000121 C=DATA    S=_DATA    G=DGROUP   M=syslog.c   ACBP=A9
 0003:00004F1C 0000010D C=DATA    S=_DATA    G=DGROUP   M=output.c   ACBP=A9
 0003:0000502C 000000B3 C=DATA    S=_DATA    G=DGROUP   M=input.c    ACBP=A9
 0003:000050E0 00000D11 C=DATA    S=_DATA    G=DGROUP   M=init.c     ACBP=A9
 0003:00005DF4 00000F15 C=DATA    S=_DATA    G=DGROUP   M=gt.c       ACBP=A9
 0003:00006D0C 00000212 C=DATA    S=_DATA    G=DGROUP   M=glink.c    ACBP=A9
 0003:00006F20 00000166 C=DATA    S=_DATA    G=DGROUP   M=gfiles.c   ACBP=A9
 0003:00007088 000000D6 C=DATA    S=_DATA    G=DGROUP   M=function.c ACBP=A9
 0003:00007160 000000E5 C=DATA    S=_DATA    G=DGROUP   M=event.c    ACBP=A9
 0003:00007248 0000022D C=DATA    S=_DATA    G=DGROUP   M=editor.c   ACBP=A9
 0003:00007478 000040B2 C=DATA    S=_DATA    G=DGROUP   M=command.c  ACBP=A9
 0003:0000B52C 00000000 C=DATA    S=_DATA    G=DGROUP   M=com.c      ACBP=A9
 0003:0000B530 000002A8 C=DATA    S=_DATA    G=DGROUP   M=channel.c  ACBP=A9
 0003:0000B7D8 000008F7 C=DATA    S=_DATA    G=DGROUP   M=bbs.c      ACBP=A9
 0003:0000C0D0 000002A6 C=DATA    S=_DATA    G=DGROUP   M=alloc.c    ACBP=A9
 0003:0000C378 0000058E C=DATA    S=_DATA    G=DGROUP   M=dos.c      ACBP=A9
 0003:0000C908 000009C8 C=DATA    S=_DATA    G=DGROUP   M=newuser.c  ACBP=A9
 0003:0000D2D0 000000BC C=DATA    S=_DATA    G=DGROUP   M=automenu.c ACBP=A9
 0003:0000D38C 00000000 C=DATA    S=_DATA    G=DGROUP   M=tcpip.c    ACBP=A9
 0003:0000D38C 00000185 C=DATA    S=_DATA    G=DGROUP   M=feedback.c ACBP=A9
 0003:0000D514 000004ED C=DATA    S=_DATA    G=DGROUP   M=except.c   ACBP=A9
 0003:0000DA04 00000DF6 C=DATA    S=_DATA    G=DGROUP   M=filesec.c  ACBP=A9
 0003:0000E7FC 0000001D C=DATA    S=_DATA    G=DGROUP   M=..\common\abort.c ACBP=A9
 0003:0000E81C 00000000 C=DATA    S=_DATA    G=DGROUP   M=..\common\allocbuf.c ACBP=A9
 0003:0000E81C 00000000 C=DATA    S=_DATA    G=DGROUP   M=..\common\atol.c ACBP=A9
 0003:0000E81C 00000000 C=DATA    S=_DATA    G=DGROUP   M=..\common\color.c ACBP=A9
 0003:0000E81C 00000000 C=DATA    S=_DATA    G=DGROUP   M=..\common\cprintf.c ACBP=A9
 0003:0000E81C 00000000 C=DATA    S=_DATA    G=DGROUP   M=..\common\cputn.c ACBP=A9
 0003:0000E820 00000022 C=DATA    S=_DATA    G=DGROUP   M=..\common\ctime.c ACBP=A9
 0003:0000E844 00000101 C=DATA    S=_DATA    G=DGROUP   M=..\common\ctype.c ACBP=A9
 0003:0000E948 00000000 C=DATA    S=_DATA    G=DGROUP   M=..\common\cvtentry.ASM ACBP=A9
 0003:0000E94C 00000065 C=DATA    S=_DATA    G=DGROUP   M=..\common\cvtfak.c ACBP=A9
 0003:0000E9B4 00000004 C=DATA    S=_DATA    G=DGROUP   M=..\common\deflt87.c ACBP=A9
 0003:0000E9B8 00000000 C=DATA    S=_DATA    G=DGROUP   M=..\common\errno.c ACBP=A9
 0003:0000E9B8 00000014 C=DATA    S=_DATA    G=DGROUP   M=..\common\except.c ACBP=A9
 0003:0000E9CC 00000010 C=DATA    S=_DATA    G=DGROUP   M=..\common\exit.c ACBP=A9
 0003:0000E9DC 00000000 C=DATA    S=_DATA    G=DGROUP   M=..\common\fclose.c ACBP=A9
 0003:0000E9DC 00000000 C=DATA    S=_DATA    G=DGROUP   M=..\common\fdopen.ASM ACBP=A9
 0003:0000E9DC 00000000 C=DATA    S=_DATA    G=DGROUP   M=..\common\fflush.c ACBP=A9
 0003:0000E9DC 00000000 C=DATA    S=_DATA    G=DGROUP   M=..\common\fgets.c ACBP=A9
 0003:0000E9DC 000003C0 C=DATA    S=_DATA    G=DGROUP   M=..\common\files.c ACBP=A9
 0003:0000ED9C 000000A4 C=DATA    S=_DATA    G=DGROUP   M=..\common\files2.c ACBP=A9
 0003:0000EE40 00000000 C=DATA    S=_DATA    G=DGROUP   M=..\common\findfrst.c ACBP=A9
 0003:0000EE40 00000000 C=DATA    S=_DATA    G=DGROUP   M=..\common\flushall.ASM ACBP=A9
 0003:0000EE40 00000004 C=DATA    S=_DATA    G=DGROUP   M=..\common\fmodeptr.c ACBP=A9
 0003:0000EE44 00000000 C=DATA    S=_DATA    G=DGROUP   M=..\common\fopen.c ACBP=A9
 0003:0000EE44 00000000 C=DATA    S=_DATA    G=DGROUP   M=..\common\fprintf.c ACBP=A9
 0003:0000EE44 00000000 C=DATA    S=_DATA    G=DGROUP   M=..\common\fputn.c ACBP=A9
 0003:0000EE44 00000000 C=DATA    S=_DATA    G=DGROUP   M=..\common\fputs.c ACBP=A9
 0003:0000EE44 00000000 C=DATA    S=_DATA    G=DGROUP   M=..\common\fread.c ACBP=A9
 0003:0000EE44 00000000 C=DATA    S=_DATA    G=DGROUP   M=..\common\fscanf.c ACBP=A9
 0003:0000EE44 00000000 C=DATA    S=_DATA    G=DGROUP   M=..\common\fseek.c ACBP=A9
 0003:0000EE44 00000000 C=DATA    S=_DATA    G=DGROUP   M=..\common\fwrite.c ACBP=A9
 0003:0000EE44 00000000 C=DATA    S=_DATA    G=DGROUP   M=..\common\getcwd.c ACBP=A9
 0003:0000EE44 00000000 C=DATA    S=_DATA    G=DGROUP   M=..\common\getenv.c ACBP=A9
 0003:0000EE44 00000008 C=DATA    S=_DATA    G=DGROUP   M=..\common\getmem.c ACBP=A9
 0003:0000EE4C 00000000 C=DATA    S=_DATA    G=DGROUP   M=..\common\gmtime.c ACBP=A9
 0003:0000EE4C 00000000 C=DATA    S=_DATA    G=DGROUP   M=..\common\gotoxy.c ACBP=A9
 0003:0000EE4C 00000000 C=DATA    S=_DATA    G=DGROUP   M=..\common\gptext.c ACBP=A9
 0003:0000EE4C 0000002F C=DATA    S=_DATA    G=DGROUP   M=..\common\heap.c ACBP=A9
 0003:0000EE7C 00000000 C=DATA    S=_DATA    G=DGROUP   M=..\common\is.c ACBP=A9
 0003:0000EE7C 00000000 C=DATA    S=_DATA    G=DGROUP   M=..\common\lgetc.c ACBP=A9
 0003:0000EE7C 00000000 C=DATA    S=_DATA    G=DGROUP   M=..\common\longtoa.c ACBP=A9
 0003:0000EE7C 00000000 C=DATA    S=_DATA    G=DGROUP   M=..\common\lputc.c ACBP=A9
 0003:0000EE7C 00000000 C=DATA    S=_DATA    G=DGROUP   M=..\common\memchr.ASM ACBP=A9
 0003:0000EE7C 00000000 C=DATA    S=_DATA    G=DGROUP   M=..\common\memcmp.c ACBP=A9
 0003:0000EE7C 00000000 C=DATA    S=_DATA    G=DGROUP   M=..\common\memcpy.ASM ACBP=A9
 0003:0000EE7C 00000000 C=DATA    S=_DATA    G=DGROUP   M=..\common\memmove.ASM ACBP=A9
 0003:0000EE7C 00000000 C=DATA    S=_DATA    G=DGROUP   M=..\common\memset.ASM ACBP=A9
 0003:0000EE80 00000009 C=DATA    S=_DATA    G=DGROUP   M=..\common\mkname.c ACBP=A9
 0003:0000EE8C 00000000 C=DATA    S=_DATA    G=DGROUP   M=..\common\mktime.c ACBP=A9
 0003:0000EE90 00000475 C=DATA    S=_DATA    G=DGROUP   M=..\common\perror.c ACBP=A9
 0003:0000F308 00000000 C=DATA    S=_DATA    G=DGROUP   M=..\common\printf.c ACBP=A9
 0003:0000F308 00000000 C=DATA    S=_DATA    G=DGROUP   M=..\common\realloc.c ACBP=A9
 0003:0000F308 00000000 C=DATA    S=_DATA    G=DGROUP   M=..\common\remove.ASM ACBP=A9
 0003:0000F30C 00000080 C=DATA    S=_DATA    G=DGROUP   M=..\common\scanner.c ACBP=A9
 0003:0000F38C 00000000 C=DATA    S=_DATA    G=DGROUP   M=..\common\scantol.c ACBP=A9
 0003:0000F38C 00000077 C=DATA    S=_DATA    G=DGROUP   M=..\common\setargv.c ACBP=A9
 0003:0000F404 00000000 C=DATA    S=_DATA    G=DGROUP   M=..\common\setvbuf.c ACBP=A9
 0003:0000F404 00000000 C=DATA    S=_DATA    G=DGROUP   M=..\common\sprintf.c ACBP=A9
 0003:0000F408 0000005B C=DATA    S=_DATA    G=DGROUP   M=..\common\startup.c ACBP=A9
 0003:0000F464 00000000 C=DATA    S=_DATA    G=DGROUP   M=..\common\strcat.ASM ACBP=A9
 0003:0000F464 00000000 C=DATA    S=_DATA    G=DGROUP   M=..\common\strchr.ASM ACBP=A9
 0003:0000F464 00000000 C=DATA    S=_DATA    G=DGROUP   M=..\common\strcmp.ASM ACBP=A9
 0003:0000F464 00000000 C=DATA    S=_DATA    G=DGROUP   M=..\common\strcpy.ASM ACBP=A9
 0003:0000F468 000000A6 C=DATA    S=_DATA    G=DGROUP   M=..\common\streams.c ACBP=A9
 0003:0000F510 00000013 C=DATA    S=_DATA    G=DGROUP   M=..\common\strerror.c ACBP=A9
 0003:0000F524 00000013 C=DATA    S=_DATA    G=DGROUP   M=..\common\strftime.c ACBP=A9
 0003:0000F538 00000000 C=DATA    S=_DATA    G=DGROUP   M=..\common\strlen.ASM ACBP=A9
 0003:0000F538 00000000 C=DATA    S=_DATA    G=DGROUP   M=..\common\strncat.ASM ACBP=A9
 0003:0000F538 00000000 C=DATA    S=_DATA    G=DGROUP   M=..\common\strncmp.ASM ACBP=A9
 0003:0000F538 00000000 C=DATA    S=_DATA    G=DGROUP   M=..\common\strncpy.c ACBP=A9
 0003:0000F538 00000000 C=DATA    S=_DATA    G=DGROUP   M=..\common\strrchr.c ACBP=A9
 0003:0000F538 00000000 C=DATA    S=_DATA    G=DGROUP   M=..\common\strstr.c ACBP=A9
 0003:0000F53C 000001C1 C=DATA    S=_DATA    G=DGROUP   M=..\common\timedata.c ACBP=A9
 0003:0000F700 00000000 C=DATA    S=_DATA    G=DGROUP   M=..\common\toupper.c ACBP=A9
 0003:0000F704 0000001B C=DATA    S=_DATA    G=DGROUP   M=..\common\tzset.c ACBP=A9
 0003:0000F720 00000000 C=DATA    S=_DATA    G=DGROUP   M=..\common\ungetc.c ACBP=A9
 0003:0000F720 00000000 C=DATA    S=_DATA    G=DGROUP   M=..\common\validxy.c ACBP=A9
 0003:0000F720 00000000 C=DATA    S=_DATA    G=DGROUP   M=..\common\vidinfo.c ACBP=A9
 0003:0000F724 00000067 C=DATA    S=_DATA    G=DGROUP   M=..\common\vprinter.c ACBP=A9
 0003:0000F78C 00000000 C=DATA    S=_DATA    G=DGROUP   M=..\common\wherexy.c ACBP=A9
 0003:0000F78C 00000000 C=DATA    S=_DATA    G=DGROUP   M=..\common\window.c ACBP=A9
 0003:0000F790 00000004 C=DATA    S=_DATA    G=DGROUP   M=..\common\wscroll.c ACBP=A9
 0003:0000F794 00000000 C=DATA    S=_DATA    G=DGROUP   M=..\common\xfclose.c ACBP=A9
 0003:0000F794 00000000 C=DATA    S=_DATA    G=DGROUP   M=..\common\xfflush.c ACBP=A9
 0003:0000F794 00000016 C=DATA    S=_DATA    G=DGROUP   M=..\common\_cfinfo.c ACBP=A9
 0003:0000F7AC 00000000 C=DATA    S=_DATA    G=DGROUP   M=..\common\_fdopen.c ACBP=A9
 0003:0000F7AC 00000000 C=DATA    S=_DATA    G=DGROUP   M=..\common\_flshall.c ACBP=A9
 0003:0000F7AC 00000000 C=DATA    S=_DATA    G=DGROUP   M=..\common\_fputc.c ACBP=A9
 0003:0000F7AC 00000000 C=DATA    S=_DATA    G=DGROUP   M=..\common\_stpcpy.c ACBP=A9
 0003:0000F7B0 00000004 C=DATA    S=_DATA    G=DGROUP   M=..\common\_umask.c ACBP=A9
 0003:0000F7B4 00000000 C=DATA    S=_DATA    G=DGROUP   M=..\common\__eof.c ACBP=A9
 0003:0000F7B4 00000000 C=DATA    S=_DATA    G=DGROUP   M=..\common\__read.c ACBP=A9
 0003:0000F7B4 00000000 C=DATA    S=_DATA    G=DGROUP   M=..\common\__write.c ACBP=A9
 0003:0000F7B4 00000000 C=DATA    S=_DATA    G=DGROUP   M=..\common\clear87.ASM ACBP=A9
 0003:0000F7B4 00000000 C=DATA    S=_DATA    G=DGROUP   M=..\common\ctrl87.ASM ACBP=A9
 0003:0000F7B4 00000000 C=DATA    S=_DATA    G=DGROUP   M=..\common\fpreset.ASM ACBP=A9
 0003:0000F7B4 00000008 C=DATA    S=_DATA    G=DGROUP   M=..\common\mathptr.c ACBP=A9
 0003:0000F7BC 00000000 C=DATA    S=_DATA    G=DGROUP   M=..\common\fgetc.c ACBP=A9
 0003:0000F7BC 00000000 C=DATA    S=_DATA    G=DGROUP   M=..\common\fputc.c ACBP=A9
 0003:0000F7BC 00000000 C=DATA    S=_DATA    G=DGROUP   M=..\common\thrdbuf.c ACBP=A9
 0003:0000F7BC 00000004 C=DATA    S=_DATA    G=DGROUP   M=..\common\fmode.c ACBP=A9
 0003:0000F7C0 00000008 C=DATA    S=_DATA    G=DGROUP   M=..\common\matherr.c ACBP=A9
 0003:0000F7C8 0000000A C=DATA    S=_DATA    G=DGROUP   M=..\common\matherrl.c ACBP=A9
 0003:0000F7D4 00000000 C=DATA    S=_DATA    G=DGROUP   M=..\common\nowild.c ACBP=A9
 0003:0000F7D4 00000000 C=DATA    S=_DATA    G=DGROUP   M=clib\chdrive.c ACBP=A9
 0003:0000F7D4 00000000 C=DATA    S=_DATA    G=DGROUP   M=clib\clrscr.c ACBP=A9
 0003:0000F7D8 0000004A C=DATA    S=_DATA    G=DGROUP   M=clib\crtinit.c ACBP=A9
 0003:0000F824 0000004E C=DATA    S=_DATA    G=DGROUP   M=clib\dosfind.c ACBP=A9
 0003:0000F874 00000006 C=DATA    S=_DATA    G=DGROUP   M=clib\errormsg.c ACBP=A9
 0003:0000F87C 00000000 C=DATA    S=_DATA    G=DGROUP   M=clib\getcurdi.c ACBP=A9
 0003:0000F87C 00000000 C=DATA    S=_DATA    G=DGROUP   M=clib\getdcwd.c ACBP=A9
 0003:0000F87C 00000000 C=DATA    S=_DATA    G=DGROUP   M=clib\getdfree.c ACBP=A9
 0003:0000F87C 00000000 C=DATA    S=_DATA    G=DGROUP   M=clib\getdisk.c ACBP=A9
 0003:0000F880 000000A6 C=DATA    S=_DATA    G=DGROUP   M=clib\handles.c ACBP=A9
 0003:0000F928 0000012E C=DATA    S=_DATA    G=DGROUP   M=clib\ioerror.c ACBP=A9
 0003:0000FA58 00000000 C=DATA    S=_DATA    G=DGROUP   M=clib\mkdir.c ACBP=A9
 0003:0000FA58 00000000 C=DATA    S=_DATA    G=DGROUP   M=clib\movecurs.c ACBP=A9
 0003:0000FA58 00000000 C=DATA    S=_DATA    G=DGROUP   M=clib\rename.c ACBP=A9
 0003:0000FA58 00000000 C=DATA    S=_DATA    G=DGROUP   M=clib\rmdir.c ACBP=A9
 0003:0000FA58 00000000 C=DATA    S=_DATA    G=DGROUP   M=clib\scroll.c ACBP=A9
 0003:0000FA58 00000000 C=DATA    S=_DATA    G=DGROUP   M=clib\setexc.ASM ACBP=A9
 0003:0000FA5C 00000052 C=DATA    S=_DATA    G=DGROUP   M=clib\setenvp.c ACBP=A9
 0003:0000FAB0 00000033 C=DATA    S=_DATA    G=DGROUP   M=clib\signal.c ACBP=A9
 0003:0000FAE4 00000000 C=DATA    S=_DATA    G=DGROUP   M=clib\time.c ACBP=A9
 0003:0000FAE4 00000000 C=DATA    S=_DATA    G=DGROUP   M=clib\virtmem.c ACBP=A9
 0003:0000FAE4 00000000 C=DATA    S=_DATA    G=DGROUP   M=clib\vram.c ACBP=A9
 0003:0000FAE4 00000000 C=DATA    S=_DATA    G=DGROUP   M=clib\_getpid.c ACBP=A9
 0003:0000FAE4 00000000 C=DATA    S=_DATA    G=DGROUP   M=clib\_read.c ACBP=A9
 0003:0000FAE4 00000000 C=DATA    S=_DATA    G=DGROUP   M=clib\_wherexy.c ACBP=A9
 0003:0000FAE4 00000000 C=DATA    S=_DATA    G=DGROUP   M=clib\_write.c ACBP=A9
 0003:0000FAE4 00000000 C=DATA    S=_DATA    G=DGROUP   M=clib\__access.c ACBP=A9
 0003:0000FAE4 00000000 C=DATA    S=_DATA    G=DGROUP   M=clib\__close.c ACBP=A9
 0003:0000FAE4 00000000 C=DATA    S=_DATA    G=DGROUP   M=clib\__isatty.c ACBP=A9
 0003:0000FAE4 00000000 C=DATA    S=_DATA    G=DGROUP   M=clib\__lseek.c ACBP=A9
 0003:0000FAE4 00000000 C=DATA    S=_DATA    G=DGROUP   M=clib\__open.c ACBP=A9
 0003:0000FAE4 00000000 C=DATA    S=_DATA    G=DGROUP   M=clib\__unlink.c ACBP=A9
 0003:0000FAE8 00000011 C=DATA    S=_DATA    G=DGROUP   M=clib\_lock.c ACBP=A9
 0003:0000FAFC 00000062 C=DATA    S=_DATA    G=DGROUP   M=clib\thrddata.c ACBP=A9
 0003:0000FB60 00000000 C=DATA    S=_DATA    G=DGROUP   M=clib\thread.c ACBP=A9
 0003:0000FB60 00000000 C=DATA    S=_DATA    G=DGROUP   M=clib\threadid.ASM ACBP=A9
 0003:0000FB60 00000000 C=INITDATA S=_INIT_   G=DGROUP   M=clib\c02.ASM ACBP=49
 0003:0000FB60 00000006 C=INITDATA S=_INIT_   G=DGROUP   M=..\common\except.c ACBP=49
 0003:0000FB66 00000006 C=INITDATA S=_INIT_   G=DGROUP   M=..\common\files.c ACBP=49
 0003:0000FB6C 00000006 C=INITDATA S=_INIT_   G=DGROUP   M=..\common\files2.c ACBP=49
 0003:0000FB72 00000006 C=INITDATA S=_INIT_   G=DGROUP   M=..\common\heap.c ACBP=49
 0003:0000FB78 00000006 C=INITDATA S=_INIT_   G=DGROUP   M=..\common\setargv.c ACBP=49
 0003:0000FB7E 00000006 C=INITDATA S=_INIT_   G=DGROUP   M=..\common\tzset.c ACBP=49
 0003:0000FB84 00000006 C=INITDATA S=_INIT_   G=DGROUP   M=clib\crtinit.c ACBP=49
 0003:0000FB8A 00000006 C=INITDATA S=_INIT_   G=DGROUP   M=clib\dosfind.c ACBP=49
 0003:0000FB90 00000006 C=INITDATA S=_INIT_   G=DGROUP   M=clib\setenvp.c ACBP=49
 0003:0000FB96 00000006 C=INITDATA S=_INIT_   G=DGROUP   M=clib\thrddata.c ACBP=49
 0003:0000FB9C 00000000 C=INITDATA S=_INITEND_ G=DGROUP   M=clib\c02.ASM ACBP=49
 0003:0000FB9C 00000000 C=EXITDATA S=_EXIT_   G=DGROUP   M=clib\c02.ASM ACBP=49
 0003:0000FB9C 00000006 C=EXITDATA S=_EXIT_   G=DGROUP   M=..\common\except.c ACBP=49
 0003:0000FBA2 00000000 C=EXITDATA S=_EXITEND_ G=DGROUP   M=clib\c02.ASM ACBP=49
 0003:0000FBA4 00000000 C=CONST   S=CONST    G=DGROUP   M=clib\c02.ASM ACBP=A9
 0003:0000FBA4 00000000 C=BSS     S=_BSS     G=DGROUP   M=clib\c02.ASM ACBP=A9
 0003:0000FBA4 00000000 C=BSS     S=_BSS     G=DGROUP   M=diags.c    ACBP=A9
 0003:0000FBA4 0000060B C=BSS     S=_BSS     G=DGROUP   M=console.c  ACBP=A9
 0003:000101B0 00000000 C=BSS     S=_BSS     G=DGROUP   M=useredit.c ACBP=A9
 0003:000101B4 0000F0B4 C=BSS     S=_BSS     G=DGROUP   M=user.c     ACBP=A9
 0003:0001F268 00000000 C=BSS     S=_BSS     G=DGROUP   M=terminal.c ACBP=A9
 0003:0001F268 00000BBE C=BSS     S=_BSS     G=DGROUP   M=task.c     ACBP=A9
 0003:0001FE28 00000000 C=BSS     S=_BSS     G=DGROUP   M=sysop.c    ACBP=A9
 0003:0001FE28 00000000 C=BSS     S=_BSS     G=DGROUP   M=os2ser.c   ACBP=A9
 0003:0001FE28 00000000 C=BSS     S=_BSS     G=DGROUP   M=string.c   ACBP=A9
 0003:0001FE2C 0000053C C=BSS     S=_BSS     G=DGROUP   M=schedule.c ACBP=A9
 0003:00020368 00000090 C=BSS     S=_BSS     G=DGROUP   M=rotator.c  ACBP=A9
 0003:000203F8 00000000 C=BSS     S=_BSS     G=DGROUP   M=protocol.c ACBP=A9
 0003:000203F8 00000000 C=BSS     S=_BSS     G=DGROUP   M=mail.c     ACBP=A9
 0003:000203F8 00000000 C=BSS     S=_BSS     G=DGROUP   M=link.c     ACBP=A9
 0003:000203F8 000004B0 C=BSS     S=_BSS     G=DGROUP   M=abuf.c     ACBP=A9
 0003:000208A8 00000000 C=BSS     S=_BSS     G=DGROUP   M=syslog.c   ACBP=A9
 0003:000208A8 0000012C C=BSS     S=_BSS     G=DGROUP   M=output.c   ACBP=A9
 0003:000209D4 00000000 C=BSS     S=_BSS     G=DGROUP   M=input.c    ACBP=A9
 0003:000209D4 00000046 C=BSS     S=_BSS     G=DGROUP   M=init.c     ACBP=A9
 0003:00020A1C 00002D5E C=BSS     S=_BSS     G=DGROUP   M=gt.c       ACBP=A9
 0003:0002377C 00000192 C=BSS     S=_BSS     G=DGROUP   M=glink.c    ACBP=A9
 0003:00023910 00000000 C=BSS     S=_BSS     G=DGROUP   M=gfiles.c   ACBP=A9
 0003:00023914 00000080 C=BSS     S=_BSS     G=DGROUP   M=function.c ACBP=A9
 0003:00023994 00000000 C=BSS     S=_BSS     G=DGROUP   M=event.c    ACBP=A9
 0003:00023994 00000000 C=BSS     S=_BSS     G=DGROUP   M=editor.c   ACBP=A9
 0003:00023994 00000000 C=BSS     S=_BSS     G=DGROUP   M=command.c  ACBP=A9
 0003:00023994 0000B512 C=BSS     S=_BSS     G=DGROUP   M=com.c      ACBP=A9
 0003:0002EEA8 00000EE2 C=BSS     S=_BSS     G=DGROUP   M=channel.c  ACBP=A9
 0003:0002FD8C 00000000 C=BSS     S=_BSS     G=DGROUP   M=bbs.c      ACBP=A9
 0003:0002FD90 00001238 C=BSS     S=_BSS     G=DGROUP   M=alloc.c    ACBP=A9
 0003:00030FC8 00000000 C=BSS     S=_BSS     G=DGROUP   M=dos.c      ACBP=A9
 0003:00030FC8 00000000 C=BSS     S=_BSS     G=DGROUP   M=newuser.c  ACBP=A9
 0003:00030FC8 00000000 C=BSS     S=_BSS     G=DGROUP   M=automenu.c ACBP=A9
 0003:00030FC8 00000000 C=BSS     S=_BSS     G=DGROUP   M=tcpip.c    ACBP=A9
 0003:00030FC8 00000000 C=BSS     S=_BSS     G=DGROUP   M=feedback.c ACBP=A9
 0003:00030FC8 00000000 C=BSS     S=_BSS     G=DGROUP   M=except.c   ACBP=A9
 0003:00030FC8 00000040 C=BSS     S=_BSS     G=DGROUP   M=filesec.c  ACBP=A9
 0003:00031008 00000000 C=BSS     S=_BSS     G=DGROUP   M=..\common\abort.c ACBP=A9
 0003:00031008 00000000 C=BSS     S=_BSS     G=DGROUP   M=..\common\allocbuf.c ACBP=A9
 0003:00031008 00000000 C=BSS     S=_BSS     G=DGROUP   M=..\common\atol.c ACBP=A9
 0003:00031008 00000000 C=BSS     S=_BSS     G=DGROUP   M=..\common\color.c ACBP=A9
 0003:00031008 00000000 C=BSS     S=_BSS     G=DGROUP   M=..\common\cprintf.c ACBP=A9
 0003:00031008 00000000 C=BSS     S=_BSS     G=DGROUP   M=..\common\cputn.c ACBP=A9
 0003:00031008 00000000 C=BSS     S=_BSS     G=DGROUP   M=..\common\ctime.c ACBP=A9
 0003:00031008 00000000 C=BSS     S=_BSS     G=DGROUP   M=..\common\ctype.c ACBP=A9
 0003:00031008 00000000 C=BSS     S=_BSS     G=DGROUP   M=..\common\cvtentry.ASM ACBP=A9
 0003:00031008 00000000 C=BSS     S=_BSS     G=DGROUP   M=..\common\cvtfak.c ACBP=A9
 0003:00031008 00000000 C=BSS     S=_BSS     G=DGROUP   M=..\common\deflt87.c ACBP=A9
 0003:00031008 00000000 C=BSS     S=_BSS     G=DGROUP   M=..\common\errno.c ACBP=A9
 0003:00031008 00000008 C=BSS     S=_BSS     G=DGROUP   M=..\common\except.c ACBP=A9
 0003:00031010 00000080 C=BSS     S=_BSS     G=DGROUP   M=..\common\exit.c ACBP=A9
 0003:00031090 00000000 C=BSS     S=_BSS     G=DGROUP   M=..\common\fclose.c ACBP=A9
 0003:00031090 00000000 C=BSS     S=_BSS     G=DGROUP   M=..\common\fdopen.ASM ACBP=A9
 0003:00031090 00000000 C=BSS     S=_BSS     G=DGROUP   M=..\common\fflush.c ACBP=A9
 0003:00031090 00000000 C=BSS     S=_BSS     G=DGROUP   M=..\common\fgets.c ACBP=A9
 0003:00031090 00000000 C=BSS     S=_BSS     G=DGROUP   M=..\common\files.c ACBP=A9
 0003:00031090 000000A0 C=BSS     S=_BSS     G=DGROUP   M=..\common\files2.c ACBP=A9
 0003:00031130 00000000 C=BSS     S=_BSS     G=DGROUP   M=..\common\findfrst.c ACBP=A9
 0003:00031130 00000000 C=BSS     S=_BSS     G=DGROUP   M=..\common\flushall.ASM ACBP=A9
 0003:00031130 00000000 C=BSS     S=_BSS     G=DGROUP   M=..\common\fmodeptr.c ACBP=A9
 0003:00031130 00000000 C=BSS     S=_BSS     G=DGROUP   M=..\common\fopen.c ACBP=A9
 0003:00031130 00000000 C=BSS     S=_BSS     G=DGROUP   M=..\common\fprintf.c ACBP=A9
 0003:00031130 00000000 C=BSS     S=_BSS     G=DGROUP   M=..\common\fputn.c ACBP=A9
 0003:00031130 00000000 C=BSS     S=_BSS     G=DGROUP   M=..\common\fputs.c ACBP=A9
 0003:00031130 00000000 C=BSS     S=_BSS     G=DGROUP   M=..\common\fread.c ACBP=A9
 0003:00031130 00000000 C=BSS     S=_BSS     G=DGROUP   M=..\common\fscanf.c ACBP=A9
 0003:00031130 00000000 C=BSS     S=_BSS     G=DGROUP   M=..\common\fseek.c ACBP=A9
 0003:00031130 00000000 C=BSS     S=_BSS     G=DGROUP   M=..\common\fwrite.c ACBP=A9
 0003:00031130 00000000 C=BSS     S=_BSS     G=DGROUP   M=..\common\getcwd.c ACBP=A9
 0003:00031130 00000000 C=BSS     S=_BSS     G=DGROUP   M=..\common\getenv.c ACBP=A9
 0003:00031130 00000000 C=BSS     S=_BSS     G=DGROUP   M=..\common\getmem.c ACBP=A9
 0003:00031130 00000000 C=BSS     S=_BSS     G=DGROUP   M=..\common\gmtime.c ACBP=A9
 0003:00031130 00000000 C=BSS     S=_BSS     G=DGROUP   M=..\common\gotoxy.c ACBP=A9
 0003:00031130 00000000 C=BSS     S=_BSS     G=DGROUP   M=..\common\gptext.c ACBP=A9
 0003:00031130 00000220 C=BSS     S=_BSS     G=DGROUP   M=..\common\heap.c ACBP=A9
 0003:00031350 00000000 C=BSS     S=_BSS     G=DGROUP   M=..\common\is.c ACBP=A9
 0003:00031350 00000001 C=BSS     S=_BSS     G=DGROUP   M=..\common\lgetc.c ACBP=A9
 0003:00031354 00000000 C=BSS     S=_BSS     G=DGROUP   M=..\common\longtoa.c ACBP=A9
 0003:00031354 00000000 C=BSS     S=_BSS     G=DGROUP   M=..\common\lputc.c ACBP=A9
 0003:00031354 00000000 C=BSS     S=_BSS     G=DGROUP   M=..\common\memchr.ASM ACBP=A9
 0003:00031354 00000000 C=BSS     S=_BSS     G=DGROUP   M=..\common\memcmp.c ACBP=A9
 0003:00031354 00000000 C=BSS     S=_BSS     G=DGROUP   M=..\common\memcpy.ASM ACBP=A9
 0003:00031354 00000000 C=BSS     S=_BSS     G=DGROUP   M=..\common\memmove.ASM ACBP=A9
 0003:00031354 00000000 C=BSS     S=_BSS     G=DGROUP   M=..\common\memset.ASM ACBP=A9
 0003:00031358 00000002 C=BSS     S=_BSS     G=DGROUP   M=..\common\mkname.c ACBP=A9
 0003:0003135C 00000000 C=BSS     S=_BSS     G=DGROUP   M=..\common\mktime.c ACBP=A9
 0003:0003135C 00000000 C=BSS     S=_BSS     G=DGROUP   M=..\common\perror.c ACBP=A9
 0003:0003135C 00000000 C=BSS     S=_BSS     G=DGROUP   M=..\common\printf.c ACBP=A9
 0003:0003135C 00000000 C=BSS     S=_BSS     G=DGROUP   M=..\common\realloc.c ACBP=A9
 0003:0003135C 00000000 C=BSS     S=_BSS     G=DGROUP   M=..\common\remove.ASM ACBP=A9
 0003:0003135C 00000000 C=BSS     S=_BSS     G=DGROUP   M=..\common\scanner.c ACBP=A9
 0003:0003135C 00000000 C=BSS     S=_BSS     G=DGROUP   M=..\common\scantol.c ACBP=A9
 0003:00031360 0000000C C=BSS     S=_BSS     G=DGROUP   M=..\common\setargv.c ACBP=A9
 0003:0003136C 00000000 C=BSS     S=_BSS     G=DGROUP   M=..\common\setvbuf.c ACBP=A9
 0003:0003136C 00000000 C=BSS     S=_BSS     G=DGROUP   M=..\common\sprintf.c ACBP=A9
 0003:0003136C 00000030 C=BSS     S=_BSS     G=DGROUP   M=..\common\startup.c ACBP=A9
 0003:0003139C 00000000 C=BSS     S=_BSS     G=DGROUP   M=..\common\strcat.ASM ACBP=A9
 0003:0003139C 00000000 C=BSS     S=_BSS     G=DGROUP   M=..\common\strchr.ASM ACBP=A9
 0003:0003139C 00000000 C=BSS     S=_BSS     G=DGROUP   M=..\common\strcmp.ASM ACBP=A9
 0003:0003139C 00000000 C=BSS     S=_BSS     G=DGROUP   M=..\common\strcpy.ASM ACBP=A9
 0003:0003139C 00000008 C=BSS     S=_BSS     G=DGROUP   M=..\common\streams.c ACBP=A9
 0003:000313A4 00000000 C=BSS     S=_BSS     G=DGROUP   M=..\common\strerror.c ACBP=A9
 0003:000313A4 00000000 C=BSS     S=_BSS     G=DGROUP   M=..\common\strftime.c ACBP=A9
 0003:000313A4 00000000 C=BSS     S=_BSS     G=DGROUP   M=..\common\strlen.ASM ACBP=A9
 0003:000313A4 00000000 C=BSS     S=_BSS     G=DGROUP   M=..\common\strncat.ASM ACBP=A9
 0003:000313A4 00000000 C=BSS     S=_BSS     G=DGROUP   M=..\common\strncmp.ASM ACBP=A9
 0003:000313A4 00000000 C=BSS     S=_BSS     G=DGROUP   M=..\common\strncpy.c ACBP=A9
 0003:000313A4 00000000 C=BSS     S=_BSS     G=DGROUP   M=..\common\strrchr.c ACBP=A9
 0003:000313A4 00000000 C=BSS     S=_BSS     G=DGROUP   M=..\common\strstr.c ACBP=A9
 0003:000313A4 00000000 C=BSS     S=_BSS     G=DGROUP   M=..\common\timedata.c ACBP=A9
 0003:000313A4 00000000 C=BSS     S=_BSS     G=DGROUP   M=..\common\toupper.c ACBP=A9
 0003:000313A4 00000008 C=BSS     S=_BSS     G=DGROUP   M=..\common\tzset.c ACBP=A9
 0003:000313AC 00000000 C=BSS     S=_BSS     G=DGROUP   M=..\common\ungetc.c ACBP=A9
 0003:000313AC 00000000 C=BSS     S=_BSS     G=DGROUP   M=..\common\validxy.c ACBP=A9
 0003:000313AC 00000000 C=BSS     S=_BSS     G=DGROUP   M=..\common\vidinfo.c ACBP=A9
 0003:000313AC 00000000 C=BSS     S=_BSS     G=DGROUP   M=..\common\vprinter.c ACBP=A9
 0003:000313AC 00000000 C=BSS     S=_BSS     G=DGROUP   M=..\common\wherexy.c ACBP=A9
 0003:000313AC 00000000 C=BSS     S=_BSS     G=DGROUP   M=..\common\window.c ACBP=A9
 0003:000313AC 00000000 C=BSS     S=_BSS     G=DGROUP   M=..\common\wscroll.c ACBP=A9
 0003:000313AC 00000000 C=BSS     S=_BSS     G=DGROUP   M=..\common\xfclose.c ACBP=A9
 0003:000313AC 00000000 C=BSS     S=_BSS     G=DGROUP   M=..\common\xfflush.c ACBP=A9
 0003:000313AC 00000000 C=BSS     S=_BSS     G=DGROUP   M=..\common\_cfinfo.c ACBP=A9
 0003:000313AC 00000000 C=BSS     S=_BSS     G=DGROUP   M=..\common\_fdopen.c ACBP=A9
 0003:000313AC 00000000 C=BSS     S=_BSS     G=DGROUP   M=..\common\_flshall.c ACBP=A9
 0003:000313AC 00000000 C=BSS     S=_BSS     G=DGROUP   M=..\common\_fputc.c ACBP=A9
 0003:000313AC 00000000 C=BSS     S=_BSS     G=DGROUP   M=..\common\_stpcpy.c ACBP=A9
 0003:000313AC 00000000 C=BSS     S=_BSS     G=DGROUP   M=..\common\_umask.c ACBP=A9
 0003:000313AC 00000000 C=BSS     S=_BSS     G=DGROUP   M=..\common\__eof.c ACBP=A9
 0003:000313AC 00000000 C=BSS     S=_BSS     G=DGROUP   M=..\common\__read.c ACBP=A9
 0003:000313AC 00000000 C=BSS     S=_BSS     G=DGROUP   M=..\common\__write.c ACBP=A9
 0003:000313AC 00000000 C=BSS     S=_BSS     G=DGROUP   M=..\common\clear87.ASM ACBP=A9
 0003:000313AC 00000000 C=BSS     S=_BSS     G=DGROUP   M=..\common\ctrl87.ASM ACBP=A9
 0003:000313AC 00000000 C=BSS     S=_BSS     G=DGROUP   M=..\common\fpreset.ASM ACBP=A9
 0003:000313AC 00000000 C=BSS     S=_BSS     G=DGROUP   M=..\common\mathptr.c ACBP=A9
 0003:000313AC 00000000 C=BSS     S=_BSS     G=DGROUP   M=..\common\fgetc.c ACBP=A9
 0003:000313AC 00000000 C=BSS     S=_BSS     G=DGROUP   M=..\common\fputc.c ACBP=A9
 0003:000313AC 00000000 C=BSS     S=_BSS     G=DGROUP   M=..\common\thrdbuf.c ACBP=A9
 0003:000313AC 00000000 C=BSS     S=_BSS     G=DGROUP   M=..\common\fmode.c ACBP=A9
 0003:000313AC 00000000 C=BSS     S=_BSS     G=DGROUP   M=..\common\matherr.c ACBP=A9
 0003:000313AC 00000000 C=BSS     S=_BSS     G=DGROUP   M=..\common\matherrl.c ACBP=A9
 0003:000313AC 00000000 C=BSS     S=_BSS     G=DGROUP   M=..\common\nowild.c ACBP=A9
 0003:000313AC 00000000 C=BSS     S=_BSS     G=DGROUP   M=clib\chdrive.c ACBP=A9
 0003:000313AC 00000000 C=BSS     S=_BSS     G=DGROUP   M=clib\clrscr.c ACBP=A9
 0003:000313AC 00000010 C=BSS     S=_BSS     G=DGROUP   M=clib\crtinit.c ACBP=A9
 0003:000313BC 00000008 C=BSS     S=_BSS     G=DGROUP   M=clib\dosfind.c ACBP=A9
 0003:000313C4 00000000 C=BSS     S=_BSS     G=DGROUP   M=clib\errormsg.c ACBP=A9
 0003:000313C4 00000000 C=BSS     S=_BSS     G=DGROUP   M=clib\getcurdi.c ACBP=A9
 0003:000313C4 00000000 C=BSS     S=_BSS     G=DGROUP   M=clib\getdcwd.c ACBP=A9
 0003:000313C4 00000000 C=BSS     S=_BSS     G=DGROUP   M=clib\getdfree.c ACBP=A9
 0003:000313C4 00000000 C=BSS     S=_BSS     G=DGROUP   M=clib\getdisk.c ACBP=A9
 0003:000313C4 00000008 C=BSS     S=_BSS     G=DGROUP   M=clib\handles.c ACBP=A9
 0003:000313CC 00000000 C=BSS     S=_BSS     G=DGROUP   M=clib\ioerror.c ACBP=A9
 0003:000313CC 00000000 C=BSS     S=_BSS     G=DGROUP   M=clib\mkdir.c ACBP=A9
 0003:000313CC 00000000 C=BSS     S=_BSS     G=DGROUP   M=clib\movecurs.c ACBP=A9
 0003:000313CC 00000000 C=BSS     S=_BSS     G=DGROUP   M=clib\rename.c ACBP=A9
 0003:000313CC 00000000 C=BSS     S=_BSS     G=DGROUP   M=clib\rmdir.c ACBP=A9
 0003:000313CC 00000000 C=BSS     S=_BSS     G=DGROUP   M=clib\scroll.c ACBP=A9
 0003:000313CC 00000000 C=BSS     S=_BSS     G=DGROUP   M=clib\setexc.ASM ACBP=A9
 0003:000313CC 00000008 C=BSS     S=_BSS     G=DGROUP   M=clib\setenvp.c ACBP=A9
 0003:000313D4 00000000 C=BSS     S=_BSS     G=DGROUP   M=clib\signal.c ACBP=A9
 0003:000313D4 00000000 C=BSS     S=_BSS     G=DGROUP   M=clib\time.c ACBP=A9
 0003:000313D4 00000000 C=BSS     S=_BSS     G=DGROUP   M=clib\virtmem.c ACBP=A9
 0003:000313D4 00000000 C=BSS     S=_BSS     G=DGROUP   M=clib\vram.c ACBP=A9
 0003:000313D4 00000000 C=BSS     S=_BSS     G=DGROUP   M=clib\_getpid.c ACBP=A9
 0003:000313D4 00000000 C=BSS     S=_BSS     G=DGROUP   M=clib\_read.c ACBP=A9
 0003:000313D4 00000000 C=BSS     S=_BSS     G=DGROUP   M=clib\_wherexy.c ACBP=A9
 0003:000313D4 00000000 C=BSS     S=_BSS     G=DGROUP   M=clib\_write.c ACBP=A9
 0003:000313D4 00000000 C=BSS     S=_BSS     G=DGROUP   M=clib\__access.c ACBP=A9
 0003:000313D4 00000000 C=BSS     S=_BSS     G=DGROUP   M=clib\__close.c ACBP=A9
 0003:000313D4 00000000 C=BSS     S=_BSS     G=DGROUP   M=clib\__isatty.c ACBP=A9
 0003:000313D4 00000000 C=BSS     S=_BSS     G=DGROUP   M=clib\__lseek.c ACBP=A9
 0003:000313D4 00000000 C=BSS     S=_BSS     G=DGROUP   M=clib\__open.c ACBP=A9
 0003:000313D4 00000000 C=BSS     S=_BSS     G=DGROUP   M=clib\__unlink.c ACBP=A9
 0003:000313D4 00000000 C=BSS     S=_BSS     G=DGROUP   M=clib\_lock.c ACBP=A9
 0003:000313D4 00000010 C=BSS     S=_BSS     G=DGROUP   M=clib\thrddata.c ACBP=A9
 0003:000313E4 00000000 C=BSS     S=_BSS     G=DGROUP   M=clib\thread.c ACBP=A9
 0003:000313E4 00000000 C=BSS     S=_BSS     G=DGROUP   M=clib\threadid.ASM ACBP=A9
 0004:00000000 00001000 C=        S=STACKBASE G=STACKGROUP M=clib\c02.ASM ACBP=61
 0004:00001000 0000B000 C=STACK   S=_STACK   G=STACKGROUP M=clib\c02.ASM ACBP=75

  Address         Publics by Name

 0001:00033187       ExceptionHandler
 0001:000118B3  Idle _aback_abuffer
 0001:00035AE2       _abort
 0001:000223CA  Idle _abort_auto_shutdown
 0001:0001DB19  Idle _abort_glink
 0003:000203F8       _abuf_status
 0001:000116F1  Idle _aclear_buffer
 0001:00034ABD  Idle _activate_file_entry
 0003:0000047E  Idle _address_field_info
 0001:00034872  Idle _add_a_file_entry
 0001:0002AC65       _add_channel
 0001:00006D88  Idle _add_class
 0001:0002E2D1  Idle _add_file_entry
 0001:0001EAAB       _add_int
 0001:0001F5E4  Idle _add_line
 0001:0001EA0B       _add_medium
 0001:0000DEA7       _add_msg_to_base
 0001:0001BF76  Idle _add_new_block_to_list
 0001:0000BB78  Idle _add_pathnames
 0001:00034229  Idle _add_save_file_entry
 0001:0001E9A1       _add_short
 0001:0001EB7F       _add_string
 0001:0000A44B       _add_task_to_scheduler
 0001:0003085A  Idle _add_to_validation_queue
 0001:00011790       _aget_abuffer
 0001:00011758  Idle _aget_char
 0001:00001AAB       _allocate_a_console
 0001:00014F17       _allocate_resources
 0001:0002DDE1  Idle _allocate_some_memory
 0003:00030FC4  Idle _alloc_sem
 0003:0000C118  Idle _alloc_sem_owner
 0001:00019795  Idle _ansi_choice_menu
 0001:000160C7       _ansi_end_fix
 0001:0002569E  Idle _ansi_online_toggle
 0001:0001E86C       _ansi_strlen
 0001:000114E1       _aput_append_into_buffer
 0001:000112B5  Idle _aput_char
 0001:000112F7       _aput_into_buffer
 0001:000113ED       _aput_into_buffer_owner
 0001:000115F0  Idle _aput_vargs_into_buffer
 0003:00004F21  Idle _ascii_convtable
 0001:00035F3E       _asctime
 0001:0002E971  Idle _asctonum
 0001:00033600  Idle _asctonum_long
 0001:00033834  Idle _asctonum_move
 0001:0002C450  Idle _ask_for_post
 0001:0000B009  Idle _ask_question
 0001:0001C739  Idle _assemble_frame_from_data
 0001:0000ABD2  Idle _assign_blank_rotator_info
 0001:0000F7A1  Idle _assimilate_old_mail
 0001:00035C11  Idle _atoi
 0001:00035B80       _atol
 0001:000261EE  Idle _autoscan_sysop_base
 0001:00008D7C       _auto_reboot_task
 0001:0000FE03  Idle _auto_reply
 0001:0000FD1F  Idle _auto_reply_to_message
 0003:0002EE2E       _a_change_dtr_state
 0003:0002E88E  Idle _a_chars_in_buffer
 0003:0002EBD6       _a_char_in_buf
 0003:0002E906       _a_dcd_detect
 0003:0002EB5E       _a_empty_inbuffer
 0003:0002EDB6       _a_empty_outbuffer
 0003:0002E9F6       _a_get_char
 0003:0002EC4E       _a_get_first_char
 0003:0002ECC6       _a_get_nchar
 0001:0000253F  Idle _a_got_ansi
 0003:0002E97E  Idle _a_put_char_in_buffer
 0001:0000209B  Idle _a_reading_ansi
 0003:0002EA6E       _a_send_char
 0003:0002EAE6       _a_send_chars
 0001:000026D8  Idle _a_send_console_char
 0003:0002ED3E       _a_wait_for_xmit
 0001:00013149  Idle _background
 0001:000018C3  Idle _backscroll_line
 0003:00005DF4       _backspacestring
 0003:0000048B  Idle _banner_field_info
 0003:00004FA2  Idle _barred_controls
 0003:0000FBD6  Idle _base_seg
 0001:0002C944       _bbs_base_auto_newscan
 0001:0002D760       _bbs_system
 0001:000028AF  Idle _beep_console
 0003:0001FCCA  Idle _begin_task_struct
 0001:000005AA  Idle _bit_shuffle
 0001:00013086       _blink_video
 0003:00007C7E  Idle _board_types
 0001:000130C4       _bold_video
 0001:0001C856  Idle _broadcast_glink_abuf
 0001:0001C8A1  Idle _broadcast_glink_packet
 0001:0001643D       _broadcast_message
 0001:00033145  Idle _broadcast_node_crash
 0001:00032265       _button_field
 0003:00003733       _by_line
 0001:0000BC22  Idle _calc_8bit_checksum
 0001:0000BC44  Idle _calc_crc_checksum
 0001:00009EF0  Idle _calc_next_event
 0001:00008477  Idle _calc_next_pid
 0001:00017FB4  Idle _calc_time_at_login
 0001:0001801E       _calc_time_for_node
 0001:00002A05  Idle _ceue_not_implemented
 0001:0000525C  Idle _ce_class_edit_start
 0001:00003198  Idle _ce_class_edit_start_new
 0001:00003135  Idle _ce_class_misc_edit_start
 0001:00003001  Idle _ce_class_priv_edit_start
 0001:00003064  Idle _ce_class_time_edit_start
 0001:00002E06  Idle _ce_menu_class_edit
 0001:00003C31  Idle _ce_priv_time_edit
 0001:0002405D  Idle _change_all_passwords
 0001:0002EB4B  Idle _change_directory
 0001:0002A599  Idle _change_dtr_state_keyboard
 0001:00009DBA       _change_dtr_state_os2
 0001:00033FB9  Idle _change_filesection
 0001:00027D9A  Idle _change_num
 0001:00023EB4  Idle _change_password
 0001:0000ADCC  Idle _change_rotator_bit_array
 0001:0000A3DA       _change_task_to_scheduler
 0001:00027E33  Idle _change_user_password
 0003:0002EEA8       _channels
 0001:0002454F  Idle _channel_anonymous
 0001:0002AB54       _channel_empty
 0001:0001CAC7  Idle _channel_is_netlinked
 0001:0002AB94  Idle _channel_link_and_bot_free
 0001:00026420       _channel_list
 0001:0002756D  Idle _channel_message
 0001:0002A73B  Idle _chars_in_buffer_keyboard
 0001:00009CB9       _chars_in_buffer_os2
 0001:00002950       _char_in_buf_keyboard
 0001:00009D13       _char_in_buf_os2
 0001:0002A989       _char_in_input_buf
 0001:0002E3D4  Idle _checkblacklist
 0001:000006DD  Idle _checksum_ginsu_file
 0001:000005FA       _checksum_ginsu_file_multitask
 0001:0002248B  Idle _checksum_system_command
 0001:0000C285  Idle _check_cancel
 0001:0002A1D8       _check_com
 0001:0002CD1E  Idle _check_for_bbs_board
 0001:000189E9  Idle _check_for_chat_confirmation
 0001:00014047       _check_for_privates
 0001:0002451F       _check_if_silenced
 0001:0001ADA7  Idle _check_login
 0001:0000A954  Idle _check_no_rotator_messages
 0001:000155C1  Idle _check_operating_system
 0001:000007D6       _check_system_checksum
 0001:00012B43  Idle _chex_digit
 0001:0002392E  Idle _choose_console_page
 0001:00034E59  Idle _choose_protocol
 0003:000023AD  Idle _classfile
 0001:000069D9       _class_exists
 0003:00000B4D  Idle _class_field_info
 0003:00000B5A  Idle _class_field_info_no_edit
 0001:0001EE8C       _clear_all_old_pids_event
 0001:00019AB0  Idle _clear_call_info
 0001:00016CE8       _clear_call_on_logoff
 0001:0002AC3B  Idle _clear_channels
 0001:0002B139       _clear_channel_semaphores
 0001:00001D20  Idle _clear_console
 0001:00032159       _clear_date_field
 0001:0001349F       _clear_screen
 0001:00001D81  Idle _clear_to_eol_console
 0001:0002B085  Idle _clear_user_from_invite_lists
 0001:0000D833       _close_base
 0001:0001DBE3  Idle _close_file_list
 0001:0001E0C3  Idle _close_last_ten_callers
 0001:0003B6E0       _clrscr
 0003:0000C378  Idle _cmd_list
 0003:0000032C  Idle _color_lookup
 0001:00029D22       _command
 0003:000074FE  Idle _commands
 0001:00022E26  Idle _command_util
 0003:000037C6       _company_name
 0003:000052ED       _compile_date
 0003:000052E4       _compile_time
 0001:0001D1C2  Idle _compose_channel_move_message_packet
 0001:00034A9B  Idle _compose_file_path
 0001:0001CD26  Idle _compose_handle_update_packet
 0001:0001CC4A  Idle _compose_login_message_packet
 0001:0001CCD3  Idle _compose_logout_message_packet
 0001:0001CB69  Idle _compose_normal_message_packet
 0001:0002E9F8  Idle _compose_pathname_with_path
 0001:0001CC08  Idle _compose_private_message_packet
 0001:0001D0B3  Idle _compose_system_disconnect_packet
 0001:0001D05E  Idle _compose_system_info_packet
 0001:0001CF69  Idle _compose_system_list_packet
 0001:0000E5A0  Idle _compress_base
 0001:00034CB0  Idle _compress_filesection
 0001:00022F21  Idle _conditional_print
 0001:00022F76  Idle _conditional_sprint
 0001:000203CB  Idle _config_util
 0001:00019F16  Idle _connect_user
 0001:000028C5       _console_alarm
 0001:0001EEB5       _console_alarm_event
 0001:0000109F  Idle _console_input_thread
 0001:0000198B       _console_is_mono
 0001:00015E63  Idle _console_status
 0001:000176B1  Idle _construct_ddial_log_in_message
 0001:000177F3  Idle _construct_ddial_log_out_message
 0001:0001D2F8  Idle _construct_header
 0001:00017265  Idle _construct_log_in_message
 0001:0001746B  Idle _construct_log_out_message
 0001:0000D5DD       _convert_from_entry_num
 0001:0000D5F1       _convert_to_entry_num
 0001:00012198       _convstring
 0001:00014BF6  Idle _conv_argv_to_upper
 0003:00023914  Idle _conv_from_6bit
 0003:000070AF  Idle _conv_to_6bit
 0003:0000375D       _copyright_mesg
 0001:0000DBEE       _copy_a_file
 0001:0002F5FD  Idle _copy_files
 0001:00009768  Idle _copy_file_function
 0001:00015626  Idle _count_num_char_in_string
 0001:0001564A       _count_num_char_in_string_and_remove
 0001:00035C90       _cprintf
 0003:00003FBC  Idle _crctab
 0001:00002897  Idle _create_bar
 0001:0002BA47  Idle _create_blank_bbs_acct
 0001:0001E951  Idle _create_conv_from_table
 0001:0001C133  Idle _create_new_block_for_info
 0001:0000DADA       _create_temp_file
 0001:0000C936  Idle _create_ymodem_block0
 0003:00005E0A  Idle _cr_lf
 0001:00035F63  Idle _ctime
 0001:000087F9  Idle _ctrl_brk_handler
 0003:0001FCE2  Idle _curMaxTasks
 0003:00000324  Idle _cur_console
 0003:0000FBDA  Idle _cur_pos1
 0003:0000FBDE  Idle _cur_pos2
 0003:000203EC  Idle _cur_rot_message
 0001:000135F8  Idle _cur_video_state
 0003:00002CB4       _dans_counter
 0001:00031D02       _date_field
 0001:00016A02  Idle _date_sync
 0003:0000F710       _daylight
 0001:0002A762  Idle _dcd_detect_keyboard
 0001:00009CC9       _dcd_detect_os2
 0001:00029E5B  Idle _dcd_toggle
 0003:00004C1C  Idle _ddial_commands
 0001:000102F1  Idle _ddial_p
 0001:000104FC  Idle _ddial_ps
 0001:00010577  Idle _ddial_sp
 0001:000119B6       _dealloc_abuf
 0001:0002052E  Idle _debug_read_default
 0001:0001D144  Idle _decode_channel_move_message_packet
 0001:0001CE7E  Idle _decode_handle_update_packet
 0001:0001D212  Idle _decode_header
 0001:0001CDAF  Idle _decode_login_message_packet
 0001:0001CEF8  Idle _decode_logout_message_packet
 0001:0001CAFC  Idle _decode_normal_message_packet
 0001:0001CBAB  Idle _decode_private_message_packet
 0001:0001D104  Idle _decode_system_disconnect_packet
 0001:0001D07F  Idle _decode_system_info_packet
 0001:0001CFD0  Idle _decode_system_list_packet
 0001:0000C9AC  Idle _decode_ymodem_block0
 0001:00009DD0       _deencrypt
 0001:0001B1D5  Idle _default_login
 0001:00017E83       _delay
 0001:0000BBF2  Idle _delay_nak
 0001:0002B988  Idle _delete_bbs_message
 0001:0001FA65  Idle _delete_buffer
 0001:000095C1  Idle _delete_file
 0001:00009477       _delete_files_function
 0001:0002E371  Idle _delete_file_entry
 0001:0001F691  Idle _delete_line
 0001:0000F2A9  Idle _delete_mail
 0001:0002DC08  Idle _delete_memory_entry
 0001:0000E091       _delete_msg_from_base
 0001:0001C20F  Idle _delete_system_entry
 0001:0000A55B  Idle _delete_task_from_scheduler
 0001:0001C337  Idle _delete_user_for_system
 0001:0002AD15       _del_channel
 0001:0000A1A5  Idle _del_task_from_scheduler
 0001:00014B59       _de_allocate_resources
 0001:0002A283       _de_initport
 0001:00009981       _de_init_os2_port
 0001:00014D87  Idle _de_init_stdio
 0003:0000F7E7  Idle _directvideo
 0001:000009B2  Idle _direct_buf
 0001:0000289F       _direct_screen
 0001:000028A7  Idle _direct_screen_override
 0001:0001C2AF  Idle _disconnect_system
 0001:00028B14  Idle _display_callers
 0001:00008455       _does_pid_exist
 0003:0001FDE6  Idle _dontKeepNextTask
 0001:0002F4E6  Idle _dos_copy_file_function
 0001:0002F32C  Idle _dos_edit_file
 0001:0002FD4F       _dos_entry
 0001:00020F0F  Idle _double_space_toggle
 0001:0000F4D3       _do_assimilation
 0001:0001B828  Idle _do_link_login_functions
 0001:000315B5       _do_menu_ansi
 0001:000121EC       _do_page_break
 0001:000167C0  Idle _do_time_out
 0001:00016657  Idle _do_time_warning
 0001:0002AB21       _dump_output_buffer
 0001:000329F7  Idle _dump_system_list
 0001:000328AF  Idle _dump_task_info
 0003:000050EC  Idle _dv_loaded
 0001:000274D3       _eat_one_space
 0001:00034A38  Idle _edit_a_file_entry
 0001:00005DC7  Idle _edit_credit
 0001:0001E7FF       _edit_file
 0001:00033D10  Idle _edit_filesection
 0001:000338B4  Idle _edit_filesection_options
 0001:000342E0  Idle _edit_file_entry
 0001:0001F6EE  Idle _edit_line
 0001:0001FAE5  Idle _edit_lines_in_buffer
 0001:00003488       _edit_main_privs
 0001:0000370D  Idle _edit_privs
 0001:0000337B  Idle _edit_staples
 0001:00003286  Idle _edit_staple_menu
 0003:00000438  Idle _edit_user_prompt
 0003:00002C90  Idle _emm_page_mapping
 0001:0000298C       _empty_inbuffer_keyboard
 0001:00009D23       _empty_inbuffer_os2
 0001:0002A945       _empty_input_buf
 0001:00002994       _empty_outbuffer_keyboard
 0001:00009DB2       _empty_outbuffer_os2
 0001:0002A258       _end_com
 0001:00001887       _end_local_os2_video
 0001:000084D3       _end_task
 0003:0001FCCE  Idle _end_task_struct
 0001:0000602E  Idle _enter_date
 0001:0003498C  Idle _enter_file_number
 0001:0001FCB4  Idle _enter_lines
 0003:000313CC       _environ
 0001:0002F03F  Idle _erase_files
 0001:000314C9  Idle _erase_help
 0001:00012F90       _erase_region
 0001:0002D336  Idle _examine_bbs_board
 0001:0000E94E  Idle _examine_board
 0001:00020156  Idle _exception_setup
 0001:000297D8       _exec
 0001:00003B3F       _exist
 0001:0003614E       _exit
 0001:00002BB3  Idle _expiration_edit
 0001:00032448       _extended_feedback
 0003:000208A8  Idle _ext_mode
 0001:00036190       _fclose
 0001:00036238       _fdopen
 0001:000376DF  Idle _feof
 0001:000376F0  Idle _ferror
 0001:00036240       _fflush
 0001:0003B520       _fgetc
 0001:000362F0       _fgets
 0003:0000C0D8  Idle _fileblacklist
 0001:00035605       _filesec_entry
 0001:00033703  Idle _filesec_get_number
 0003:00030FC8  Idle _filesec_ops
 0001:000000DD       _files_print
 0003:0003081C       _file_array
 0003:00006F20  Idle _file_dir
 0001:000029AC       _file_get_string
 0003:0000C0D4       _file_handles
 0003:00006F27  Idle _file_list
 0001:0001DDFF  Idle _file_list_section
 0003:0000DA04  Idle _file_sec_config_file
 0001:0001606E       _filter_ansi
 0001:0001DBB0  Idle _filter_control
 0001:00015FD2       _filter_flashing
 0001:00036420       _findfirst
 0001:0003644D       _findnext
 0001:00013523       _find_ansi
 0001:00014B80  Idle _find_arg
 0001:00022B7E  Idle _find_command
 0001:00014BAD  Idle _find_file_name_arg
 0001:0002E28B  Idle _find_file_pointer
 0001:0002FF38  Idle _find_free_user_number
 0001:000313AA  Idle _find_hotkey_match
 0001:0002DB21  Idle _find_memory_pointer
 0001:0000AF44  Idle _find_rotator_filename
 0001:0000A165  Idle _find_schedule_with_id
 0001:0002DC6D  Idle _find_smallest_available_memory
 0001:0001C0CC  Idle _find_system_in_data
 0001:0000001C       _first_procedure
 0001:00000166  Idle _fixed_asctime
 0001:0001E353       _fix_classname
 0003:00003694  Idle _flag
 0001:00036474       _flushall
 0001:0000D800  Idle _flush_base
 0001:0002AABF       _flush_output_buffer
 0001:00036668       _fopen
 0001:00029546  Idle _force
 0001:00013102       _foreground
 0001:000366A0       _fprintf
 0001:0003B550       _fputc
 0001:000367C0       _fputs
 0001:0003695A       _fread
 0001:00037125       _free
 0001:000088CB  Idle _free_semaphores
 0001:0002DEB8  Idle _free_some_memory
 0001:000369B0       _fscanf
 0001:00036A79       _fseek
 0001:00036AFF       _ftell
 0001:00036B90       _fwrite
 0001:00024633  Idle _generate_current_superuser_number
 0001:0000DB8D  Idle _generate_id
 0001:000375E3       _getc
 0001:00037618  Idle _getchar
 0001:0003C140       _getcurdir
 0001:00036BE0       _getcwd
 0001:0003C250       _getdfree
 0001:0003C2A0       _getdisk
 0001:00036C00       _getenv
 0001:0002E92C  Idle _getfree
 0001:00036FE0       _gettext
 0001:0003A470       _gettextinfo
 0001:0000291D       _get_char_keyboard
 0001:00009C27       _get_char_os2
 0001:0001C83C  Idle _get_crc
 0001:0001F204       _get_editor_string
 0001:0001F30D  Idle _get_editor_string_wordwrap
 0001:0001F8A5  Idle _get_edit_int
 0001:0000E282       _get_entry
 0001:0002CCDC  Idle _get_entry_priv
 0001:0001DC02  Idle _get_file_list
 0001:0001DD15  Idle _get_file_list_name
 0001:00002960       _get_first_char_keyboard
 0001:00009BEE       _get_first_char_os2
 0001:0002A8C2       _get_from_input_buf
 0001:00013630       _get_hot_key_prompt
 0001:00035595  Idle _get_information
 0001:0000FE1D  Idle _get_multiple_range
 0001:00008C71       _get_my_pid
 0001:00002972       _get_nchar_keyboard
 0001:00009C00       _get_nchar_os2
 0001:0002CC1F  Idle _get_new_board_info
 0001:00003313  Idle _get_new_staple
 0001:00020929  Idle _get_new_width
 0001:0001410F       _get_no_echo
 0001:00023440       _get_number
 0001:00023DE8       _get_password
 0001:0001ADDA  Idle _get_pass_prompt
 0001:0002CC9A  Idle _get_post_priority
 0001:00033781  Idle _get_pr_string
 0001:00017E40  Idle _get_result_code
 0001:00000539       _get_serial_number
 0001:00013C26       _get_string
 0001:0001400F       _get_string_cntrl
 0001:00013ED8       _get_string_cntrl_pos
 0001:0001360C       _get_string_echo
 0001:00008C18       _get_taskchar
 0001:00008C5F       _get_task_pid
 0001:00008C88       _get_task_status
 0001:0000BD8B  Idle _get_timeout
 0001:0001E290       _get_yes_no
 0001:00033678  Idle _get_yes_or_no
 0001:0001DF6D       _gfiles_section
 0001:0001B386  Idle _ginsu
 0003:00003753       _ginsutalk_line
 0001:000265F7  Idle _give_channel_moderator
 0001:00027916  Idle _give_time
 0003:000037A4       _glenview_il
 0001:0001DB24       _glink_main
 0001:0001D370  Idle _glink_main_loop
 0001:0002C54D  Idle _global_newscan
 0001:00036F46  Idle _gmtime
 0001:00036F80       _gotoxy
 0001:0002DD43  Idle _grab_all_available_memory
 0001:0001E4DC       _grep_file
 0003:000050E4  Idle _gtalk_exit_now
 0003:00005EBF  Idle _guest_login_checks
 0001:00015220       _g_exit
 0001:0002E780       _g_fclose
 0001:0002E897  Idle _g_flush
 0001:0002E48B       _g_fopen
 0001:0002E4DE       _g_fopen_excl
 0001:0002E06B       _g_free
 0001:0002E185       _g_free_all_handles
 0001:0002E01B  Idle _g_free_from_who
 0001:0002E819  Idle _g_ftransfer
 0001:0002E120  Idle _g_keep_memory
 0001:0001B9BF  Idle _g_linked
 0001:0001EF73       _g_link_node_event
 0001:0002DF71       _g_malloc
 0001:0002DF1B       _g_malloc_main_only
 0001:0002DFC7       _g_malloc_with_owner
 0001:0002E8DE  Idle _g_owns_file
 0001:0002E240  Idle _g_owns_memory
 0001:000170FE       _g_remote
 0001:0001E797       _g_rename
 0001:0001E2F3       _g_strncmp
 0001:0002E0BB  Idle _g_transfer
 0001:0002865D  Idle _handle
 0003:00000464  Idle _handle_field_info
 0001:00016E23  Idle _hangup_user
 0001:0002A5A1       _hang_up
 0001:0000099E  Idle _hard_refresh_video
 0001:000164A5       _has_channel
 0003:000052DB  Idle _have_break
 0003:000052D7  Idle _have_com
 0003:000052D6  Idle _have_ems
 0003:000052DA  Idle _have_error
 0003:000052D9  Idle _have_key_int
 0003:000052D8  Idle _have_local_os2_video
 0003:000313BC  Idle _hdir_lock
 0001:0002E9A8  Idle _help_cmds
 0003:00006F30  Idle _help_dir
 0003:00006F38  Idle _help_list
 0001:0001DF8B       _help_section
 0001:000004E6       _hex_conversion
 0001:00035C68       _highvideo
 0003:00007478  Idle _illegal_command
 0001:00015604  Idle _increment_call_statistics
 0001:000018AC       _index_of_console
 0003:00003824       _information_question
 0003:00003708  Idle _info_string
 0001:0001193E       _initabuffer
 0003:000050F7  Idle _initial_serial_config_file
 0001:00008804       _initMultitask
 0001:0002A2B0  Idle _initport
 0001:0002DB00       _init_alloc
 0001:000337FF  Idle _init_batch_files
 0001:0001E98B       _init_conversion
 0001:0000288F       _init_display
 0001:0003287C  Idle _init_except
 0001:000141C1  Idle _init_gtalk_startup_screen
 0001:0002A9EF       _init_input_buf
 0001:000016F6       _init_local_os2_video
 0001:00018319       _init_login_vars
 0001:000099D8       _init_os2_port
 0001:00014D62  Idle _init_os_settings
 0001:0000AE83       _init_rotator_bit_array
 0001:00001996  Idle _init_screen_vars
 0001:00001A6D  Idle _init_scrollback
 0001:00014E03  Idle _init_stdio
 0001:00016111  Idle _init_timeout_vars
 0001:000082EC       _init_tswitch_lookup
 0001:00017CC1  Idle _init_vars
 0001:0001F9D0  Idle _insert_buffer
 0001:0001F56C  Idle _insert_line
 0001:0002DB69  Idle _insert_memory_entry_at
 0003:000074C4  Idle _InvalidCommand
 0003:000074AD       _InvalidFormat
 0003:000074E7  Idle _InvalidSyntax
 0001:0002AE6B       _invited
 0001:00025F63  Idle _invite_to_channel
 0001:000374D0  Idle _isalnum
 0001:000374FB  Idle _isalpha
 0001:000374E4  Idle _isascii
 0001:0003750F  Idle _iscntrl
 0001:00037523  Idle _isdigit
 0001:00037537  Idle _isgraph
 0001:0000891B       _iskilled
 0001:000088F5       _islocked
 0001:0003755B  Idle _islower
 0001:00008932       _ispaused
 0001:0003756F  Idle _isprint
 0001:00037593  Idle _ispunct
 0001:000375A7  Idle _isspace
 0001:000211FD  Idle _issue_cmd_to_link
 0001:000375BB  Idle _isupper
 0001:000375CF  Idle _isxdigit
 0001:00011290  Idle _is_abuf_empty
 0003:0000FBA4       _is_a_console
 0001:0002587B  Idle _is_lurking
 0001:0002ADA8       _is_monitoring
 0003:00000328  Idle _is_mono
 0001:0000FC77       _is_new_mail
 0001:0002296A  Idle _is_online
 0001:000042CB       _is_user_online
 0001:0002C289  Idle _jump_to_message
 0001:0002C010  Idle _jump_to_new_bbs_board
 0001:00026801  Idle _kickoff_channel
 0001:0000A7B2       _kill_all_messages_for_user
 0001:0002557F  Idle _kill_node
 0001:0001F001       _kill_node_event
 0001:00024CA5  Idle _kill_port
 0001:000085BC       _kill_task
 0001:00024B85  Idle _last_call
 0003:00002CB0  Idle _last_pid
 0001:0000093E  Idle _last_procedure
 0003:000203F0  Idle _last_rot_message
 0001:0001E0D3       _last_ten_callers
 0001:00012045       _last_ten_kills
 0001:0000D350  Idle _lck_base
 0001:0000D3D0  Idle _lck_base_verbose
 0001:00017175       _leave
 0001:0001C5FB  Idle _leave_glink
 0001:000293C3       _leave_quietly
 0001:0001F51D       _length_of_line
 0001:0001F54E  Idle _length_of_null
 0001:0002EB1D  Idle _letter_to_drive
 0001:00016464       _limit_carrots
 0001:0001C588  Idle _line_disconnected
 0001:0001FFE5       _line_editor
 0001:0001FEDF  Idle _line_editor_dealloc
 0001:0001870B  Idle _line_out_user
 0003:00020A1C       _line_status
 0001:0001B97A  Idle _linked
 0001:00010BF4  Idle _link_command
 0001:00021540  Idle _link_config
 0001:0002132E  Idle _link_config_menu
 0001:00010A2E  Idle _link_exec
 0001:000109F9  Idle _link_leave
 0001:00010C0C       _link_loop
 0001:0001EEE3       _link_node_event
 0001:000215B6  Idle _list_all_pending_chat_requests
 0001:00034E95  Idle _list_batch
 0001:0002C96D  Idle _list_bbs_messages
 0001:0002C000  Idle _list_boards
 0001:0001F8FF  Idle _list_buffer
 0001:00006A59       _list_classes
 0001:00027FC4  Idle _list_commands
 0001:0002ECEC  Idle _list_files
 0001:000348EB  Idle _list_file_command
 0001:0003457F  Idle _list_file_entries
 0001:0002012C  Idle _list_glink_systems
 0001:0001BB00       _list_glink_systems_function
 0001:0001BCE5       _list_glink_users_on_system_function
 0001:0000F8A3  Idle _list_mail_special
 0001:0002ADEE  Idle _list_monitor_channel
 0001:0000B03E  Idle _list_rotator_box
 0001:00014332  Idle _loadChannelVars
 0001:00014747  Idle _loadSystemVars
 0001:00007030       _load_access_of_class
 0001:0001A8C6  Idle _load_as_guest
 0001:0000D630  Idle _load_base
 0001:0002BCA3  Idle _load_bbs_user
 0001:00006BAF       _load_class
 0001:00006A0A       _load_class_by_name
 0001:0001FC33  Idle _load_editor_file
 0001:00033B7D  Idle _load_filesection
 0001:00033A9F  Idle _load_filesection_options
 0001:00034110  Idle _load_file_entry
 0001:00034542  Idle _load_file_entry_no_open
 0001:0001DA12  Idle _load_glink_data
 0001:000062DF       _load_info_by_class
 0001:00006354  Idle _load_info_by_class_number
 0001:0000AA92  Idle _load_rotator_entry
 0001:000144DB  Idle _load_serial_config_info
 0001:00006447       _load_user
 0001:0000621D       _load_user_info
 0001:00036F5A       _localtime
 0003:0001016A  Idle _local_os2_video
 0001:00000D82  Idle _local_video_flush_thread
 0001:0001F4D0  Idle _location_of_line
 0001:00008890       _lock
 0001:0002ABC6  Idle _lock_channel
 0001:0000890D       _lock_dos
 0003:0001FCD2  Idle _lock_dos_offset
 0003:0001FDEA  Idle _lock_dos_record
 0001:000274F8  Idle _lock_system
 0001:0001A95F  Idle _login_cbd_check
 0001:0001AAB2  Idle _login_expiration_check
 0001:0001A86E  Idle _login_get_guest_handle
 0001:0001AA51  Idle _login_lurk_check
 0001:0001A6C8  Idle _login_multiple_login_check
 0001:0001ACE3  Idle _login_restricted_line_check
 0001:0001A7AE  Idle _login_sys_lock_check
 0001:0001AD50  Idle _login_validation_check
 0001:00011B14       _log_error
 0001:00011C5D       _log_event
 0001:00007550  Idle _log_event_for_user
 0001:00011DBC       _log_kill
 0001:00016F14       _log_off
 0001:00016D63  Idle _log_out_user
 0001:00011D38       _log_system_event
 0001:000075ED       _log_system_event_for_user
 0001:0001DFA9       _log_user_is_leaving
 0001:0002867A  Idle _long_display_callers
 0001:0000836F       _lookup_my_tswitch
 0001:00035C70       _lowvideo
 0001:0002444E  Idle _lurk
 0001:0000D4E5  Idle _mail_line
 0001:0000FF63       _mail_system
 0001:000089E3       _main
 0001:00018C0C  Idle _main_loop
 0003:00020A10  Idle _major_version
 0001:000259DB  Idle _make_access_level
 0001:0002F3FE  Idle _make_dir
 0001:000277FC  Idle _make_link
 0001:00016343       _make_manual_sysop
 0001:000161F8  Idle _make_manual_user
 0001:0001C526  Idle _make_psudo_entry_for_system
 0001:00000D2D  Idle _make_scrollback_info_bar
 0001:000086E8       _make_task
 0001:00007582  Idle _make_user_dir
 0001:000372CD       _malloc
 0001:00011A04       _mark_user_log_on
 0001:0000C2E5  Idle _massive_cancel
 0003:0000B530       _max_channels
 0003:00002CBE       _max_task_switches
 0001:00037AC0       _memchr
 0001:00037AE0       _memcmp
 0001:00037B24       _memcpy
 0001:00037B4C       _memmove
 0001:00000022       _memory_print
 0001:00037B98       _memset
 0003:0002FD90       _mem_array
 0003:0000C0D0       _mem_handles
 0003:0000D2D0  Idle _menu_info
 0001:0002DCB3  Idle _merge_blocks
 0001:0001C611  Idle _merge_multi_packet
 0001:0001B555       _midnight_task
 0003:00020A11  Idle _minor_version
 0001:0003C660       _mkdir
 0001:00037C60       _mktime
 0001:000078DA  Idle _modem_download_task
 0003:00005E4F  Idle _modem_results
 0001:00007A83       _modem_terminal
 0001:000078C8  Idle _modem_terminal_task
 0003:0000C11C  Idle _mode_table
 0001:0000B299  Idle _modify_box_contents
 0001:0000B607  Idle _modify_rotate_params
 0001:0000B41D  Idle _modify_rotator_box
 0001:0000B954  Idle _modify_user_rotator_box
 0001:0002AEA3       _monitor_channel
 0001:00007720  Idle _monitor_download
 0001:00026140  Idle _monitor_system
 0001:00001E89  Idle _move_back_line
 0001:000024C4  Idle _move_cursor
 0001:00009163  Idle _move_files_around
 0003:000050ED  Idle _multitasking_os
 0001:00026289  Idle _name_channel
 0001:000251DB       _neutralized
 0001:00025230  Idle _neutralize_node
 0001:0002C49B  Idle _newscan_base
 0001:00030D36       _new_user_app
 0001:0003079B  Idle _new_user_application
 0001:00030CFC       _new_user_app_command
 0001:000309B6  Idle _new_user_app_common
 0001:0001F655  Idle _next_eol
 0003:00003884  Idle _next_id
 0003:0000387C  Idle _next_scheduled_event
 0001:0000869A       _next_task
 0003:0000749B       _NodeOutOfRange
 0001:0001E44C       _nodes_free
 0001:00016626  Idle _nodes_online
 0001:00035C78       _normvideo
 0001:0000E9A8  Idle _notify_user
 0003:0000748F       _NotOnLine
 0003:000037D9       _nuke_greenhouse
 0001:0002076D  Idle _nuke_modem
 0001:0001F4F9  Idle _number_of_lines
 0003:00023776  Idle _number_till_core
 0003:0001F26C       _numTasksOpen
 0003:000050F3  Idle _num_consoles_loaded
 0003:0002E88A       _num_ports
 0003:000050EF  Idle _num_ports_loaded
 0003:00003878       _num_schedule
 0003:00002CBA  Idle _num_task_switches
 0001:000306A0  Idle _nu_date_prompt
 0001:00030045  Idle _nu_fix_phone
 0001:00030469       _nu_get_date
 0001:00030121  Idle _nu_get_date_string
 0001:000306F4  Idle _nu_get_number
 0001:0003088C  Idle _nu_get_password
 0001:000301F9       _nu_get_phone
 0001:00030377       _nu_phone_prompt
 0001:000303BF       _nu_print_date
 0001:000300AA       _nu_print_phone
 0001:0002FFF7  Idle _nu_string_prompt
 0003:000074FA  Idle _OFF_str
 0003:0001FCDA  Idle _oldsp
 0003:0001FCD6  Idle _oldss
 0003:00020A16  Idle _old_break_value
 0003:0001FCDE  Idle _old_tswitch
 0001:00030DBE       _online_validation
 0001:00020F91  Idle _on_or_off
 0003:000074F6  Idle _ON_str
 0001:0000D936       _open_bbs_base
 0001:0000D8B1  Idle _open_mail_base
 0001:0000A9B1  Idle _open_rotator_file
 0001:000098CE  Idle _os2_com_thread
 0001:00009860  Idle _os2_set_dtr
 0003:000209D4       _os_name
 0003:000050EE  Idle _os_type
 0003:00006D0D  Idle _packet_start
 0001:00023980  Idle _page_node
 0001:00031313  Idle _paint_dirty_ansi
 0001:00031348       _paint_info_row
 0001:0001415D  Idle _paint_window
 0003:00000471  Idle _password_field_info
 0001:0001B162  Idle _pass_prompt
 0001:0002F2B3  Idle _pathcat_n
 0001:00008956       _pause
 0003:000050E0  Idle _pc
 0001:00037CC0       _perror
 0001:00031B7C       _phone_field
 0003:00020A12  Idle _pipe_handle
 0003:000050E8  Idle _pipe_server
 0003:00023994       _port
 0003:00026E14       _port_fast
 0003:00026E8C  Idle _port_input
 0003:000100A2  Idle _port_screen
 0001:000134F2       _position
 0001:00001DEF  Idle _position_console
 0001:0002D109  Idle _post_message_on_board
 0003:00003796       _po_box_line
 0001:0000763C       _prep_user_dirs
 0001:00014939  Idle _pre_init_vars
 0001:00037D30       _printf
 0001:000171A4  Idle _print_call_stats
 0001:0001FEFD  Idle _print_centered
 0001:00012AC2       _print_chr
 0001:00012B89       _print_chr_to
 0001:00012BA7       _print_chr_to_noflush
 0001:000229D8  Idle _print_command_list
 0001:00022DEE  Idle _print_command_menu
 0001:00012A74       _print_cr
 0001:00012A9F       _print_cr_to
 0001:00022FCE  Idle _print_expanded_time
 0001:000230B2       _print_expanded_time_cr
 0001:0000E837       _print_fifo_info
 0001:00012238       _print_file
 0001:0001224E  Idle _print_file_to
 0001:0001250D       _print_file_to_cntrl
 0001:00014C26  Idle _print_help
 0001:00022106  Idle _print_info
 0001:00027906       _print_invalid_command
 0001:0003387C  Idle _print_justified
 0001:00020FAF  Idle _print_lc_menu
 0001:0001A619  Idle _print_login_line
 0001:00018540  Idle _print_login_messages
 0001:000179AB       _print_log_in
 0001:00017BB3       _print_log_off
 0001:0001EDD3       _print_lurk_message_from
 0001:000323AC  Idle _print_main_feedback_menu
 0001:0000342A  Idle _print_main_privs_menu
 0001:00031926  Idle _print_masked_string
 0001:000238B7  Idle _print_page_status
 0001:00024D28  Idle _print_restart_status
 0001:00023CD3  Idle _print_safeness
 0001:0001FF6C  Idle _print_short_welcome
 0001:000149FD  Idle _print_software_startup
 0001:000247A3  Idle _print_stats
 0001:0001289D       _print_string
 0001:00010284  Idle _print_string_dumblink
 0001:000128D5       _print_string_len
 0001:0000D4B8  Idle _print_string_n
 0001:00012934       _print_string_noansi
 0001:0000F85F       _print_string_of_len
 0001:000129B1       _print_string_to
 0001:00012A04       _print_str_cr
 0001:00010254  Idle _print_str_cr_dumblink
 0001:00012991       _print_str_cr_noansi
 0001:00012A40       _print_str_cr_to
 0001:0000F447  Idle _print_str_nchr
 0001:00014B2C  Idle _print_stupid_shit
 0001:00008FB3  Idle _print_system_fucked
 0001:00014A74  Idle _print_system_identification
 0001:00008F8F  Idle _print_system_intact_message
 0001:000199D1  Idle _print_system_login
 0001:00023F71  Idle _print_system_passwords
 0001:000129DF       _print_sys_mesg
 0001:000161AE  Idle _print_to_all_with_priv
 0001:00020996  Idle _print_user_config_menu
 0001:00003B8C  Idle _print_user_time_pri
 0001:00022A92  Idle _print_verbose_commands
 0001:0002249D  Idle _print_watchers
 0001:00027FE9  Idle _private
 0001:00031308  Idle _process_ansi_key
 0001:00019AC7  Idle _process_connect
 0001:00019AFB  Idle _process_date
 0001:00019B3B  Idle _process_message
 0001:00019B51  Idle _process_name
 0001:00019B25  Idle _process_number
 0001:0001C8E7  Idle _process_packet
 0001:00019B67  Idle _process_ring
 0001:00019B0F  Idle _process_time
 0001:00013906       _prompt_get_string
 0001:0000C35D  Idle _proto_close_file
 0001:0000C40A  Idle _proto_file_length
 0001:0000C2FE  Idle _proto_open_file
 0001:0000C36D  Idle _proto_read_buffer
 0001:0000C651  Idle _proto_remove_file
 0001:0000C3CF  Idle _proto_write_buffer
 0001:000220FE  Idle _psudo_call
 0001:00037650       _putc
 0001:00037691  Idle _putchar
 0001:00037041       _puttext
 0001:000090B4  Idle _put_back_checksum_file
 0001:00008FF5  Idle _put_back_exe_file
 0001:00002984       _put_char_in_buffer_keyboard
 0001:00009C12       _put_char_in_buffer_os2
 0001:0002A835       _put_in_input_buf
 0001:0002CF13  Idle _put_message_in_bbs
 0001:0002AA57       _queue_char
 0001:00029EFC  Idle _quick_shut_down
 0001:000029F8  Idle _quit_button_target
 0001:0003CD60       _raise
 0001:00031F59       _raw_date_field
[...]
 0001:0002DD43  Idle _grab_all_available_memory
 0001:0002DDE1  Idle _allocate_some_memory
 0001:0002DEB8  Idle _free_some_memory
 0001:0002DF1B       _g_malloc_main_only
 0001:0002DF71       _g_malloc
 0001:0002DFC7       _g_malloc_with_owner
 0001:0002E01B  Idle _g_free_from_who
 0001:0002E06B       _g_free
 0001:0002E0BB  Idle _g_transfer
 0001:0002E120  Idle _g_keep_memory
 0001:0002E185       _g_free_all_handles
 0001:0002E240  Idle _g_owns_memory
 0001:0002E28B  Idle _find_file_pointer
 0001:0002E2D1  Idle _add_file_entry
 0001:0002E371  Idle _delete_file_entry
 0001:0002E3D4  Idle _checkblacklist
 0001:0002E48B       _g_fopen
 0001:0002E4DE       _g_fopen_excl
 0001:0002E780       _g_fclose
 0001:0002E819  Idle _g_ftransfer
 0001:0002E897  Idle _g_flush
 0001:0002E8DE  Idle _g_owns_file
 0001:0002E92C  Idle _getfree
 0001:0002E971  Idle _asctonum
 0001:0002E9A8  Idle _help_cmds
 0001:0002E9F8  Idle _compose_pathname_with_path
 0001:0002EB1D  Idle _letter_to_drive
 0001:0002EB4B  Idle _change_directory
 0001:0002ECEC  Idle _list_files
 0001:0002F03F  Idle _erase_files
 0001:0002F222  Idle _show_file
 0001:0002F2B3  Idle _pathcat_n
 0001:0002F32C  Idle _dos_edit_file
 0001:0002F3FE  Idle _make_dir
 0001:0002F472  Idle _remove_dir
 0001:0002F4E6  Idle _dos_copy_file_function
 0001:0002F5FD  Idle _copy_files
 0001:0002F849  Idle _rename_move_files
 0001:0002FA76  Idle _send_xmodem
 0001:0002FAF7  Idle _send_ymodem
 0001:0002FBEA  Idle _receive_ymodem
 0001:0002FCCA  Idle _receive_xmodem
 0001:0002FD4F       _dos_entry
 0001:0002FF38  Idle _find_free_user_number
 0001:0002FF5E       _verbose_get_yes_no
 0001:0002FFF7  Idle _nu_string_prompt
 0001:00030045  Idle _nu_fix_phone
 0001:000300AA       _nu_print_phone
 0001:00030121  Idle _nu_get_date_string
 0001:000301F9       _nu_get_phone
 0001:00030377       _nu_phone_prompt
 0001:000303BF       _nu_print_date
 0001:00030469       _nu_get_date
 0001:000306A0  Idle _nu_date_prompt
 0001:000306F4  Idle _nu_get_number
 0001:0003079B  Idle _new_user_application
 0001:0003085A  Idle _add_to_validation_queue
 0001:0003088C  Idle _nu_get_password
 0001:00030991  Idle _set_startup_class_information
 0001:000309B6  Idle _new_user_app_common
 0001:00030CFC       _new_user_app_command
 0001:00030D36       _new_user_app
 0001:00030DBE       _online_validation
 0001:00031308  Idle _process_ansi_key
 0001:00031313  Idle _paint_dirty_ansi
 0001:00031348       _paint_info_row
 0001:000313AA  Idle _find_hotkey_match
 0001:000313EB  Idle _show_help
 0001:000314C9  Idle _erase_help
 0001:0003154C  Idle _refresh_changed_data
 0001:000315B5       _do_menu_ansi
 0001:00031926  Idle _print_masked_string
 0001:00031956       _string_field
 0001:00031B7C       _phone_field
 0001:00031D02       _date_field
 0001:00031F59       _raw_date_field
 0001:00032159       _clear_date_field
 0001:00032265       _button_field
 0001:000323AC  Idle _print_main_feedback_menu
 0001:00032448       _extended_feedback
 0001:0003287C  Idle _init_except
 0001:000328AF  Idle _dump_task_info
 0001:000329F7  Idle _dump_system_list
 0001:00033145  Idle _broadcast_node_crash
 0001:00033187       ExceptionHandler
 0001:00033600  Idle _asctonum_long
 0001:0003363E  Idle _super
 0001:00033678  Idle _get_yes_or_no
 0001:00033703  Idle _filesec_get_number
 0001:00033781  Idle _get_pr_string
 0001:000337FF  Idle _init_batch_files
 0001:00033834  Idle _asctonum_move
 0001:0003387C  Idle _print_justified
 0001:000338B4  Idle _edit_filesection_options
 0001:00033A9F  Idle _load_filesection_options
 0001:00033B2D  Idle _save_filesection_options
 0001:00033B7D  Idle _load_filesection
 0001:00033C8D  Idle _save_filesection
 0001:00033D10  Idle _edit_filesection
 0001:00033FB9  Idle _change_filesection
 0001:00034110  Idle _load_file_entry
 0001:000341A6  Idle _save_file_entry
 0001:00034229  Idle _add_save_file_entry
 0001:000342E0  Idle _edit_file_entry
 0001:00034542  Idle _load_file_entry_no_open
 0001:0003457F  Idle _list_file_entries
 0001:00034872  Idle _add_a_file_entry
 0001:000348EB  Idle _list_file_command
 0001:0003498C  Idle _enter_file_number
 0001:00034A38  Idle _edit_a_file_entry
 0001:00034A9B  Idle _compose_file_path
 0001:00034ABD  Idle _activate_file_entry
 0001:00034CB0  Idle _compress_filesection
 0001:00034E59  Idle _choose_protocol
 0001:00034E95  Idle _list_batch
 0001:00034FF3  Idle _remove_junk
 0001:00035024  Idle _send_protocol
 0001:000352F5  Idle _receive_protocol
 0001:00035595  Idle _get_information
 0001:00035605       _filesec_entry
 0001:00035AD0       __abort
 0001:00035AE2       _abort
 0001:00035AF0       __allocbuf
 0001:00035B80       _atol
 0001:00035C11  Idle _atoi
 0001:00035C20       _textcolor
 0001:00035C3B       _textbackground
 0001:00035C59       _textattr
 0001:00035C68       _highvideo
 0001:00035C70       _lowvideo
 0001:00035C78       _normvideo
 0001:00035C90       _cprintf
 0001:00035D8E       ___cputn
 0001:00035EE0       __atime
 0001:00035F3E       _asctime
 0001:00035F63  Idle _ctime
 0001:00035F88       ___realcvt
 0001:00035F8E       ___nextreal
 0001:00035F94       __scantod
 0001:00035F9A       __scanrslt
 0001:00035FD0       ___errno
 0001:0003603F       __setexc
 0001:0003605F       __unsetexc
 0001:00036071  Idle __SetUserHandler
 0001:00036086  Idle __unsetuserhandler
 0001:00036091  Idle __init_except
 0001:000360B8  Idle __exit_except
 0001:0003614E       _exit
 0001:00036161       __exit
 0001:00036174  Idle __cexit
 0001:00036180  Idle __c_exit
 0001:00036190       _fclose
 0001:00036238       _fdopen
 0001:00036240       _fflush
 0001:000362F0       _fgets
 0001:00036420       _findfirst
 0001:0003644D       _findnext
 0001:00036474       _flushall
 0001:00036480       __initfmode
 0001:00036580       ___openfp
 0001:0003662A       ___getfp
 0001:00036668       _fopen
 0001:000366A0       _fprintf
 0001:000366D0       ___fputn
 0001:000367C0       _fputs
 0001:0003695A       _fread
 0001:000369B0       _fscanf
 0001:00036A79       _fseek
 0001:00036AFF       _ftell
 0001:00036B90       _fwrite
 0001:00036BE0       _getcwd
 0001:00036C00       _getenv
 0001:00036C70       __getmem
 0001:00036F46  Idle _gmtime
 0001:00036F5A       _localtime
 0001:00036F80       _gotoxy
 0001:00036FE0       _gettext
 0001:00037041       _puttext
 0001:000370B0       __lock_heap
 0001:000370C1       __unlock_heap
 0001:00037125       _free
 0001:000371CA       __same_seg
 0001:000371FA       __heapadd
 0001:000372CD       _malloc
 0001:000374D0  Idle _isalnum
 0001:000374E4  Idle _isascii
 0001:000374FB  Idle _isalpha
 0001:0003750F  Idle _iscntrl
 0001:00037523  Idle _isdigit
 0001:00037537  Idle _isgraph
 0001:0003755B  Idle _islower
 0001:0003756F  Idle _isprint
 0001:00037593  Idle _ispunct
 0001:000375A7  Idle _isspace
 0001:000375BB  Idle _isupper
 0001:000375CF  Idle _isxdigit
 0001:000375E3       _getc
 0001:00037618  Idle _getchar
 0001:00037650       _putc
 0001:00037691  Idle _putchar
 0001:000376DF  Idle _feof
 0001:000376F0  Idle _ferror
 0001:000377B1       __fgetc
 0001:000377C4       __lgetc
 0001:000378C0       ___longtoa
 0001:00037974       ___utoa
 0001:00037990       __lputc
 0001:00037AC0       _memchr
 0001:00037AE0       _memcmp
 0001:00037B24       _memcpy
 0001:00037B4C       _memmove
 0001:00037B98       _memset
 0001:00037BD0       ___mkname
 0001:00037C1C       ___tmpnam
 0001:00037C60       _mktime
 0001:00037CC0       _perror
 0001:00037D30       _printf
 0001:00037D70  Idle __expand
 0001:00037EE4       _realloc
 0001:00038055  Idle __msize
 0001:00038074       _remove
 0001:00038080       __scanner
 0001:00038840       __scantol
 0001:00038D06       __addarg
 0001:00038DB0       _setvbuf
 0001:00038E56       _sprintf
 0001:00038E78  Idle _vsprintf
 0001:00038EDE       __create_shmem
 0001:00038F62       __init_exit_proc
 0001:0003901F       __startup
 0001:00039143       __cleanup
 0001:000391EF       __terminate
 0001:00039203       __lock_exit
 0001:00039214       __unlock_exit
 0001:00039228       _strcat
 0001:00039268       _strchr
 0001:00039294       _strcmp
 0001:000392C4       _strcpy
 0001:00039300       __init_streams
 0001:000393EB       __lock_all_streams
 0001:000393FC       __unlock_all_streams
 0001:0003940D       __lock_stream
 0001:000394B7       __unlock_stream
 0001:0003955C       __strerror
 0001:00039573  Idle _strerror
 0001:00039590       _strftime
 0001:00039BD8       _strlen
 0001:00039BF4       _strncat
 0001:00039C44       _strncmp
 0001:00039C80       _strncpy
 0001:00039CE0       _strrchr
 0001:00039D20       _strstr
 0001:00039E20       _toupper
 0001:00039E50  Idle _tzset
 0001:00039FD9       __isDST
 0001:0003A14B       __totalsec
 0001:0003A320       _ungetc
 0001:0003A380       ___validatexy
 0001:0003A470       _gettextinfo
 0001:0003A541       ___vprinter
 0001:0003AE00       _wherex
 0001:0003AE10       _wherey
 0001:0003AE20       _window
 0001:0003AEA0       __xfclose
 0001:0003AEE0       __xfflush
 0001:0003AF30       __fdopen
 0001:0003AF80       __flushall
 0001:0003AFD0       __fputc
 0001:0003AFF0       __stpcpy
 0001:0003B020       __umask
 0001:0003B040       ___eof
 0001:0003B163       ___read
 0001:0003B3A6       ___write
 0001:0003B4A0       __clear87
 0001:0003B4B8       __control87
 0001:0003B4E4       __fpreset
 0001:0003B500       __initmatherr
 0001:0003B520       _fgetc
 0001:0003B550       _fputc
 0001:0003B580       __thread_buf
 0001:0003B5E0       __matherr
 0001:0003B620       __matherrl
 0001:0003B670       __initwild
 0001:0003B680  Idle __chdrive
 0001:0003B6A7       __getdrive
 0001:0003B6E0       _clrscr
 0001:0003BD7C       __crtinit
 0001:0003BF81       __dos_findfirst
 0001:0003C037       __dos_findnext
 0001:0003C0D0       __ErrorMessage
 0001:0003C11A  Idle ___ErrorMessage
 0001:0003C129       __ErrorExit
 0001:0003C140       _getcurdir
 0001:0003C180       __getdcwd
 0001:0003C250       _getdfree
 0001:0003C2A0       _getdisk
 0001:0003C2CD  Idle _setdisk
 0001:0003C320       __lock_all_handles
 0001:0003C331       __unlock_all_handles
 0001:0003C342       __lock_handle
 0001:0003C3E0       __unlock_handle
 0001:0003C4C4       __init_handles
 0001:0003C5F0  Idle ___doserrno
 0001:0003C5F9       ___IOerror
 0001:0003C646       ___DOSerror
 0001:0003C660       _mkdir
 0001:0003C690       ___movecursor
 0001:0003C720       _rename
 0001:0003C760       _rmdir
 0001:0003C790       ___scroll
 0001:0003C908       __SetExceptionHandler
 0001:0003C90D       __UnsetExceptionHandler
 0001:0003C912       __UnwindException
 0001:0003C920       __lock_env
 0001:0003C931       __unlock_env
 0001:0003CCA4       _signal
 0001:0003CD60       _raise
 0001:0003CE20       _time
 0001:0003CE80       __virt_reserve
 0001:0003CEBD       __virt_commit
 0001:0003CF01       __virt_decommit
 0001:0003CF73       ___putline
 0001:0003D018       ___getline
 0001:0003D039       ___moveline
 0001:0003D080       __getpid
 0001:0003D0B0       __read
 0001:0003D0F0       __wherex
 0001:0003D191       __wherey
 0001:0003D1D0       __write
 0001:0003D210       ___access
 0001:0003D270       ___close
 0001:0003D2D0       ___isatty
 0001:0003D320       ___lseek
 0001:0003D3C0       ___open
 0001:0003D580       ___unlink
 0001:0003D5C0       __create_lock
 0001:0003D5E4       __lock
 0001:0003D604       __unlock
 0001:0003D622       __lock_error
 0001:0003D650       __thread_data
 0001:0003D65C       __thread_data_tid
 0001:0003D811       __beginthread
 0001:0003D887  Idle __endthread
 0001:0003D8A4       ___threadid
 0003:0000002B       __c0_heaps
 0003:0000002F       __c0_nheaps
 0003:00000048       __os2hmod
 0003:00000324  Idle _cur_console
 0003:00000328  Idle _is_mono
 0003:0000032C  Idle _color_lookup
 0003:00000418  Idle _um_main_prompt
 0003:00000438  Idle _edit_user_prompt
 0003:00000457  Idle _real_name_field_info
 0003:00000464  Idle _handle_field_info
 0003:00000471  Idle _password_field_info
 0003:0000047E  Idle _address_field_info
 0003:0000048B  Idle _banner_field_info
 0003:00000B4D  Idle _class_field_info
 0003:00000B5A  Idle _class_field_info_no_edit
 0003:000023A4  Idle _userfile
 0003:000023AD  Idle _classfile
 0003:000023B7  Idle _user_member_list
 0003:000023C8  Idle _sysop_member_list
 0003:00002C90  Idle _emm_page_mapping
 0003:00002CB0  Idle _last_pid
 0003:00002CB4       _dans_counter
 0003:00002CB8       _tasking
 0003:00002CB9  Idle _timer_section
 0003:00002CBA  Idle _num_task_switches
 0003:00002CBE       _max_task_switches
 0003:00002CC2       _system_load
 0003:00002CC6  Idle _tswitch_lookup_ready
 0003:00003694  Idle _flag
 0003:00003708  Idle _info_string
 0003:00003733       _by_line
 0003:00003753       _ginsutalk_line
 0003:0000375D       _copyright_mesg
 0003:00003796       _po_box_line
 0003:000037A4       _glenview_il
 0003:000037B7       _system_startup
 0003:000037C6       _company_name
 0003:000037D9       _nuke_greenhouse
 0003:00003824       _information_question
 0003:00003878       _num_schedule
 0003:0000387C  Idle _next_scheduled_event
 0003:00003880  Idle _which_next_event_id
 0003:00003884  Idle _next_id
 0003:00003888  Idle _rotate_file
 0003:00003899  Idle _rotator_on
 0003:00003FBC  Idle _crctab
 0003:00004C1C  Idle _ddial_commands
 0003:00004F1C       _system_arrow
 0003:00004F21  Idle _ascii_convtable
 0003:00004FA2  Idle _barred_controls
 0003:0000502C       _vt100_key_list
 0003:000050E0  Idle _pc
 0003:000050E4  Idle _gtalk_exit_now
 0003:000050E8  Idle _pipe_server
 0003:000050EC  Idle _dv_loaded
 0003:000050ED  Idle _multitasking_os
 0003:000050EE  Idle _os_type
 0003:000050EF  Idle _num_ports_loaded
 0003:000050F3  Idle _num_consoles_loaded
 0003:000050F7  Idle _initial_serial_config_file
 0003:00005102       _serial_config_file
 0003:00005106  Idle _start_win_data
 0003:0000520E  Idle _start_scrn_data
 0003:000052D6  Idle _have_ems
 0003:000052D7  Idle _have_com
 0003:000052D8  Idle _have_local_os2_video
 0003:000052D9  Idle _have_key_int
 0003:000052DA  Idle _have_error
 0003:000052DB  Idle _have_break
 0003:000052DC  Idle _SaveStdOut
 0003:000052E0  Idle _SaveStdErr
 0003:000052E4       _compile_time
 0003:000052ED       _compile_date
 0003:00005DF4       _backspacestring
 0003:00005DF8  Idle _welcome
 0003:00005E0A  Idle _cr_lf
 0003:00005E4F  Idle _modem_results
 0003:00005EBF  Idle _guest_login_checks
 0003:00005ED3  Idle _user_login_checks
 0003:00005F13       _version_title
 0003:00006D0C  Idle _sys_glinks_ready
 0003:00006D0D  Idle _packet_start
 0003:00006F20  Idle _file_dir
 0003:00006F27  Idle _file_list
 0003:00006F30  Idle _help_dir
 0003:00006F38  Idle _help_list
 0003:00007088  Idle _valid_class_chars
 0003:000070AF  Idle _conv_to_6bit
 0003:00007478  Idle _illegal_command
 0003:0000748F       _NotOnLine
 0003:0000749B       _NodeOutOfRange
 0003:000074AD       _InvalidFormat
 0003:000074C4  Idle _InvalidCommand
 0003:000074E7  Idle _InvalidSyntax
 0003:000074F6  Idle _ON_str
 0003:000074FA  Idle _OFF_str
 0003:000074FE  Idle _commands
 0003:00007C7E  Idle _board_types
 0003:0000B530       _max_channels
 0003:0000C0D0       _mem_handles
 0003:0000C0D4       _file_handles
 0003:0000C0D8  Idle _fileblacklist
 0003:0000C118  Idle _alloc_sem_owner
 0003:0000C11C  Idle _mode_table
 0003:0000C1B8  Idle _spincursor
 0003:0000C378  Idle _cmd_list
 0003:0000D2D0  Idle _menu_info
 0003:0000DA04  Idle _file_sec_config_file
 0003:0000E844       __ctype
 0003:0000E94C       __realcvtptr
 0003:0000E950       __nextrealptr
 0003:0000E954       __scantodptr
 0003:0000E958       __scanrsltptr
 0003:0000E9B4       __default87
 0003:0000E9B8       __stkchk
 0003:0000E9CC       __atexitcnt
 0003:0000E9D0       __exitbuf
 0003:0000E9D4       __exitfopen
 0003:0000E9D8  Idle __exitopen
 0003:0000E9DC       __streams
 0003:0000ED9C       __nfile
 0003:0000EDA0       __openfd
 0003:0000EE40       __fmodeptr
 0003:0000EE44       __heap_brk
 0003:0000EE48  Idle __heap_top
 0003:0000EE90       __sys_errlist
 0003:0000F38C       __setargv__
 0003:0000F390  Idle __expandptr
 0003:0000F53C       __SWeekday
 0003:0000F558       __LWeekday
 0003:0000F574       __SMonth
 0003:0000F5A4       __LMonth
 0003:0000F5D4       __AmPm
 0003:0000F5DC       __Days
 0003:0000F5E8       __YDays
 0003:0000F704       _tzname
 0003:0000F70C       _timezone
 0003:0000F710       _daylight
 0003:0000F790       __wscroll
 0003:0000F794       __cfinfo_get
 0003:0000F798       __cfinfo_value
 0003:0000F79C       __cfinfo_name
 0003:0000F7B0       __notUmask
 0003:0000F7B4       __pmatherr
 0003:0000F7B8       __pmatherrl
 0003:0000F7BC       __fmode
 0003:0000F7D8       __video
 0003:0000F7E7  Idle _directvideo
 0003:0000F928  Idle __dosErrorToSV
 0003:0000FA5C  Idle __setenvp__
 0003:0000FBA4       _is_a_console
 0003:0000FBD6  Idle _base_seg
 0003:0000FBDA  Idle _cur_pos1
 0003:0000FBDE  Idle _cur_pos2
 0003:0000FBE2  Idle _screens
 0003:000100A2  Idle _port_screen
 0003:0001016A  Idle _local_os2_video
 0003:000101B4       _user_lines
 0003:0001AAB0       _user_options
 0003:0001F268  Idle _switchTasks
 0003:0001F26C       _numTasksOpen
 0003:0001F270  Idle _task_fast
 0003:0001F338       _tasks
 0003:0001FCCA  Idle _begin_task_struct
 0003:0001FCCE  Idle _end_task_struct
 0003:0001FCD2  Idle _lock_dos_offset
 0003:0001FCD6  Idle _oldss
 0003:0001FCDA  Idle _oldsp
 0003:0001FCDE  Idle _old_tswitch
 0003:0001FCE2  Idle _curMaxTasks
 0003:0001FCE6  Idle _semaphores
 0003:0001FDE6  Idle _dontKeepNextTask
 0003:0001FDEA  Idle _lock_dos_record
 0003:0001FE2C       _schedule_data
 0003:0001FEF4       _schedule
 0003:00020368  Idle _rotator_bit_array
 0003:000203E8  Idle _rotator_delay
 0003:000203EC  Idle _cur_rot_message
 0003:000203F0  Idle _last_rot_message
 0003:000203F4  Idle _rotator_id
 0003:000203F8       _abuf_status
 0003:000208A8  Idle _ext_mode
 0003:000209D4       _os_name
 0003:00020A10  Idle _major_version
 0003:00020A11  Idle _minor_version
 0003:00020A12  Idle _pipe_handle
 0003:00020A16  Idle _old_break_value
 0003:00020A1C       _line_status
 0003:00023320       _sync_status
 0003:00023514       _server
 0003:00023518       _timeout_server
 0003:0002351C       _sys_info
 0003:00023755       _sys_toggles
 0003:00023770       _system_number
 0003:00023776  Idle _number_till_core
 0003:0002377C  Idle _sys_glinks
 0003:0002390A  Idle _this_system
 0003:00023914  Idle _conv_from_6bit
 0003:00023994       _port
 0003:00026E14       _port_fast
 0003:00026E8C  Idle _port_input
 0003:0002E88A       _num_ports
 0003:0002E88E  Idle _a_chars_in_buffer
 0003:0002E906       _a_dcd_detect
 0003:0002E97E  Idle _a_put_char_in_buffer
 0003:0002E9F6       _a_get_char
 0003:0002EA6E       _a_send_char
 0003:0002EAE6       _a_send_chars
 0003:0002EB5E       _a_empty_inbuffer
 0003:0002EBD6       _a_char_in_buf
 0003:0002EC4E       _a_get_first_char
 0003:0002ECC6       _a_get_nchar
 0003:0002ED3E       _a_wait_for_xmit
 0003:0002EDB6       _a_empty_outbuffer
 0003:0002EE2E       _a_change_dtr_state
 0003:0002EEA8       _channels
 0003:0002FD90       _mem_array
 0003:0003081C       _file_array
 0003:00030FC4  Idle _alloc_sem
 0003:00030FC8  Idle _filesec_ops
 0003:00031008       __HandlerPtr
 0003:0003100C  Idle __UserHandlerPtr
 0003:00031010       __atexittbl
 0003:00031090       __pidtab
 0003:00031130  Idle __free_dummy
 0003:00031140       __free_list
 0003:00031144       __rover
 0003:00031148  Idle __heap_lock
 0003:0003114C       __heaps
 0003:0003134C       __nheaps
 0003:00031358       __tmpnum
 0003:00031360  Idle __argc
 0003:00031364  Idle __argv
 0003:0003136C       __dll_table
 0003:00031374       __ExcRegPtr
 0003:00031378       __osenv
 0003:0003137C       __oscmd
 0003:00031384       __C0argc
 0003:00031388       __C0argv
 0003:0003138C       __C0environ
 0003:00031398       __stkbase
 0003:000313AC  Idle __LastMode
 0003:000313B0  Idle __C4350Mode
 0003:000313BC  Idle _hdir_lock
 0003:000313CC       _environ
 0003:000313D0  Idle __env_lock
